Archive member included to satisfy reference by file (symbol)

C:/PROGRA~2/ARMGNU~1/133167~1.3RE/bin/../lib/gcc/arm-none-eabi/13.3.1/thumb/v6-m/nofp\libgcc.a(_dvmd_tls.o)
                              CMakeFiles/usart.dir/C_/Users/ktkuru/Documents/Pico_SDK_v1.5.1/pico-sdk/src/rp2_common/pico_divider/divider.S.obj (__aeabi_idiv0)
C:/PROGRA~2/ARMGNU~1/133167~1.3RE/bin/../lib/gcc/arm-none-eabi/13.3.1/thumb/v6-m/nofp\libg.a(libc_a-calloc.o)
                              CMakeFiles/usart.dir/C_/Users/ktkuru/Documents/Pico_SDK_v1.5.1/pico-sdk/src/rp2_common/pico_malloc/pico_malloc.c.obj (calloc)
C:/PROGRA~2/ARMGNU~1/133167~1.3RE/bin/../lib/gcc/arm-none-eabi/13.3.1/thumb/v6-m/nofp\libg.a(libc_a-callocr.o)
                              C:/PROGRA~2/ARMGNU~1/133167~1.3RE/bin/../lib/gcc/arm-none-eabi/13.3.1/thumb/v6-m/nofp\libg.a(libc_a-calloc.o) (_calloc_r)
C:/PROGRA~2/ARMGNU~1/133167~1.3RE/bin/../lib/gcc/arm-none-eabi/13.3.1/thumb/v6-m/nofp\libg.a(libc_a-malloc.o)
                              CMakeFiles/usart.dir/C_/Users/ktkuru/Documents/Pico_SDK_v1.5.1/pico-sdk/src/rp2_common/pico_malloc/pico_malloc.c.obj (malloc)
C:/PROGRA~2/ARMGNU~1/133167~1.3RE/bin/../lib/gcc/arm-none-eabi/13.3.1/thumb/v6-m/nofp\libg.a(libc_a-mallocr.o)
                              C:/PROGRA~2/ARMGNU~1/133167~1.3RE/bin/../lib/gcc/arm-none-eabi/13.3.1/thumb/v6-m/nofp\libg.a(libc_a-callocr.o) (_malloc_r)
C:/PROGRA~2/ARMGNU~1/133167~1.3RE/bin/../lib/gcc/arm-none-eabi/13.3.1/thumb/v6-m/nofp\libg.a(libc_a-mlock.o)
                              C:/PROGRA~2/ARMGNU~1/133167~1.3RE/bin/../lib/gcc/arm-none-eabi/13.3.1/thumb/v6-m/nofp\libg.a(libc_a-mallocr.o) (__malloc_lock)
C:/PROGRA~2/ARMGNU~1/133167~1.3RE/bin/../lib/gcc/arm-none-eabi/13.3.1/thumb/v6-m/nofp\libg.a(libc_a-realloc.o)
                              CMakeFiles/usart.dir/C_/Users/ktkuru/Documents/Pico_SDK_v1.5.1/pico-sdk/src/rp2_common/pico_malloc/pico_malloc.c.obj (realloc)
C:/PROGRA~2/ARMGNU~1/133167~1.3RE/bin/../lib/gcc/arm-none-eabi/13.3.1/thumb/v6-m/nofp\libg.a(libc_a-reallocr.o)
                              C:/PROGRA~2/ARMGNU~1/133167~1.3RE/bin/../lib/gcc/arm-none-eabi/13.3.1/thumb/v6-m/nofp\libg.a(libc_a-realloc.o) (_realloc_r)
C:/PROGRA~2/ARMGNU~1/133167~1.3RE/bin/../lib/gcc/arm-none-eabi/13.3.1/thumb/v6-m/nofp\libg.a(libc_a-memmove.o)
                              C:/PROGRA~2/ARMGNU~1/133167~1.3RE/bin/../lib/gcc/arm-none-eabi/13.3.1/thumb/v6-m/nofp\libg.a(libc_a-reallocr.o) (memmove)
C:/PROGRA~2/ARMGNU~1/133167~1.3RE/bin/../lib/gcc/arm-none-eabi/13.3.1/thumb/v6-m/nofp\libg.a(libc_a-impure.o)
                              C:/PROGRA~2/ARMGNU~1/133167~1.3RE/bin/../lib/gcc/arm-none-eabi/13.3.1/thumb/v6-m/nofp\libg.a(libc_a-calloc.o) (_impure_ptr)
C:/PROGRA~2/ARMGNU~1/133167~1.3RE/bin/../lib/gcc/arm-none-eabi/13.3.1/thumb/v6-m/nofp\libg.a(libc_a-sbrkr.o)
                              C:/PROGRA~2/ARMGNU~1/133167~1.3RE/bin/../lib/gcc/arm-none-eabi/13.3.1/thumb/v6-m/nofp\libg.a(libc_a-mallocr.o) (_sbrk_r)
C:/PROGRA~2/ARMGNU~1/133167~1.3RE/bin/../lib/gcc/arm-none-eabi/13.3.1/thumb/v6-m/nofp\libg.a(libc_a-errno.o)
                              C:/PROGRA~2/ARMGNU~1/133167~1.3RE/bin/../lib/gcc/arm-none-eabi/13.3.1/thumb/v6-m/nofp\libg.a(libc_a-callocr.o) (__errno)
C:/PROGRA~2/ARMGNU~1/133167~1.3RE/bin/../lib/gcc/arm-none-eabi/13.3.1/thumb/v6-m/nofp\libg.a(libc_a-init.o)
                              C:/PROGRA~2/ARMGNU~1/133167~1.3RE/bin/../lib/gcc/arm-none-eabi/13.3.1/thumb/v6-m/nofp/crt0.o (__libc_init_array)
C:/PROGRA~2/ARMGNU~1/133167~1.3RE/bin/../lib/gcc/arm-none-eabi/13.3.1/thumb/v6-m/nofp\libg.a(libc_a-lock.o)
                              C:/PROGRA~2/ARMGNU~1/133167~1.3RE/bin/../lib/gcc/arm-none-eabi/13.3.1/thumb/v6-m/nofp\libg.a(libc_a-mlock.o) (__retarget_lock_acquire_recursive)
C:/PROGRA~2/ARMGNU~1/133167~1.3RE/bin/../lib/gcc/arm-none-eabi/13.3.1/thumb/v6-m/nofp\libg.a(libc_a-sysconf.o)
                              C:/PROGRA~2/ARMGNU~1/133167~1.3RE/bin/../lib/gcc/arm-none-eabi/13.3.1/thumb/v6-m/nofp\libg.a(libc_a-mallocr.o) (sysconf)
C:/PROGRA~2/ARMGNU~1/133167~1.3RE/bin/../lib/gcc/arm-none-eabi/13.3.1/thumb/v6-m/nofp\libg.a(libc_a-strlen-stub.o)
                              CMakeFiles/usart.dir/C_/Users/ktkuru/Documents/Pico_SDK_v1.5.1/pico-sdk/src/rp2_common/pico_stdio/stdio.c.obj (strlen)
C:/PROGRA~2/ARMGNU~1/133167~1.3RE/bin/../lib/gcc/arm-none-eabi/13.3.1/thumb/v6-m/nofp\libg.a(libc_a-freer.o)
                              C:/PROGRA~2/ARMGNU~1/133167~1.3RE/bin/../lib/gcc/arm-none-eabi/13.3.1/thumb/v6-m/nofp\libg.a(libc_a-malloc.o) (_free_r)
C:/PROGRA~2/ARMGNU~1/133167~1.3RE/bin/../lib/gcc/arm-none-eabi/13.3.1/thumb/v6-m/nofp\libg.a(libc_a-findfp.o)
                              C:/PROGRA~2/ARMGNU~1/133167~1.3RE/bin/../lib/gcc/arm-none-eabi/13.3.1/thumb/v6-m/nofp\libg.a(libc_a-impure.o) (__sf)
C:/PROGRA~2/ARMGNU~1/133167~1.3RE/bin/../lib/gcc/arm-none-eabi/13.3.1/thumb/v6-m/nofp\libg.a(libc_a-fwalk.o)
[...]
Memory Configuration

Name             Origin             Length             Attributes
FLASH            0x10000000         0x00200000         xr
RAM              0x20000000         0x00040000         xrw
SCRATCH_X        0x20040000         0x00001000         xrw
SCRATCH_Y        0x20041000         0x00001000         xrw
*default*        0x00000000         0xffffffff

Linker script and memory map

LOAD C:/PROGRA~2/ARMGNU~1/133167~1.3RE/bin/../lib/gcc/arm-none-eabi/13.3.1/thumb/v6-m/nofp/crti.o
LOAD C:/PROGRA~2/ARMGNU~1/133167~1.3RE/bin/../lib/gcc/arm-none-eabi/13.3.1/thumb/v6-m/nofp/crtbegin.o
LOAD C:/PROGRA~2/ARMGNU~1/133167~1.3RE/bin/../lib/gcc/arm-none-eabi/13.3.1/thumb/v6-m/nofp/crt0.o

.flash_begin    0x10000000        0x0
                0x10000000                        __flash_binary_start = .

.boot2          0x10000000      0x100
                0x10000000                        __boot2_start__ = .
 *(.boot2)
 .boot2         0x10000000      0x100 C:\Users\ktkuru\AppData\Local\Temp\ccuJO1rG.o
                0x10000100                        __boot2_end__ = .
                0x00000001                        ASSERT (((__boot2_end__ - __boot2_start__) == 0x100), ERROR: Pico second stage bootloader must be 256 bytes in size)

.text           0x10000100     0x44b8
                0x10000100                        __logical_binary_start = .
 *(.vectors)
 .vectors       0x10000100       0xd4 CMakeFiles/usart.dir/C_/Users/ktkuru/Documents/Pico_SDK_v1.5.1/pico-sdk/src/rp2_common/pico_standard_link/crt0.S.obj
                0x10000100                __VECTOR_TABLE
                0x10000100                __vectors
                0x100001c0                isr_invalid
                0x100001c0                __default_isrs_start
                0x100001c2                isr_nmi
                0x100001c4                isr_hardfault
                0x100001c6                isr_svcall
                0x100001c8                isr_pendsv
                0x100001ca                isr_systick
                0x100001cc                isr_irq23
                0x100001cc                isr_irq18
                0x100001cc                isr_irq11
                0x100001cc                isr_irq28
                0x100001cc                isr_irq19
                0x100001cc                isr_irq0
                0x100001cc                isr_irq6
                0x100001cc                isr_irq5
                0x100001cc                isr_irq12
                0x100001cc                isr_irq22
                0x100001cc                isr_irq31
                0x100001cc                isr_irq17
                0x100001cc                isr_irq27
                0x100001cc                isr_irq30
                0x100001cc                isr_irq2
                0x100001cc                isr_irq10
                0x100001cc                isr_irq8
                0x100001cc                isr_irq24
                0x100001cc                isr_irq1
                0x100001cc                isr_irq7
                0x100001cc                isr_irq21
                0x100001cc                isr_irq20
                0x100001cc                isr_irq15
                0x100001cc                isr_irq25
                0x100001cc                isr_irq13
                0x100001cc                __unhandled_user_irq
                0x100001cc                isr_irq4
                0x100001cc                isr_irq16
                0x100001cc                isr_irq29
                0x100001cc                isr_irq26
                0x100001cc                __default_isrs_end
                0x100001cc                isr_irq3
                0x100001cc                isr_irq14
                0x100001cc                isr_irq9
                0x100001d2                unhandled_user_irq_num_in_r0
 *(.binary_info_header)
 .binary_info_header
                0x100001d4       0x14 CMakeFiles/usart.dir/C_/Users/ktkuru/Documents/Pico_SDK_v1.5.1/pico-sdk/src/rp2_common/pico_standard_link/crt0.S.obj
                0x100001e8                        __binary_info_header_end = .
 *(.reset)
 .reset         0x100001e8       0xa0 CMakeFiles/usart.dir/C_/Users/ktkuru/Documents/Pico_SDK_v1.5.1/pico-sdk/src/rp2_common/pico_standard_link/crt0.S.obj
                0x100001e8                _entry_point
 .reset         0x10000288       0x30 CMakeFiles/usart.dir/C_/Users/ktkuru/Documents/Pico_SDK_v1.5.1/pico-sdk/src/rp2_common/pico_standard_link/binary_info.c.obj
 *(.init)
 .init          0x100002b8        0x4 C:/PROGRA~2/ARMGNU~1/133167~1.3RE/bin/../lib/gcc/arm-none-eabi/13.3.1/thumb/v6-m/nofp/crti.o
                0x100002b8                _init
 *(EXCLUDE_FILE(*libm.a: *libc.a:*lib_a-mem*.o *libgcc.a:) .text*)
 .text.register_tm_clones
                0x100002bc       0x28 C:/PROGRA~2/ARMGNU~1/133167~1.3RE/bin/../lib/gcc/arm-none-eabi/13.3.1/thumb/v6-m/nofp/crtbegin.o
 .text.frame_dummy
                0x100002e4       0x24 C:/PROGRA~2/ARMGNU~1/133167~1.3RE/bin/../lib/gcc/arm-none-eabi/13.3.1/thumb/v6-m/nofp/crtbegin.o
 .text.uart_putc
                0x10000308       0x60 CMakeFiles/usart.dir/usart.c.obj
 .text.uart_puts
                0x10000368       0x4a CMakeFiles/usart.dir/usart.c.obj
 *fill*         0x100003b2        0x2 
 .text.main     0x100003b4       0x48 CMakeFiles/usart.dir/usart.c.obj
                0x100003b4                main
 .text.gpio_set_function
                0x100003fc       0x30 CMakeFiles/usart.dir/C_/Users/ktkuru/Documents/Pico_SDK_v1.5.1/pico-sdk/src/rp2_common/hardware_gpio/gpio.c.obj
                0x100003fc                gpio_set_function
 .text.running_on_fpga
                0x1000042c       0x14 CMakeFiles/usart.dir/C_/Users/ktkuru/Documents/Pico_SDK_v1.5.1/pico-sdk/src/rp2_common/pico_platform/platform.c.obj
                0x1000042c                running_on_fpga
 .text.hw_claim_lock
                0x10000440       0x18 CMakeFiles/usart.dir/C_/Users/ktkuru/Documents/Pico_SDK_v1.5.1/pico-sdk/src/rp2_common/hardware_claim/claim.c.obj
                0x10000440                hw_claim_lock
 .text.hw_claim_unlock
                0x10000458       0x14 CMakeFiles/usart.dir/C_/Users/ktkuru/Documents/Pico_SDK_v1.5.1/pico-sdk/src/rp2_common/hardware_claim/claim.c.obj
                0x10000458                hw_claim_unlock
 .text.hw_claim_or_assert
                0x1000046c       0x32 CMakeFiles/usart.dir/C_/Users/ktkuru/Documents/Pico_SDK_v1.5.1/pico-sdk/src/rp2_common/hardware_claim/claim.c.obj
                0x1000046c                hw_claim_or_assert
 *fill*         0x1000049e        0x2 
 .text.spin_locks_reset
                0x100004a0       0x20 CMakeFiles/usart.dir/C_/Users/ktkuru/Documents/Pico_SDK_v1.5.1/pico-sdk/src/rp2_common/hardware_sync/sync.c.obj
                0x100004a0                spin_locks_reset
 .text.next_striped_spin_lock_num
                0x100004c0       0x1c CMakeFiles/usart.dir/C_/Users/ktkuru/Documents/Pico_SDK_v1.5.1/pico-sdk/src/rp2_common/hardware_sync/sync.c.obj
                0x100004c0                next_striped_spin_lock_num
 .text.set_raw_irq_handler_and_unlock
                0x100004dc       0x28 CMakeFiles/usart.dir/C_/Users/ktkuru/Documents/Pico_SDK_v1.5.1/pico-sdk/src/rp2_common/hardware_irq/irq.c.obj
 .text.resolve_branch
                0x10000504       0x30 CMakeFiles/usart.dir/C_/Users/ktkuru/Documents/Pico_SDK_v1.5.1/pico-sdk/src/rp2_common/hardware_irq/irq.c.obj
 .text.make_branch
                0x10000534       0x48 CMakeFiles/usart.dir/C_/Users/ktkuru/Documents/Pico_SDK_v1.5.1/pico-sdk/src/rp2_common/hardware_irq/irq.c.obj
 .text.insert_branch_and_link
                0x1000057c       0x40 CMakeFiles/usart.dir/C_/Users/ktkuru/Documents/Pico_SDK_v1.5.1/pico-sdk/src/rp2_common/hardware_irq/irq.c.obj
 .text.irq_is_enabled
                0x100005bc       0x18 CMakeFiles/usart.dir/C_/Users/ktkuru/Documents/Pico_SDK_v1.5.1/pico-sdk/src/rp2_common/hardware_irq/irq.c.obj
                0x100005bc                irq_is_enabled
 .text.irq_set_mask_enabled
                0x100005d4       0x20 CMakeFiles/usart.dir/C_/Users/ktkuru/Documents/Pico_SDK_v1.5.1/pico-sdk/src/rp2_common/hardware_irq/irq.c.obj
                0x100005d4                irq_set_mask_enabled
 .text.irq_set_enabled
                0x100005f4        0xe CMakeFiles/usart.dir/C_/Users/ktkuru/Documents/Pico_SDK_v1.5.1/pico-sdk/src/rp2_common/hardware_irq/irq.c.obj
                0x100005f4                irq_set_enabled
 *fill*         0x10000602        0x2 
 .text.irq_get_vtable_handler
                0x10000604       0x10 CMakeFiles/usart.dir/C_/Users/ktkuru/Documents/Pico_SDK_v1.5.1/pico-sdk/src/rp2_common/hardware_irq/irq.c.obj
                0x10000604                irq_get_vtable_handler
 .text.irq_set_exclusive_handler
                0x10000614       0x54 CMakeFiles/usart.dir/C_/Users/ktkuru/Documents/Pico_SDK_v1.5.1/pico-sdk/src/rp2_common/hardware_irq/irq.c.obj
                0x10000614                irq_set_exclusive_handler
 .text.irq_remove_handler
                0x10000668      0x188 CMakeFiles/usart.dir/C_/Users/ktkuru/Documents/Pico_SDK_v1.5.1/pico-sdk/src/rp2_common/hardware_irq/irq.c.obj
                0x10000668                irq_remove_handler
 .text.irq_add_tail_to_free_list
                0x100007f0       0xf0 CMakeFiles/usart.dir/C_/Users/ktkuru/Documents/Pico_SDK_v1.5.1/pico-sdk/src/rp2_common/hardware_irq/irq.c.obj
                0x100007f0                irq_add_tail_to_free_list
 .text.irq_init_priorities
                0x100008e0       0x1c CMakeFiles/usart.dir/C_/Users/ktkuru/Documents/Pico_SDK_v1.5.1/pico-sdk/src/rp2_common/hardware_irq/irq.c.obj
                0x100008e0                irq_init_priorities
 .text.lock_init
                0x100008fc       0x10 CMakeFiles/usart.dir/C_/Users/ktkuru/Documents/Pico_SDK_v1.5.1/pico-sdk/src/common/pico_sync/lock_core.c.obj
                0x100008fc                lock_init
 .text.mutex_init
                0x1000090c       0x1a CMakeFiles/usart.dir/C_/Users/ktkuru/Documents/Pico_SDK_v1.5.1/pico-sdk/src/common/pico_sync/mutex.c.obj
                0x1000090c                mutex_init
 .text.recursive_mutex_init
                0x10000926       0x1e CMakeFiles/usart.dir/C_/Users/ktkuru/Documents/Pico_SDK_v1.5.1/pico-sdk/src/common/pico_sync/mutex.c.obj
                0x10000926                recursive_mutex_init
 .text.time_reached
                0x10000944       0x28 CMakeFiles/usart.dir/C_/Users/ktkuru/Documents/Pico_SDK_v1.5.1/pico-sdk/src/common/pico_time/time.c.obj
 .text.get_entry
                0x1000096c       0x38 CMakeFiles/usart.dir/C_/Users/ktkuru/Documents/Pico_SDK_v1.5.1/pico-sdk/src/common/pico_time/time.c.obj
 .text.timer_pool_entry_comparator
                0x100009a4       0x2e CMakeFiles/usart.dir/C_/Users/ktkuru/Documents/Pico_SDK_v1.5.1/pico-sdk/src/common/pico_time/time.c.obj
                0x100009a4                timer_pool_entry_comparator
 *fill*         0x100009d2        0x2 
 .text.update_us_since_boot
                0x100009d4       0x24 CMakeFiles/usart.dir/C_/Users/ktkuru/Documents/Pico_SDK_v1.5.1/pico-sdk/src/common/pico_time/time.c.obj
 .text.delayed_by_us
                0x100009f8       0x34 CMakeFiles/usart.dir/C_/Users/ktkuru/Documents/Pico_SDK_v1.5.1/pico-sdk/src/common/pico_time/time.c.obj
 .text.ph_get_node
                0x10000a2c       0x30 CMakeFiles/usart.dir/C_/Users/ktkuru/Documents/Pico_SDK_v1.5.1/pico-sdk/src/common/pico_time/time.c.obj
 .text.ph_contains_node
                0x10000a5c       0x1e CMakeFiles/usart.dir/C_/Users/ktkuru/Documents/Pico_SDK_v1.5.1/pico-sdk/src/common/pico_time/time.c.obj
 .text.ph_new_node
                0x10000a7a       0x28 CMakeFiles/usart.dir/C_/Users/ktkuru/Documents/Pico_SDK_v1.5.1/pico-sdk/src/common/pico_time/time.c.obj
 *fill*         0x10000aa2        0x2 
 .text.ph_add_child_node
                0x10000aa4       0x6c CMakeFiles/usart.dir/C_/Users/ktkuru/Documents/Pico_SDK_v1.5.1/pico-sdk/src/common/pico_time/time.c.obj
 .text.ph_merge_nodes
                0x10000b10       0x3e CMakeFiles/usart.dir/C_/Users/ktkuru/Documents/Pico_SDK_v1.5.1/pico-sdk/src/common/pico_time/time.c.obj
 *fill*         0x10000b4e        0x2 
 .text.ph_insert_node
                0x10000b50       0x3c CMakeFiles/usart.dir/C_/Users/ktkuru/Documents/Pico_SDK_v1.5.1/pico-sdk/src/common/pico_time/time.c.obj
 .text.ph_free_node
                0x10000b8c       0x5c CMakeFiles/usart.dir/C_/Users/ktkuru/Documents/Pico_SDK_v1.5.1/pico-sdk/src/common/pico_time/time.c.obj
 .text.get_entry_id_high
                0x10000be8       0x30 CMakeFiles/usart.dir/C_/Users/ktkuru/Documents/Pico_SDK_v1.5.1/pico-sdk/src/common/pico_time/time.c.obj
 .text.alarm_pool_post_alloc_init
                0x10000c18       0x40 CMakeFiles/usart.dir/C_/Users/ktkuru/Documents/Pico_SDK_v1.5.1/pico-sdk/src/common/pico_time/time.c.obj
 .text.sleep_until_callback
                0x10000c58       0x30 CMakeFiles/usart.dir/C_/Users/ktkuru/Documents/Pico_SDK_v1.5.1/pico-sdk/src/common/pico_time/time.c.obj
 .text.get_absolute_time
                0x10000c88       0x22 CMakeFiles/usart.dir/C_/Users/ktkuru/Documents/Pico_SDK_v1.5.1/pico-sdk/src/common/pico_time/time.c.obj
 .text.make_timeout_time_us
                0x10000caa       0x24 CMakeFiles/usart.dir/C_/Users/ktkuru/Documents/Pico_SDK_v1.5.1/pico-sdk/src/common/pico_time/time.c.obj
 *fill*         0x10000cce        0x2 
 .text.add_alarm_under_lock
                0x10000cd0       0x94 CMakeFiles/usart.dir/C_/Users/ktkuru/Documents/Pico_SDK_v1.5.1/pico-sdk/src/common/pico_time/time.c.obj
 .text.alarm_pool_alarm_callback
                0x10000d64      0x210 CMakeFiles/usart.dir/C_/Users/ktkuru/Documents/Pico_SDK_v1.5.1/pico-sdk/src/common/pico_time/time.c.obj
 .text.alarm_pool_init_default
                0x10000f74       0x40 CMakeFiles/usart.dir/C_/Users/ktkuru/Documents/Pico_SDK_v1.5.1/pico-sdk/src/common/pico_time/time.c.obj
                0x10000f74                alarm_pool_init_default
 .text.alarm_pool_get_default
                0x10000fb4       0x2c CMakeFiles/usart.dir/C_/Users/ktkuru/Documents/Pico_SDK_v1.5.1/pico-sdk/src/common/pico_time/time.c.obj
                0x10000fb4                alarm_pool_get_default
 .text.alarm_pool_add_alarm_at
                0x10000fe0      0x10e CMakeFiles/usart.dir/C_/Users/ktkuru/Documents/Pico_SDK_v1.5.1/pico-sdk/src/common/pico_time/time.c.obj
                0x10000fe0                alarm_pool_add_alarm_at
 .text.add_alarm_at
                0x100010ee       0x2e CMakeFiles/usart.dir/C_/Users/ktkuru/Documents/Pico_SDK_v1.5.1/pico-sdk/src/common/pico_time/time.c.obj
 .text.alarm_pool_cancel_alarm
                0x1000111c       0xa8 CMakeFiles/usart.dir/C_/Users/ktkuru/Documents/Pico_SDK_v1.5.1/pico-sdk/src/common/pico_time/time.c.obj
                0x1000111c                alarm_pool_cancel_alarm
 .text.cancel_alarm
                0x100011c4       0x10 CMakeFiles/usart.dir/C_/Users/ktkuru/Documents/Pico_SDK_v1.5.1/pico-sdk/src/common/pico_time/time.c.obj
 .text.sleep_until
                0x100011d4       0xb0 CMakeFiles/usart.dir/C_/Users/ktkuru/Documents/Pico_SDK_v1.5.1/pico-sdk/src/common/pico_time/time.c.obj
                0x100011d4                sleep_until
 .text.sleep_us
                0x10001284       0x1a CMakeFiles/usart.dir/C_/Users/ktkuru/Documents/Pico_SDK_v1.5.1/pico-sdk/src/common/pico_time/time.c.obj
                0x10001284                sleep_us
 .text.sleep_ms
                0x1000129e       0x14 CMakeFiles/usart.dir/C_/Users/ktkuru/Documents/Pico_SDK_v1.5.1/pico-sdk/src/common/pico_time/time.c.obj
                0x1000129e                sleep_ms
 *fill*         0x100012b2        0x2 
 .text.best_effort_wfe_or_timeout
                0x100012b4       0x44 CMakeFiles/usart.dir/C_/Users/ktkuru/Documents/Pico_SDK_v1.5.1/pico-sdk/src/common/pico_time/time.c.obj
                0x100012b4                best_effort_wfe_or_timeout
 .text.update_us_since_boot
                0x100012f8       0x24 CMakeFiles/usart.dir/C_/Users/ktkuru/Documents/Pico_SDK_v1.5.1/pico-sdk/src/rp2_common/hardware_timer/timer.c.obj
 .text.hardware_alarm_irq_handler
                0x1000131c       0x8c CMakeFiles/usart.dir/C_/Users/ktkuru/Documents/Pico_SDK_v1.5.1/pico-sdk/src/rp2_common/hardware_timer/timer.c.obj
 .text.hardware_alarm_claim
                0x100013a8       0x18 CMakeFiles/usart.dir/C_/Users/ktkuru/Documents/Pico_SDK_v1.5.1/pico-sdk/src/rp2_common/hardware_timer/timer.c.obj
                0x100013a8                hardware_alarm_claim
 .text.time_us_64
                0x100013c0       0x18 CMakeFiles/usart.dir/C_/Users/ktkuru/Documents/Pico_SDK_v1.5.1/pico-sdk/src/rp2_common/hardware_timer/timer.c.obj
                0x100013c0                time_us_64
 .text.busy_wait_until
                0x100013d8       0x28 CMakeFiles/usart.dir/C_/Users/ktkuru/Documents/Pico_SDK_v1.5.1/pico-sdk/src/rp2_common/hardware_timer/timer.c.obj
                0x100013d8                busy_wait_until
 .text.busy_wait_us
                0x10001400       0x3a CMakeFiles/usart.dir/C_/Users/ktkuru/Documents/Pico_SDK_v1.5.1/pico-sdk/src/rp2_common/hardware_timer/timer.c.obj
                0x10001400                busy_wait_us
 *fill*         0x1000143a        0x2 
 .text.hardware_alarm_set_callback
                0x1000143c       0x90 CMakeFiles/usart.dir/C_/Users/ktkuru/Documents/Pico_SDK_v1.5.1/pico-sdk/src/rp2_common/hardware_timer/timer.c.obj
                0x1000143c                hardware_alarm_set_callback
 .text.hardware_alarm_set_target
                0x100014cc       0xe8 CMakeFiles/usart.dir/C_/Users/ktkuru/Documents/Pico_SDK_v1.5.1/pico-sdk/src/rp2_common/hardware_timer/timer.c.obj
                0x100014cc                hardware_alarm_set_target
 .text.hardware_alarm_cancel
                0x100015b4       0x40 CMakeFiles/usart.dir/C_/Users/ktkuru/Documents/Pico_SDK_v1.5.1/pico-sdk/src/rp2_common/hardware_timer/timer.c.obj
                0x100015b4                hardware_alarm_cancel
 .text.ph_get_node
                0x100015f4       0x30 CMakeFiles/usart.dir/C_/Users/ktkuru/Documents/Pico_SDK_v1.5.1/pico-sdk/src/common/pico_util/pheap.c.obj
 .text.ph_add_child_node
                0x10001624       0x6c CMakeFiles/usart.dir/C_/Users/ktkuru/Documents/Pico_SDK_v1.5.1/pico-sdk/src/common/pico_util/pheap.c.obj
 .text.ph_merge_nodes
                0x10001690       0x3e CMakeFiles/usart.dir/C_/Users/ktkuru/Documents/Pico_SDK_v1.5.1/pico-sdk/src/common/pico_util/pheap.c.obj
 .text.ph_clear
                0x100016ce       0x34 CMakeFiles/usart.dir/C_/Users/ktkuru/Documents/Pico_SDK_v1.5.1/pico-sdk/src/common/pico_util/pheap.c.obj
                0x100016ce                ph_clear
 .text.ph_post_alloc_init
                0x10001702        0xe CMakeFiles/usart.dir/C_/Users/ktkuru/Documents/Pico_SDK_v1.5.1/pico-sdk/src/common/pico_util/pheap.c.obj
                0x10001702                ph_post_alloc_init
 .text.ph_merge_two_pass
                0x10001710       0x5c CMakeFiles/usart.dir/C_/Users/ktkuru/Documents/Pico_SDK_v1.5.1/pico-sdk/src/common/pico_util/pheap.c.obj
                0x10001710                ph_merge_two_pass
 .text.ph_remove_any_head
                0x1000176c       0xc0 CMakeFiles/usart.dir/C_/Users/ktkuru/Documents/Pico_SDK_v1.5.1/pico-sdk/src/common/pico_util/pheap.c.obj
 .text.ph_remove_head
                0x1000182c       0x14 CMakeFiles/usart.dir/C_/Users/ktkuru/Documents/Pico_SDK_v1.5.1/pico-sdk/src/common/pico_util/pheap.c.obj
                0x1000182c                ph_remove_head
 .text.ph_remove_and_free_node
                0x10001840       0xa0 CMakeFiles/usart.dir/C_/Users/ktkuru/Documents/Pico_SDK_v1.5.1/pico-sdk/src/common/pico_util/pheap.c.obj
                0x10001840                ph_remove_and_free_node
 .text.uart_disable_before_lcr_write
                0x100018e0       0x48 CMakeFiles/usart.dir/C_/Users/ktkuru/Documents/Pico_SDK_v1.5.1/pico-sdk/src/rp2_common/hardware_uart/uart.c.obj
 .text.uart_write_lcr_bits_masked
                0x10001928       0x22 CMakeFiles/usart.dir/C_/Users/ktkuru/Documents/Pico_SDK_v1.5.1/pico-sdk/src/rp2_common/hardware_uart/uart.c.obj
 *fill*         0x1000194a        0x2 
 .text.uart_set_baudrate
                0x1000194c       0x5c CMakeFiles/usart.dir/C_/Users/ktkuru/Documents/Pico_SDK_v1.5.1/pico-sdk/src/rp2_common/hardware_uart/uart.c.obj
                0x1000194c                uart_set_baudrate
 .text.uart_set_format
                0x100019a8       0x2c CMakeFiles/usart.dir/C_/Users/ktkuru/Documents/Pico_SDK_v1.5.1/pico-sdk/src/rp2_common/hardware_uart/uart.c.obj
                0x100019a8                uart_set_format
 .text.uart_set_translate_crlf
                0x100019d4       0x28 CMakeFiles/usart.dir/C_/Users/ktkuru/Documents/Pico_SDK_v1.5.1/pico-sdk/src/rp2_common/hardware_uart/uart.c.obj
                0x100019d4                uart_set_translate_crlf
 .text.uart_init
                0x100019fc       0x80 CMakeFiles/usart.dir/C_/Users/ktkuru/Documents/Pico_SDK_v1.5.1/pico-sdk/src/rp2_common/hardware_uart/uart.c.obj
                0x100019fc                uart_init
 .text.clock_configure
                0x10001a7c      0x108 CMakeFiles/usart.dir/C_/Users/ktkuru/Documents/Pico_SDK_v1.5.1/pico-sdk/src/rp2_common/hardware_clocks/clocks.c.obj
                0x10001a7c                clock_configure
 .text.clocks_init
                0x10001b84      0x100 CMakeFiles/usart.dir/C_/Users/ktkuru/Documents/Pico_SDK_v1.5.1/pico-sdk/src/rp2_common/hardware_clocks/clocks.c.obj
                0x10001b84                clocks_init
 .text.clock_get_hz
                0x10001c84        0xc CMakeFiles/usart.dir/C_/Users/ktkuru/Documents/Pico_SDK_v1.5.1/pico-sdk/src/rp2_common/hardware_clocks/clocks.c.obj
                0x10001c84                clock_get_hz
 .text.pll_init
                0x10001c90      0x120 CMakeFiles/usart.dir/C_/Users/ktkuru/Documents/Pico_SDK_v1.5.1/pico-sdk/src/rp2_common/hardware_pll/pll.c.obj
                0x10001c90                pll_init
 .text.watchdog_start_tick
                0x10001db0       0x10 CMakeFiles/usart.dir/C_/Users/ktkuru/Documents/Pico_SDK_v1.5.1/pico-sdk/src/rp2_common/hardware_watchdog/watchdog.c.obj
                0x10001db0                watchdog_start_tick
 .text.xosc_init
                0x10001dc0       0x28 CMakeFiles/usart.dir/C_/Users/ktkuru/Documents/Pico_SDK_v1.5.1/pico-sdk/src/rp2_common/hardware_xosc/xosc.c.obj
                0x10001dc0                xosc_init
 .text._exit    0x10001de8        0x4 CMakeFiles/usart.dir/C_/Users/ktkuru/Documents/Pico_SDK_v1.5.1/pico-sdk/src/rp2_common/pico_runtime/runtime.c.obj
                0x10001de8                _exit
 .text.exit     0x10001dec        0x6 CMakeFiles/usart.dir/C_/Users/ktkuru/Documents/Pico_SDK_v1.5.1/pico-sdk/src/rp2_common/pico_runtime/runtime.c.obj
                0x10001dec                exit
 *fill*         0x10001df2        0x2 
 .text.__assert_func
                0x10001df4       0x38 CMakeFiles/usart.dir/C_/Users/ktkuru/Documents/Pico_SDK_v1.5.1/pico-sdk/src/rp2_common/pico_runtime/runtime.c.obj
                0x10001df4                __assert_func
 .text.runtime_init
                0x10001e2c       0xf8 CMakeFiles/usart.dir/C_/Users/ktkuru/Documents/Pico_SDK_v1.5.1/pico-sdk/src/rp2_common/pico_runtime/runtime.c.obj
                0x10001e2c                runtime_init
 .text.panic    0x10001f24       0x30 CMakeFiles/usart.dir/C_/Users/ktkuru/Documents/Pico_SDK_v1.5.1/pico-sdk/src/rp2_common/pico_runtime/runtime.c.obj
                0x10001f24                panic
 .text._out_null
                0x10001f54        0x2 CMakeFiles/usart.dir/C_/Users/ktkuru/Documents/Pico_SDK_v1.5.1/pico-sdk/src/rp2_common/pico_printf/printf.c.obj
 .text._out_fct
                0x10001f56        0xe CMakeFiles/usart.dir/C_/Users/ktkuru/Documents/Pico_SDK_v1.5.1/pico-sdk/src/rp2_common/pico_printf/printf.c.obj
 .text._atoi    0x10001f64       0x24 CMakeFiles/usart.dir/C_/Users/ktkuru/Documents/Pico_SDK_v1.5.1/pico-sdk/src/rp2_common/pico_printf/printf.c.obj
 .text._out_rev
                0x10001f88       0xae CMakeFiles/usart.dir/C_/Users/ktkuru/Documents/Pico_SDK_v1.5.1/pico-sdk/src/rp2_common/pico_printf/printf.c.obj
 .text._ntoa_format
                0x10002036      0x110 CMakeFiles/usart.dir/C_/Users/ktkuru/Documents/Pico_SDK_v1.5.1/pico-sdk/src/rp2_common/pico_printf/printf.c.obj
 .text._ntoa_long
                0x10002146       0xbc CMakeFiles/usart.dir/C_/Users/ktkuru/Documents/Pico_SDK_v1.5.1/pico-sdk/src/rp2_common/pico_printf/printf.c.obj
 .text._ntoa_long_long
                0x10002202      0x10e CMakeFiles/usart.dir/C_/Users/ktkuru/Documents/Pico_SDK_v1.5.1/pico-sdk/src/rp2_common/pico_printf/printf.c.obj
 .text._etoa    0x10002310      0x420 CMakeFiles/usart.dir/C_/Users/ktkuru/Documents/Pico_SDK_v1.5.1/pico-sdk/src/rp2_common/pico_printf/printf.c.obj
 .text._ftoa    0x10002730      0x354 CMakeFiles/usart.dir/C_/Users/ktkuru/Documents/Pico_SDK_v1.5.1/pico-sdk/src/rp2_common/pico_printf/printf.c.obj
 .text._vsnprintf
                0x10002a84      0x668 CMakeFiles/usart.dir/C_/Users/ktkuru/Documents/Pico_SDK_v1.5.1/pico-sdk/src/rp2_common/pico_printf/printf.c.obj
 .text.vfctprintf
                0x100030ec       0x20 CMakeFiles/usart.dir/C_/Users/ktkuru/Documents/Pico_SDK_v1.5.1/pico-sdk/src/rp2_common/pico_printf/printf.c.obj
                0x100030ec                vfctprintf
 .text          0x1000310c       0x10 CMakeFiles/usart.dir/C_/Users/ktkuru/Documents/Pico_SDK_v1.5.1/pico-sdk/src/rp2_common/pico_bit_ops/bit_ops_aeabi.S.obj
 .text.rom_func_lookup
                0x1000311c       0x10 CMakeFiles/usart.dir/C_/Users/ktkuru/Documents/Pico_SDK_v1.5.1/pico-sdk/src/rp2_common/pico_bootrom/bootrom.c.obj
                0x1000311c                rom_func_lookup
 .text.rom_data_lookup
                0x1000312c       0x10 CMakeFiles/usart.dir/C_/Users/ktkuru/Documents/Pico_SDK_v1.5.1/pico-sdk/src/rp2_common/pico_bootrom/bootrom.c.obj
                0x1000312c                rom_data_lookup
 .text.rom_funcs_lookup
                0x1000313c       0x36 CMakeFiles/usart.dir/C_/Users/ktkuru/Documents/Pico_SDK_v1.5.1/pico-sdk/src/rp2_common/pico_bootrom/bootrom.c.obj
                0x1000313c                rom_funcs_lookup
 *fill*         0x10003172        0x2 
 .text.__wrap___aeabi_idiv
                0x10003174       0x50 CMakeFiles/usart.dir/C_/Users/ktkuru/Documents/Pico_SDK_v1.5.1/pico-sdk/src/rp2_common/pico_divider/divider.S.obj
                0x10003174                __wrap___aeabi_idivmod
                0x10003174                divmod_s32s32
                0x10003174                div_s32s32
                0x10003174                __wrap___aeabi_idiv
                0x1000317c                divmod_s32s32_unsafe
                0x100031a8                divmod_s32s32_savestate
 .text.__wrap___aeabi_uidiv
                0x100031c4       0x4c CMakeFiles/usart.dir/C_/Users/ktkuru/Documents/Pico_SDK_v1.5.1/pico-sdk/src/rp2_common/pico_divider/divider.S.obj
                0x100031c4                __wrap___aeabi_uidiv
                0x100031c4                __wrap___aeabi_uidivmod
                0x100031c4                div_u32u32
                0x100031c4                divmod_u32u32
                0x100031cc                divmod_u32u32_unsafe
                0x100031f4                divmod_u32u32_savestate
 .text.__wrap___aeabi_ldiv
                0x10003210      0x424 CMakeFiles/usart.dir/C_/Users/ktkuru/Documents/Pico_SDK_v1.5.1/pico-sdk/src/rp2_common/pico_divider/divider.S.obj
                0x10003210                div_s64s64
                0x10003210                divmod_s64s64
                0x10003210                __wrap___aeabi_ldivmod
                0x10003240                divmod_u64u64
                0x10003240                div_u64u64
                0x10003240                __wrap___aeabi_uldivmod
                0x10003250                divmod_u64u64_savestate
                0x10003270                divmod_s64s64_unsafe
                0x100032f8                divmod_u64u64_unsafe
 .text.__wrap___aeabi_darithmetic
                0x10003634       0x80 CMakeFiles/usart.dir/C_/Users/ktkuru/Documents/Pico_SDK_v1.5.1/pico-sdk/src/rp2_common/pico_double/double_aeabi.S.obj
                0x10003634                __wrap___aeabi_drsub
                0x1000363a                __wrap___aeabi_dsub
                0x1000364c                __wrap___aeabi_dadd
                0x1000365e                __wrap___aeabi_ddiv
                0x1000369a                __wrap___aeabi_dmul
 .text.__wrap___aeabi_cdcmple
                0x100036b4       0x6c CMakeFiles/usart.dir/C_/Users/ktkuru/Documents/Pico_SDK_v1.5.1/pico-sdk/src/rp2_common/pico_double/double_aeabi.S.obj
                0x100036b4                __wrap___aeabi_cdrcmple
                0x100036c4                __wrap___aeabi_cdcmpeq
                0x100036c4                __wrap___aeabi_cdcmple
 .text.__wrap___aeabi_dcmplt
                0x10003720        0xc CMakeFiles/usart.dir/C_/Users/ktkuru/Documents/Pico_SDK_v1.5.1/pico-sdk/src/rp2_common/pico_double/double_aeabi.S.obj
                0x10003720                __wrap___aeabi_dcmplt
 .text.__wrap___aeabi_dcmple
                0x1000372c       0x10 CMakeFiles/usart.dir/C_/Users/ktkuru/Documents/Pico_SDK_v1.5.1/pico-sdk/src/rp2_common/pico_double/double_aeabi.S.obj
                0x1000372c                __wrap___aeabi_dcmple
 .text.__wrap___aeabi_dcmpge
                0x1000373c       0x10 CMakeFiles/usart.dir/C_/Users/ktkuru/Documents/Pico_SDK_v1.5.1/pico-sdk/src/rp2_common/pico_double/double_aeabi.S.obj
                0x1000373c                __wrap___aeabi_dcmpge
 .text.__wrap___aeabi_dcmpgt
                0x1000374c        0xa CMakeFiles/usart.dir/C_/Users/ktkuru/Documents/Pico_SDK_v1.5.1/pico-sdk/src/rp2_common/pico_double/double_aeabi.S.obj
                0x1000374c                __wrap___aeabi_dcmpgt
 .text.__wrap___aeabi_dcmpun
                0x10003756       0x1c CMakeFiles/usart.dir/C_/Users/ktkuru/Documents/Pico_SDK_v1.5.1/pico-sdk/src/rp2_common/pico_double/double_aeabi.S.obj
                0x10003756                __wrap___aeabi_dcmpun
 *fill*         0x10003772        0x2 
 .text.__wrap___aeabi_i2d
                0x10003774       0x38 CMakeFiles/usart.dir/C_/Users/ktkuru/Documents/Pico_SDK_v1.5.1/pico-sdk/src/rp2_common/pico_double/double_aeabi.S.obj
                0x10003774                __wrap___aeabi_ui2d
                0x1000377c                __wrap___aeabi_i2d
 .text.__wrap___aeabi_d2iz
                0x100037ac       0x48 CMakeFiles/usart.dir/C_/Users/ktkuru/Documents/Pico_SDK_v1.5.1/pico-sdk/src/rp2_common/pico_double/double_aeabi.S.obj
                0x100037ac                double2int_z
                0x100037ac                __wrap___aeabi_d2iz
 .text.__wrap___aeabi_d2uiz
                0x100037f4       0x18 CMakeFiles/usart.dir/C_/Users/ktkuru/Documents/Pico_SDK_v1.5.1/pico-sdk/src/rp2_common/pico_double/double_aeabi.S.obj
                0x100037f4                __wrap___aeabi_d2uiz
                0x100037f4                double2uint
 .text.__aeabi_double_init
                0x1000380c       0xcc CMakeFiles/usart.dir/C_/Users/ktkuru/Documents/Pico_SDK_v1.5.1/pico-sdk/src/rp2_common/pico_double/double_init_rom.c.obj
                0x1000380c                __aeabi_double_init
 .text.double_table_shim_on_use_helper
                0x100038d8       0x34 CMakeFiles/usart.dir/C_/Users/ktkuru/Documents/Pico_SDK_v1.5.1/pico-sdk/src/rp2_common/pico_double/double_v1_rom_shim.S.obj
                0x100038d8                double_table_shim_on_use_helper
 .text.__wrap___aeabi_dsub
                0x1000390c       0x10 CMakeFiles/usart.dir/C_/Users/ktkuru/Documents/Pico_SDK_v1.5.1/pico-sdk/src/rp2_common/pico_double/double_v1_rom_shim.S.obj
                0x1000390c                drsub_shim
                0x10003912                dsub_shim
 .text.dadd_shim
                0x1000391c      0x15c CMakeFiles/usart.dir/C_/Users/ktkuru/Documents/Pico_SDK_v1.5.1/pico-sdk/src/rp2_common/pico_double/double_v1_rom_shim.S.obj
                0x1000391c                dadd_shim
 .text.dmul_shim
                0x10003a78      0x15c CMakeFiles/usart.dir/C_/Users/ktkuru/Documents/Pico_SDK_v1.5.1/pico-sdk/src/rp2_common/pico_double/double_v1_rom_shim.S.obj
                0x10003a78                dmul_shim
 .text.ddiv_shim
                0x10003bd4      0x1b0 CMakeFiles/usart.dir/C_/Users/ktkuru/Documents/Pico_SDK_v1.5.1/pico-sdk/src/rp2_common/pico_double/double_v1_rom_shim.S.obj
                0x10003bd4                ddiv_shim
 .text.double2uint_shim
                0x10003d84        0xe CMakeFiles/usart.dir/C_/Users/ktkuru/Documents/Pico_SDK_v1.5.1/pico-sdk/src/rp2_common/pico_double/double_v1_rom_shim.S.obj
                0x10003d84                double2uint_shim
                0x10003d86                double2ufix_shim
 *fill*         0x10003d92        0x2 
 .text.double2uint64_shim
                0x10003d94       0x70 CMakeFiles/usart.dir/C_/Users/ktkuru/Documents/Pico_SDK_v1.5.1/pico-sdk/src/rp2_common/pico_double/double_v1_rom_shim.S.obj
                0x10003d94                double2uint64_shim
                0x10003d96                double2ufix64_shim
                0x10003db6                d2fix_a
 .text.dunpacks
                0x10003e04       0x3c CMakeFiles/usart.dir/C_/Users/ktkuru/Documents/Pico_SDK_v1.5.1/pico-sdk/src/rp2_common/pico_double/double_v1_rom_shim.S.obj
                0x10003e04                dunpacks
 .text.__aeabi_lmul
                0x10003e40       0x32 CMakeFiles/usart.dir/C_/Users/ktkuru/Documents/Pico_SDK_v1.5.1/pico-sdk/src/rp2_common/pico_int64_ops/pico_int64_ops_aeabi.S.obj
                0x10003e40                __wrap___aeabi_lmul
 *fill*         0x10003e72        0x2 
 .text.__aeabi_float_init
                0x10003e74       0xfc CMakeFiles/usart.dir/C_/Users/ktkuru/Documents/Pico_SDK_v1.5.1/pico-sdk/src/rp2_common/pico_float/float_init_rom.c.obj
                0x10003e74                __aeabi_float_init
 .text.float_table_shim_on_use_helper
                0x10003f70       0x34 CMakeFiles/usart.dir/C_/Users/ktkuru/Documents/Pico_SDK_v1.5.1/pico-sdk/src/rp2_common/pico_float/float_v1_rom_shim.S.obj
                0x10003f70                float_table_shim_on_use_helper
 .text          0x10003fa4       0x10 CMakeFiles/usart.dir/C_/Users/ktkuru/Documents/Pico_SDK_v1.5.1/pico-sdk/src/rp2_common/pico_mem_ops/mem_ops_aeabi.S.obj
                0x10003fa4                __aeabi_mem_init
 .text.memcpy   0x10003fb4        0xc CMakeFiles/usart.dir/C_/Users/ktkuru/Documents/Pico_SDK_v1.5.1/pico-sdk/src/rp2_common/pico_mem_ops/mem_ops_aeabi.S.obj
                0x10003fb4                __wrap_memcpy
                0x10003fb4                __wrap___aeabi_memcpy
 .text.stdio_out_chars_no_crlf
                0x10003fc0        0xe CMakeFiles/usart.dir/C_/Users/ktkuru/Documents/Pico_SDK_v1.5.1/pico-sdk/src/rp2_common/pico_stdio/stdio.c.obj
 *fill*         0x10003fce        0x2 
 .text.stdio_out_chars_crlf
                0x10003fd0       0x80 CMakeFiles/usart.dir/C_/Users/ktkuru/Documents/Pico_SDK_v1.5.1/pico-sdk/src/rp2_common/pico_stdio/stdio.c.obj
 .text.stdio_stack_buffer_flush
                0x10004050       0x44 CMakeFiles/usart.dir/C_/Users/ktkuru/Documents/Pico_SDK_v1.5.1/pico-sdk/src/rp2_common/pico_stdio/stdio.c.obj
 .text.stdio_buffered_printer
                0x10004094       0x20 CMakeFiles/usart.dir/C_/Users/ktkuru/Documents/Pico_SDK_v1.5.1/pico-sdk/src/rp2_common/pico_stdio/stdio.c.obj
 .text.update_us_since_boot
                0x100040b4       0x24 CMakeFiles/usart.dir/C_/Users/ktkuru/Documents/Pico_SDK_v1.5.1/pico-sdk/src/rp2_common/pico_stdio/stdio.c.obj
 .text.get_absolute_time
                0x100040d8       0x22 CMakeFiles/usart.dir/C_/Users/ktkuru/Documents/Pico_SDK_v1.5.1/pico-sdk/src/rp2_common/pico_stdio/stdio.c.obj
 *fill*         0x100040fa        0x2 
 .text.delayed_by_ms
                0x100040fc       0x44 CMakeFiles/usart.dir/C_/Users/ktkuru/Documents/Pico_SDK_v1.5.1/pico-sdk/src/rp2_common/pico_stdio/stdio.c.obj
 .text.make_timeout_time_ms
                0x10004140       0x20 CMakeFiles/usart.dir/C_/Users/ktkuru/Documents/Pico_SDK_v1.5.1/pico-sdk/src/rp2_common/pico_stdio/stdio.c.obj
 .text.stdout_serialize_begin
                0x10004160       0x20 CMakeFiles/usart.dir/C_/Users/ktkuru/Documents/Pico_SDK_v1.5.1/pico-sdk/src/rp2_common/pico_stdio/stdio.c.obj
                0x10004160                stdout_serialize_begin
 .text.stdout_serialize_end
                0x10004180       0x10 CMakeFiles/usart.dir/C_/Users/ktkuru/Documents/Pico_SDK_v1.5.1/pico-sdk/src/rp2_common/pico_stdio/stdio.c.obj
                0x10004180                stdout_serialize_end
 .text.stdio_put_string
                0x10004190       0x98 CMakeFiles/usart.dir/C_/Users/ktkuru/Documents/Pico_SDK_v1.5.1/pico-sdk/src/rp2_common/pico_stdio/stdio.c.obj
 .text.stdio_set_driver_enabled
                0x10004228       0x2c CMakeFiles/usart.dir/C_/Users/ktkuru/Documents/Pico_SDK_v1.5.1/pico-sdk/src/rp2_common/pico_stdio/stdio.c.obj
                0x10004228                stdio_set_driver_enabled
 .text.stdio_flush
                0x10004254       0x20 CMakeFiles/usart.dir/C_/Users/ktkuru/Documents/Pico_SDK_v1.5.1/pico-sdk/src/rp2_common/pico_stdio/stdio.c.obj
                0x10004254                stdio_flush
 .text.__wrap_puts
                0x10004274       0x1e CMakeFiles/usart.dir/C_/Users/ktkuru/Documents/Pico_SDK_v1.5.1/pico-sdk/src/rp2_common/pico_stdio/stdio.c.obj
                0x10004274                __wrap_puts
 *fill*         0x10004292        0x2 
 .text.__wrap_vprintf
                0x10004294       0x40 CMakeFiles/usart.dir/C_/Users/ktkuru/Documents/Pico_SDK_v1.5.1/pico-sdk/src/rp2_common/pico_stdio/stdio.c.obj
                0x10004294                __wrap_vprintf
 .text.__wrap_printf
                0x100042d4       0x18 CMakeFiles/usart.dir/C_/Users/ktkuru/Documents/Pico_SDK_v1.5.1/pico-sdk/src/rp2_common/pico_stdio/stdio.c.obj
                0x100042d4                __wrap_printf
 .text.stdio_init_all
                0x100042ec        0xa CMakeFiles/usart.dir/C_/Users/ktkuru/Documents/Pico_SDK_v1.5.1/pico-sdk/src/rp2_common/pico_stdio/stdio.c.obj
                0x100042ec                stdio_init_all
 *fill*         0x100042f6        0x2 
 .text.uart_putc
                0x100042f8       0x60 CMakeFiles/usart.dir/C_/Users/ktkuru/Documents/Pico_SDK_v1.5.1/pico-sdk/src/rp2_common/pico_stdio_uart/stdio_uart.c.obj
 .text.uart_getc
                0x10004358       0x24 CMakeFiles/usart.dir/C_/Users/ktkuru/Documents/Pico_SDK_v1.5.1/pico-sdk/src/rp2_common/pico_stdio_uart/stdio_uart.c.obj
 .text.stdio_uart_out_chars
                0x1000437c       0x20 CMakeFiles/usart.dir/C_/Users/ktkuru/Documents/Pico_SDK_v1.5.1/pico-sdk/src/rp2_common/pico_stdio_uart/stdio_uart.c.obj
 .text.stdio_uart_in_chars
                0x1000439c       0x5c CMakeFiles/usart.dir/C_/Users/ktkuru/Documents/Pico_SDK_v1.5.1/pico-sdk/src/rp2_common/pico_stdio_uart/stdio_uart.c.obj
                0x1000439c                stdio_uart_in_chars
 .text.on_uart_rx
                0x100043f8       0x28 CMakeFiles/usart.dir/C_/Users/ktkuru/Documents/Pico_SDK_v1.5.1/pico-sdk/src/rp2_common/pico_stdio_uart/stdio_uart.c.obj
 .text.stdio_uart_set_chars_available_callback
                0x10004420       0x8c CMakeFiles/usart.dir/C_/Users/ktkuru/Documents/Pico_SDK_v1.5.1/pico-sdk/src/rp2_common/pico_stdio_uart/stdio_uart.c.obj
 .text.stdio_uart_init_full
                0x100044ac       0x44 CMakeFiles/usart.dir/C_/Users/ktkuru/Documents/Pico_SDK_v1.5.1/pico-sdk/src/rp2_common/pico_stdio_uart/stdio_uart.c.obj
                0x100044ac                stdio_uart_init_full
 .text.stdio_uart_init
                0x100044f0       0x28 CMakeFiles/usart.dir/C_/Users/ktkuru/Documents/Pico_SDK_v1.5.1/pico-sdk/src/rp2_common/pico_stdio_uart/stdio_uart.c.obj
                0x100044f0                stdio_uart_init
 .text.strlen   0x10004518       0x5c C:/PROGRA~2/ARMGNU~1/133167~1.3RE/bin/../lib/gcc/arm-none-eabi/13.3.1/thumb/v6-m/nofp\libg.a(libc_a-strlen-stub.o)
                0x10004518                strlen
 *(.fini)
 .fini          0x10004574        0x4 C:/PROGRA~2/ARMGNU~1/133167~1.3RE/bin/../lib/gcc/arm-none-eabi/13.3.1/thumb/v6-m/nofp/crti.o
                0x10004574                _fini
 .fini.__stub   0x10004578       0x40 linker stubs
 *crtbegin.o(.ctors)
 *crtbegin?.o(.ctors)
 *(EXCLUDE_FILE(*crtend.o *crtend?.o) .ctors)
 *(SORT_BY_NAME(.ctors.*))
 *(.ctors)
 *crtbegin.o(.dtors)
 *crtbegin?.o(.dtors)
 *(EXCLUDE_FILE(*crtend.o *crtend?.o) .dtors)
 *(SORT_BY_NAME(.dtors.*))
 *(.dtors)
 *(.eh_frame*)
 .eh_frame      0x100045b8        0x0 C:/PROGRA~2/ARMGNU~1/133167~1.3RE/bin/../lib/gcc/arm-none-eabi/13.3.1/thumb/v6-m/nofp/crtbegin.o
                0x100045b8                        . = ALIGN (0x4)

.glue_7         0x100045b8        0x0
 .glue_7        0x100045b8        0x0 linker stubs

.glue_7t        0x100045b8        0x0
 .glue_7t       0x100045b8        0x0 linker stubs

.vfp11_veneer   0x100045b8        0x0
 .vfp11_veneer  0x100045b8        0x0 linker stubs

.v4_bx          0x100045b8        0x0
 .v4_bx         0x100045b8        0x0 linker stubs

.iplt           0x100045b8        0x0
 .iplt          0x100045b8        0x0 C:/PROGRA~2/ARMGNU~1/133167~1.3RE/bin/../lib/gcc/arm-none-eabi/13.3.1/thumb/v6-m/nofp/crtbegin.o

.rodata         0x100045b8      0xf44
 *(EXCLUDE_FILE(*libm.a: *libc.a:*lib_a-mem*.o *libgcc.a:) .rodata*)
 .rodata.main.str1.4
                0x100045b8      0xab0 CMakeFiles/usart.dir/usart.c.obj
                                  0xf (size before relaxing)
 .rodata.resolve_branch.str1.4
                0x10005068       0x6d CMakeFiles/usart.dir/C_/Users/ktkuru/Documents/Pico_SDK_v1.5.1/pico-sdk/src/rp2_common/hardware_irq/irq.c.obj
 .rodata.make_branch.str1.4
                0x10005068       0x30 CMakeFiles/usart.dir/C_/Users/ktkuru/Documents/Pico_SDK_v1.5.1/pico-sdk/src/rp2_common/hardware_irq/irq.c.obj
 .rodata.insert_branch_and_link.str1.4
                0x10005068       0x10 CMakeFiles/usart.dir/C_/Users/ktkuru/Documents/Pico_SDK_v1.5.1/pico-sdk/src/rp2_common/hardware_irq/irq.c.obj
 .rodata.irq_set_exclusive_handler.str1.4
                0x10005068       0x36 CMakeFiles/usart.dir/C_/Users/ktkuru/Documents/Pico_SDK_v1.5.1/pico-sdk/src/rp2_common/hardware_irq/irq.c.obj
 .rodata.irq_remove_handler.str1.4
                0x10005068       0x3a CMakeFiles/usart.dir/C_/Users/ktkuru/Documents/Pico_SDK_v1.5.1/pico-sdk/src/rp2_common/hardware_irq/irq.c.obj
 .rodata.irq_add_tail_to_free_list.str1.4
                0x10005068       0x3a CMakeFiles/usart.dir/C_/Users/ktkuru/Documents/Pico_SDK_v1.5.1/pico-sdk/src/rp2_common/hardware_irq/irq.c.obj
 .rodata.__func__.0
                0x10005068       0x1a CMakeFiles/usart.dir/C_/Users/ktkuru/Documents/Pico_SDK_v1.5.1/pico-sdk/src/rp2_common/hardware_irq/irq.c.obj
 *fill*         0x10005082        0x2 
 .rodata.__func__.1
                0x10005084       0x17 CMakeFiles/usart.dir/C_/Users/ktkuru/Documents/Pico_SDK_v1.5.1/pico-sdk/src/rp2_common/hardware_irq/irq.c.obj
 *fill*         0x1000509b        0x1 
 .rodata.__func__.2
                0x1000509c       0x13 CMakeFiles/usart.dir/C_/Users/ktkuru/Documents/Pico_SDK_v1.5.1/pico-sdk/src/rp2_common/hardware_irq/irq.c.obj
 *fill*         0x100050af        0x1 
 .rodata.__func__.3
                0x100050b0        0xc CMakeFiles/usart.dir/C_/Users/ktkuru/Documents/Pico_SDK_v1.5.1/pico-sdk/src/rp2_common/hardware_irq/irq.c.obj
 .rodata.__func__.4
                0x100050bc        0xf CMakeFiles/usart.dir/C_/Users/ktkuru/Documents/Pico_SDK_v1.5.1/pico-sdk/src/rp2_common/hardware_irq/irq.c.obj
 *fill*         0x100050cb        0x1 
 .rodata.__func__.6
                0x100050cc       0x1a CMakeFiles/usart.dir/C_/Users/ktkuru/Documents/Pico_SDK_v1.5.1/pico-sdk/src/rp2_common/hardware_irq/irq.c.obj
 .rodata.str1.4
                0x100050e6       0xa1 CMakeFiles/usart.dir/C_/Users/ktkuru/Documents/Pico_SDK_v1.5.1/pico-sdk/src/common/pico_sync/mutex.c.obj
 *fill*         0x100050e6        0x2 
 .rodata.__func__.1
                0x100050e8        0xb CMakeFiles/usart.dir/C_/Users/ktkuru/Documents/Pico_SDK_v1.5.1/pico-sdk/src/common/pico_sync/mutex.c.obj
 *fill*         0x100050f3        0x1 
 .rodata.__func__.3
                0x100050f4       0x18 CMakeFiles/usart.dir/C_/Users/ktkuru/Documents/Pico_SDK_v1.5.1/pico-sdk/src/common/pico_sync/mutex.c.obj
 .rodata.get_entry.str1.4
                0x1000510c       0x73 CMakeFiles/usart.dir/C_/Users/ktkuru/Documents/Pico_SDK_v1.5.1/pico-sdk/src/common/pico_time/time.c.obj
 .rodata.update_us_since_boot.str1.4
                0x1000510c       0x72 CMakeFiles/usart.dir/C_/Users/ktkuru/Documents/Pico_SDK_v1.5.1/pico-sdk/src/common/pico_time/time.c.obj
 .rodata.ph_get_node.str1.4
                0x1000510c       0x77 CMakeFiles/usart.dir/C_/Users/ktkuru/Documents/Pico_SDK_v1.5.1/pico-sdk/src/common/pico_time/time.c.obj
 .rodata.ph_add_child_node.str1.4
                0x1000510c       0x2e CMakeFiles/usart.dir/C_/Users/ktkuru/Documents/Pico_SDK_v1.5.1/pico-sdk/src/common/pico_time/time.c.obj
 .rodata.ph_insert_node.str1.4
                0x1000510c        0x3 CMakeFiles/usart.dir/C_/Users/ktkuru/Documents/Pico_SDK_v1.5.1/pico-sdk/src/common/pico_time/time.c.obj
 .rodata.ph_free_node.str1.4
                0x1000510c       0x38 CMakeFiles/usart.dir/C_/Users/ktkuru/Documents/Pico_SDK_v1.5.1/pico-sdk/src/common/pico_time/time.c.obj
 .rodata.add_alarm_under_lock.str1.4
                0x1000510c       0x28 CMakeFiles/usart.dir/C_/Users/ktkuru/Documents/Pico_SDK_v1.5.1/pico-sdk/src/common/pico_time/time.c.obj
 .rodata.alarm_pool_alarm_callback.str1.4
                0x1000510c       0x60 CMakeFiles/usart.dir/C_/Users/ktkuru/Documents/Pico_SDK_v1.5.1/pico-sdk/src/common/pico_time/time.c.obj
 .rodata.alarm_pool_get_default.str1.4
                0x1000510c       0x21 CMakeFiles/usart.dir/C_/Users/ktkuru/Documents/Pico_SDK_v1.5.1/pico-sdk/src/common/pico_time/time.c.obj
 .rodata.alarm_pool_cancel_alarm.str1.4
                0x1000510c       0x27 CMakeFiles/usart.dir/C_/Users/ktkuru/Documents/Pico_SDK_v1.5.1/pico-sdk/src/common/pico_time/time.c.obj
 .rodata.sleep_until.str1.4
                0x1000510c       0x4d CMakeFiles/usart.dir/C_/Users/ktkuru/Documents/Pico_SDK_v1.5.1/pico-sdk/src/common/pico_time/time.c.obj
 .rodata.__func__.1
                0x1000510c       0x18 CMakeFiles/usart.dir/C_/Users/ktkuru/Documents/Pico_SDK_v1.5.1/pico-sdk/src/common/pico_time/time.c.obj
 .rodata.__func__.3
                0x10005124       0x17 CMakeFiles/usart.dir/C_/Users/ktkuru/Documents/Pico_SDK_v1.5.1/pico-sdk/src/common/pico_time/time.c.obj
 *fill*         0x1000513b        0x1 
 .rodata.__func__.4
                0x1000513c       0x12 CMakeFiles/usart.dir/C_/Users/ktkuru/Documents/Pico_SDK_v1.5.1/pico-sdk/src/common/pico_time/time.c.obj
 *fill*         0x1000514e        0x2 
 .rodata.__func__.5
                0x10005150        0xd CMakeFiles/usart.dir/C_/Users/ktkuru/Documents/Pico_SDK_v1.5.1/pico-sdk/src/common/pico_time/time.c.obj
 *fill*         0x1000515d        0x3 
 .rodata.__func__.6
                0x10005160       0x12 CMakeFiles/usart.dir/C_/Users/ktkuru/Documents/Pico_SDK_v1.5.1/pico-sdk/src/common/pico_time/time.c.obj
 *fill*         0x10005172        0x2 
 .rodata.__func__.7
                0x10005174        0xf CMakeFiles/usart.dir/C_/Users/ktkuru/Documents/Pico_SDK_v1.5.1/pico-sdk/src/common/pico_time/time.c.obj
 *fill*         0x10005183        0x1 
 .rodata.__func__.8
                0x10005184        0xc CMakeFiles/usart.dir/C_/Users/ktkuru/Documents/Pico_SDK_v1.5.1/pico-sdk/src/common/pico_time/time.c.obj
 .rodata.__func__.9
                0x10005190       0x15 CMakeFiles/usart.dir/C_/Users/ktkuru/Documents/Pico_SDK_v1.5.1/pico-sdk/src/common/pico_time/time.c.obj
 *fill*         0x100051a5        0x3 
 .rodata.__func__.10
                0x100051a8       0x15 CMakeFiles/usart.dir/C_/Users/ktkuru/Documents/Pico_SDK_v1.5.1/pico-sdk/src/common/pico_time/time.c.obj
 *fill*         0x100051bd        0x3 
 .rodata.__func__.11
                0x100051c0       0x1a CMakeFiles/usart.dir/C_/Users/ktkuru/Documents/Pico_SDK_v1.5.1/pico-sdk/src/common/pico_time/time.c.obj
 *fill*         0x100051da        0x2 
 .rodata.__func__.12
                0x100051dc        0xa CMakeFiles/usart.dir/C_/Users/ktkuru/Documents/Pico_SDK_v1.5.1/pico-sdk/src/common/pico_time/time.c.obj
 .rodata.update_us_since_boot.str1.4
                0x100051e6       0x72 CMakeFiles/usart.dir/C_/Users/ktkuru/Documents/Pico_SDK_v1.5.1/pico-sdk/src/rp2_common/hardware_timer/timer.c.obj
 .rodata.hardware_alarm_claim.str1.4
                0x100051e6       0x22 CMakeFiles/usart.dir/C_/Users/ktkuru/Documents/Pico_SDK_v1.5.1/pico-sdk/src/rp2_common/hardware_timer/timer.c.obj
 .rodata.hardware_alarm_set_target.str1.4
                0x100051e6       0x7d CMakeFiles/usart.dir/C_/Users/ktkuru/Documents/Pico_SDK_v1.5.1/pico-sdk/src/rp2_common/hardware_timer/timer.c.obj
 *fill*         0x100051e6        0x2 
 .rodata.__func__.0
                0x100051e8       0x1a CMakeFiles/usart.dir/C_/Users/ktkuru/Documents/Pico_SDK_v1.5.1/pico-sdk/src/rp2_common/hardware_timer/timer.c.obj
 *fill*         0x10005202        0x2 
 .rodata.__func__.1
                0x10005204       0x15 CMakeFiles/usart.dir/C_/Users/ktkuru/Documents/Pico_SDK_v1.5.1/pico-sdk/src/rp2_common/hardware_timer/timer.c.obj
 .rodata.ph_get_node.str1.4
                0x10005219       0x77 CMakeFiles/usart.dir/C_/Users/ktkuru/Documents/Pico_SDK_v1.5.1/pico-sdk/src/common/pico_util/pheap.c.obj
 .rodata.ph_add_child_node.str1.4
                0x10005219       0x2e CMakeFiles/usart.dir/C_/Users/ktkuru/Documents/Pico_SDK_v1.5.1/pico-sdk/src/common/pico_util/pheap.c.obj
 .rodata.ph_remove_any_head.str1.4
                0x10005219       0xb8 CMakeFiles/usart.dir/C_/Users/ktkuru/Documents/Pico_SDK_v1.5.1/pico-sdk/src/common/pico_util/pheap.c.obj
 .rodata.ph_remove_and_free_node.str1.4
                0x10005219       0x26 CMakeFiles/usart.dir/C_/Users/ktkuru/Documents/Pico_SDK_v1.5.1/pico-sdk/src/common/pico_util/pheap.c.obj
 *fill*         0x10005219        0x3 
 .rodata.__func__.0
                0x1000521c       0x18 CMakeFiles/usart.dir/C_/Users/ktkuru/Documents/Pico_SDK_v1.5.1/pico-sdk/src/common/pico_util/pheap.c.obj
 .rodata.__func__.1
                0x10005234       0x13 CMakeFiles/usart.dir/C_/Users/ktkuru/Documents/Pico_SDK_v1.5.1/pico-sdk/src/common/pico_util/pheap.c.obj
 *fill*         0x10005247        0x1 
 .rodata.__func__.2
                0x10005248       0x12 CMakeFiles/usart.dir/C_/Users/ktkuru/Documents/Pico_SDK_v1.5.1/pico-sdk/src/common/pico_util/pheap.c.obj
 *fill*         0x1000525a        0x2 
 .rodata.__func__.3
                0x1000525c        0xc CMakeFiles/usart.dir/C_/Users/ktkuru/Documents/Pico_SDK_v1.5.1/pico-sdk/src/common/pico_util/pheap.c.obj
 .rodata.clock_configure.str1.4
                0x10005268       0x6f CMakeFiles/usart.dir/C_/Users/ktkuru/Documents/Pico_SDK_v1.5.1/pico-sdk/src/rp2_common/hardware_clocks/clocks.c.obj
 .rodata.__func__.1
                0x10005268       0x10 CMakeFiles/usart.dir/C_/Users/ktkuru/Documents/Pico_SDK_v1.5.1/pico-sdk/src/rp2_common/hardware_clocks/clocks.c.obj
 .rodata.pll_init.str1.4
                0x10005278      0x13c CMakeFiles/usart.dir/C_/Users/ktkuru/Documents/Pico_SDK_v1.5.1/pico-sdk/src/rp2_common/hardware_pll/pll.c.obj
 .rodata.__func__.0
                0x10005278        0x9 CMakeFiles/usart.dir/C_/Users/ktkuru/Documents/Pico_SDK_v1.5.1/pico-sdk/src/rp2_common/hardware_pll/pll.c.obj
 .rodata.__assert_func.str1.4
                0x10005281       0x43 CMakeFiles/usart.dir/C_/Users/ktkuru/Documents/Pico_SDK_v1.5.1/pico-sdk/src/rp2_common/pico_runtime/runtime.c.obj
 .rodata.runtime_init.str1.4
                0x10005281       0x79 CMakeFiles/usart.dir/C_/Users/ktkuru/Documents/Pico_SDK_v1.5.1/pico-sdk/src/rp2_common/pico_runtime/runtime.c.obj
 .rodata.panic.str1.4
                0x10005281       0x12 CMakeFiles/usart.dir/C_/Users/ktkuru/Documents/Pico_SDK_v1.5.1/pico-sdk/src/rp2_common/pico_runtime/runtime.c.obj
 *fill*         0x10005281        0x3 
 .rodata.__func__.2
                0x10005284        0xd CMakeFiles/usart.dir/C_/Users/ktkuru/Documents/Pico_SDK_v1.5.1/pico-sdk/src/rp2_common/pico_runtime/runtime.c.obj
 .rodata._ftoa.str1.4
                0x10005291       0x15 CMakeFiles/usart.dir/C_/Users/ktkuru/Documents/Pico_SDK_v1.5.1/pico-sdk/src/rp2_common/pico_printf/printf.c.obj
 *fill*         0x10005291        0x3 
 .rodata._vsnprintf
                0x10005294      0x19c CMakeFiles/usart.dir/C_/Users/ktkuru/Documents/Pico_SDK_v1.5.1/pico-sdk/src/rp2_common/pico_printf/printf.c.obj
 .rodata.pow10.0
                0x10005430       0x50 CMakeFiles/usart.dir/C_/Users/ktkuru/Documents/Pico_SDK_v1.5.1/pico-sdk/src/rp2_common/pico_printf/printf.c.obj
 .rodata.__aeabi_double_init.str1.4
                0x10005480       0xb4 CMakeFiles/usart.dir/C_/Users/ktkuru/Documents/Pico_SDK_v1.5.1/pico-sdk/src/rp2_common/pico_double/double_init_rom.c.obj
 .rodata.__func__.0
                0x10005480       0x14 CMakeFiles/usart.dir/C_/Users/ktkuru/Documents/Pico_SDK_v1.5.1/pico-sdk/src/rp2_common/pico_double/double_init_rom.c.obj
 .rodata.__aeabi_float_init.str1.4
                0x10005494       0x96 CMakeFiles/usart.dir/C_/Users/ktkuru/Documents/Pico_SDK_v1.5.1/pico-sdk/src/rp2_common/pico_float/float_init_rom.c.obj
 .rodata.__func__.0
                0x10005494       0x13 CMakeFiles/usart.dir/C_/Users/ktkuru/Documents/Pico_SDK_v1.5.1/pico-sdk/src/rp2_common/pico_float/float_init_rom.c.obj
 .rodata.str1.4
                0x100054a7       0x3c CMakeFiles/usart.dir/C_/Users/ktkuru/Documents/Pico_SDK_v1.5.1/pico-sdk/src/rp2_common/pico_standard_link/binary_info.c.obj
 *fill*         0x100054a7        0x1 
 .rodata.__bi_81
                0x100054a8        0xc CMakeFiles/usart.dir/C_/Users/ktkuru/Documents/Pico_SDK_v1.5.1/pico-sdk/src/rp2_common/pico_standard_link/binary_info.c.obj
 .rodata.__bi_75
                0x100054b4        0xc CMakeFiles/usart.dir/C_/Users/ktkuru/Documents/Pico_SDK_v1.5.1/pico-sdk/src/rp2_common/pico_standard_link/binary_info.c.obj
 .rodata.__bi_44
                0x100054c0        0xc CMakeFiles/usart.dir/C_/Users/ktkuru/Documents/Pico_SDK_v1.5.1/pico-sdk/src/rp2_common/pico_standard_link/binary_info.c.obj
 .rodata.update_us_since_boot.str1.4
                0x100054cc       0x72 CMakeFiles/usart.dir/C_/Users/ktkuru/Documents/Pico_SDK_v1.5.1/pico-sdk/src/rp2_common/pico_stdio/stdio.c.obj
 .rodata.crlf_str.2
                0x100054cc        0x2 CMakeFiles/usart.dir/C_/Users/ktkuru/Documents/Pico_SDK_v1.5.1/pico-sdk/src/rp2_common/pico_stdio/stdio.c.obj
 *fill*         0x100054ce        0x2 
 .rodata.__func__.3
                0x100054d0       0x15 CMakeFiles/usart.dir/C_/Users/ktkuru/Documents/Pico_SDK_v1.5.1/pico-sdk/src/rp2_common/pico_stdio/stdio.c.obj
 .rodata.str1.4
                0x100054e5       0x2c CMakeFiles/usart.dir/C_/Users/ktkuru/Documents/Pico_SDK_v1.5.1/pico-sdk/src/rp2_common/pico_stdio_uart/stdio_uart.c.obj
 *fill*         0x100054e5        0x3 
 .rodata.__bi_33.4
                0x100054e8        0xc CMakeFiles/usart.dir/C_/Users/ktkuru/Documents/Pico_SDK_v1.5.1/pico-sdk/src/rp2_common/pico_stdio_uart/stdio_uart.c.obj
 .rodata.__bi_34.5
                0x100054f4        0x8 CMakeFiles/usart.dir/C_/Users/ktkuru/Documents/Pico_SDK_v1.5.1/pico-sdk/src/rp2_common/pico_stdio_uart/stdio_uart.c.obj
                0x100054fc                        . = ALIGN (0x4)
 *(SORT_BY_ALIGNMENT(SORT_BY_NAME(.flashdata*)))
                0x100054fc                        . = ALIGN (0x4)

.ARM.extab
 *(.ARM.extab* .gnu.linkonce.armextab.*)
                0x100054fc                        __exidx_start = .

.ARM.exidx
 *(.ARM.exidx* .gnu.linkonce.armexidx.*)
                0x100054fc                        __exidx_end = .
                0x100054fc                        . = ALIGN (0x4)
                0x100054fc                        __binary_info_start = .

.binary_info    0x100054fc       0x24
 *(.binary_info.keep.*)
 .binary_info.keep.__bi_ptr81
                0x100054fc        0x4 CMakeFiles/usart.dir/C_/Users/ktkuru/Documents/Pico_SDK_v1.5.1/pico-sdk/src/rp2_common/pico_standard_link/binary_info.c.obj
 .binary_info.keep.__bi_ptr75
                0x10005500        0x4 CMakeFiles/usart.dir/C_/Users/ktkuru/Documents/Pico_SDK_v1.5.1/pico-sdk/src/rp2_common/pico_standard_link/binary_info.c.obj
 .binary_info.keep.__bi_ptr50
                0x10005504        0x4 CMakeFiles/usart.dir/C_/Users/ktkuru/Documents/Pico_SDK_v1.5.1/pico-sdk/src/rp2_common/pico_standard_link/binary_info.c.obj
 .binary_info.keep.__bi_ptr44
                0x10005508        0x4 CMakeFiles/usart.dir/C_/Users/ktkuru/Documents/Pico_SDK_v1.5.1/pico-sdk/src/rp2_common/pico_standard_link/binary_info.c.obj
 .binary_info.keep.__bi_ptr38
                0x1000550c        0x4 CMakeFiles/usart.dir/C_/Users/ktkuru/Documents/Pico_SDK_v1.5.1/pico-sdk/src/rp2_common/pico_standard_link/binary_info.c.obj
 .binary_info.keep.__bi_ptr30
                0x10005510        0x4 CMakeFiles/usart.dir/C_/Users/ktkuru/Documents/Pico_SDK_v1.5.1/pico-sdk/src/rp2_common/pico_standard_link/binary_info.c.obj
 .binary_info.keep.__bi_ptr22
                0x10005514        0x4 CMakeFiles/usart.dir/C_/Users/ktkuru/Documents/Pico_SDK_v1.5.1/pico-sdk/src/rp2_common/pico_standard_link/binary_info.c.obj
 *(.binary_info.*)
 .binary_info.__bi_ptr34
                0x10005518        0x4 CMakeFiles/usart.dir/C_/Users/ktkuru/Documents/Pico_SDK_v1.5.1/pico-sdk/src/rp2_common/pico_stdio_uart/stdio_uart.c.obj
 .binary_info.__bi_ptr33
                0x1000551c        0x4 CMakeFiles/usart.dir/C_/Users/ktkuru/Documents/Pico_SDK_v1.5.1/pico-sdk/src/rp2_common/pico_stdio_uart/stdio_uart.c.obj
                0x10005520                        __binary_info_end = .

.rel.dyn        0x10005520        0x0
 .rel.iplt      0x10005520        0x0 C:/PROGRA~2/ARMGNU~1/133167~1.3RE/bin/../lib/gcc/arm-none-eabi/13.3.1/thumb/v6-m/nofp/crtbegin.o
                0x10005520                        . = ALIGN (0x4)

.ram_vector_table
                0x20000000       0xc0
 *(.ram_vector_table)
 .ram_vector_table
                0x20000000       0xc0 CMakeFiles/usart.dir/C_/Users/ktkuru/Documents/Pico_SDK_v1.5.1/pico-sdk/src/rp2_common/pico_runtime/runtime.c.obj
                0x20000000                ram_vector_table

.data           0x200000c0      0x244 load address 0x10005520
                0x200000c0                        __data_start__ = .
 *(vtable)
 *(.time_critical*)
 .time_critical.mutex_try_enter
                0x200000c0       0x46 CMakeFiles/usart.dir/C_/Users/ktkuru/Documents/Pico_SDK_v1.5.1/pico-sdk/src/common/pico_sync/mutex.c.obj
                0x200000c0                mutex_try_enter
 *fill*         0x20000106        0x2 
 .time_critical.mutex_enter_block_until
                0x20000108       0x8c CMakeFiles/usart.dir/C_/Users/ktkuru/Documents/Pico_SDK_v1.5.1/pico-sdk/src/common/pico_sync/mutex.c.obj
                0x20000108                mutex_enter_block_until
 .time_critical.mutex_try_enter_block_until
                0x20000194       0x34 CMakeFiles/usart.dir/C_/Users/ktkuru/Documents/Pico_SDK_v1.5.1/pico-sdk/src/common/pico_sync/mutex.c.obj
                0x20000194                mutex_try_enter_block_until
 .time_critical.mutex_exit
                0x200001c8       0x4c CMakeFiles/usart.dir/C_/Users/ktkuru/Documents/Pico_SDK_v1.5.1/pico-sdk/src/common/pico_sync/mutex.c.obj
                0x200001c8                mutex_exit
 *(.text*)
 .text          0x20000214        0x4 C:/PROGRA~2/ARMGNU~1/133167~1.3RE/bin/../lib/gcc/arm-none-eabi/13.3.1/thumb/v6-m/nofp\libgcc.a(_dvmd_tls.o)
                0x20000214                __aeabi_idiv0
                0x20000214                __aeabi_ldiv0
 .text.__stub   0x20000218       0x20 linker stubs
                0x20000238                        . = ALIGN (0x4)
 *(.rodata*)
                0x20000238                        . = ALIGN (0x4)
 *(.data*)
 .data.striped_spin_lock_num
                0x20000238        0x1 CMakeFiles/usart.dir/C_/Users/ktkuru/Documents/Pico_SDK_v1.5.1/pico-sdk/src/rp2_common/hardware_sync/sync.c.obj
 *fill*         0x20000239        0x3 
 .data          0x2000023c       0x48 CMakeFiles/usart.dir/C_/Users/ktkuru/Documents/Pico_SDK_v1.5.1/pico-sdk/src/rp2_common/hardware_irq/irq_handler_chain.S.obj
                0x2000023c                irq_handler_chain_slots
                0x2000026c                irq_handler_chain_first_slot
                0x20000276                irq_handler_chain_remove_tail
 .data.default_alarm_pool
                0x20000284       0x18 CMakeFiles/usart.dir/C_/Users/ktkuru/Documents/Pico_SDK_v1.5.1/pico-sdk/src/common/pico_time/time.c.obj
 .data.default_alarm_pool_heap
                0x2000029c       0x10 CMakeFiles/usart.dir/C_/Users/ktkuru/Documents/Pico_SDK_v1.5.1/pico-sdk/src/common/pico_time/time.c.obj
 *fill*         0x200002ac        0x4 
 .data.aeabi_bits_funcs
                0x200002b0       0x10 CMakeFiles/usart.dir/C_/Users/ktkuru/Documents/Pico_SDK_v1.5.1/pico-sdk/src/rp2_common/pico_bit_ops/bit_ops_aeabi.S.obj
                0x200002b0                aeabi_bits_funcs
                0x200002c0                aeabi_bits_funcs_end
 .data.aeabi_mem_funcs
                0x200002c0       0x10 CMakeFiles/usart.dir/C_/Users/ktkuru/Documents/Pico_SDK_v1.5.1/pico-sdk/src/rp2_common/pico_mem_ops/mem_ops_aeabi.S.obj
                0x200002c0                aeabi_mem_funcs
                0x200002d0                aeabi_mem_funcs_end
 .data.stdio_uart
                0x200002d0       0x18 CMakeFiles/usart.dir/C_/Users/ktkuru/Documents/Pico_SDK_v1.5.1/pico-sdk/src/rp2_common/pico_stdio_uart/stdio_uart.c.obj
                0x200002d0                stdio_uart
                0x200002e8                        . = ALIGN (0x4)
 *(.after_data.*)
                0x200002e8                        . = ALIGN (0x4)
                0x200002e8                        PROVIDE (__mutex_array_start = .)
 *(SORT_BY_NAME(.mutex_array.*))
 *(.mutex_array)
 .mutex_array   0x200002e8        0x8 CMakeFiles/usart.dir/C_/Users/ktkuru/Documents/Pico_SDK_v1.5.1/pico-sdk/src/rp2_common/pico_stdio/stdio.c.obj
                0x200002f0                        PROVIDE (__mutex_array_end = .)
                0x200002f0                        . = ALIGN (0x4)
                0x200002f0                        PROVIDE (__preinit_array_start = .)
 *(SORT_BY_NAME(.preinit_array.*))
 .preinit_array.00001
                0x200002f0        0x4 CMakeFiles/usart.dir/C_/Users/ktkuru/Documents/Pico_SDK_v1.5.1/pico-sdk/src/rp2_common/pico_mem_ops/mem_ops_aeabi.S.obj
 .preinit_array.00010
                0x200002f4        0x4 CMakeFiles/usart.dir/C_/Users/ktkuru/Documents/Pico_SDK_v1.5.1/pico-sdk/src/rp2_common/pico_bit_ops/bit_ops_aeabi.S.obj
 .preinit_array.00020
                0x200002f8        0x4 CMakeFiles/usart.dir/C_/Users/ktkuru/Documents/Pico_SDK_v1.5.1/pico-sdk/src/rp2_common/pico_double/double_aeabi.S.obj
 .preinit_array.00020
                0x200002fc        0x4 CMakeFiles/usart.dir/C_/Users/ktkuru/Documents/Pico_SDK_v1.5.1/pico-sdk/src/rp2_common/pico_float/float_aeabi.S.obj
 *(.preinit_array)
                0x20000300                        PROVIDE (__preinit_array_end = .)
                0x20000300                        . = ALIGN (0x4)
                0x20000300                        PROVIDE (__init_array_start = .)
 *(SORT_BY_NAME(.init_array.*))
 *(.init_array)
 .init_array    0x20000300        0x4 C:/PROGRA~2/ARMGNU~1/133167~1.3RE/bin/../lib/gcc/arm-none-eabi/13.3.1/thumb/v6-m/nofp/crtbegin.o
                0x20000304                        PROVIDE (__init_array_end = .)
                0x20000304                        . = ALIGN (0x4)
                [!provide]                        PROVIDE (__fini_array_start = .)
 *(SORT_BY_NAME(.fini_array.*))
 *(.fini_array)
                [!provide]                        PROVIDE (__fini_array_end = .)
 *(.jcr)
                0x20000304                        . = ALIGN (0x4)
                0x20000304                        __data_end__ = .
                0x10005520                        __etext = LOADADDR (.data)

.tm_clone_table
                0x20000304        0x0 load address 0x10005764
 .tm_clone_table
                0x20000304        0x0 C:/PROGRA~2/ARMGNU~1/133167~1.3RE/bin/../lib/gcc/arm-none-eabi/13.3.1/thumb/v6-m/nofp/crtbegin.o
 .tm_clone_table
                0x20000304        0x0 C:/PROGRA~2/ARMGNU~1/133167~1.3RE/bin/../lib/gcc/arm-none-eabi/13.3.1/thumb/v6-m/nofp/crtend.o

.igot.plt       0x20000304        0x0 load address 0x10005764
 .igot.plt      0x20000304        0x0 C:/PROGRA~2/ARMGNU~1/133167~1.3RE/bin/../lib/gcc/arm-none-eabi/13.3.1/thumb/v6-m/nofp/crtbegin.o

.uninitialized_data
                0x20000304        0x0 load address 0x10005764
                0x20000304                        . = ALIGN (0x4)
 *(.uninitialized_data*)

.scratch_x      0x20040000        0x0 load address 0x10005764
                0x20040000                        __scratch_x_start__ = .
 *(.scratch_x.*)
                0x20040000                        . = ALIGN (0x4)
                0x20040000                        __scratch_x_end__ = .
                0x10005764                        __scratch_x_source__ = LOADADDR (.scratch_x)

.scratch_y      0x20041000        0x0 load address 0x10005764
                0x20041000                        __scratch_y_start__ = .
 *(.scratch_y.*)
                0x20041000                        . = ALIGN (0x4)
                0x20041000                        __scratch_y_end__ = .
                0x10005764                        __scratch_y_source__ = LOADADDR (.scratch_y)

.bss            0x20000308      0x3d4
                0x20000308                        . = ALIGN (0x4)
                0x20000308                        __bss_start__ = .
 *(SORT_BY_ALIGNMENT(SORT_BY_NAME(.bss*)))
 .bss.default_alarm_pool_entries
                0x20000308      0x100 CMakeFiles/usart.dir/C_/Users/ktkuru/Documents/Pico_SDK_v1.5.1/pico-sdk/src/common/pico_time/time.c.obj
 .bss.alarm_callbacks
                0x20000408       0x10 CMakeFiles/usart.dir/C_/Users/ktkuru/Documents/Pico_SDK_v1.5.1/pico-sdk/src/rp2_common/hardware_timer/timer.c.obj
 .bss.chars_available_callback
                0x20000418        0x4 CMakeFiles/usart.dir/C_/Users/ktkuru/Documents/Pico_SDK_v1.5.1/pico-sdk/src/rp2_common/pico_stdio_uart/stdio_uart.c.obj
 .bss.chars_available_param
                0x2000041c        0x4 CMakeFiles/usart.dir/C_/Users/ktkuru/Documents/Pico_SDK_v1.5.1/pico-sdk/src/rp2_common/pico_stdio_uart/stdio_uart.c.obj
 .bss.configured_freq
                0x20000420       0x28 CMakeFiles/usart.dir/C_/Users/ktkuru/Documents/Pico_SDK_v1.5.1/pico-sdk/src/rp2_common/hardware_clocks/clocks.c.obj
 .bss.default_alarm_pool_entry_ids_high
                0x20000448       0x10 CMakeFiles/usart.dir/C_/Users/ktkuru/Documents/Pico_SDK_v1.5.1/pico-sdk/src/common/pico_time/time.c.obj
 .bss.default_alarm_pool_heap_nodes
                0x20000458       0x30 CMakeFiles/usart.dir/C_/Users/ktkuru/Documents/Pico_SDK_v1.5.1/pico-sdk/src/common/pico_time/time.c.obj
 .bss.drivers   0x20000488        0x4 CMakeFiles/usart.dir/C_/Users/ktkuru/Documents/Pico_SDK_v1.5.1/pico-sdk/src/rp2_common/pico_stdio/stdio.c.obj
 .bss.filter    0x2000048c        0x4 CMakeFiles/usart.dir/C_/Users/ktkuru/Documents/Pico_SDK_v1.5.1/pico-sdk/src/rp2_common/pico_stdio/stdio.c.obj
 .bss.object.0  0x20000490       0x18 C:/PROGRA~2/ARMGNU~1/133167~1.3RE/bin/../lib/gcc/arm-none-eabi/13.3.1/thumb/v6-m/nofp/crtbegin.o
 .bss.pools     0x200004a8       0x10 CMakeFiles/usart.dir/C_/Users/ktkuru/Documents/Pico_SDK_v1.5.1/pico-sdk/src/common/pico_time/time.c.obj
 .bss.sd_table  0x200004b8      0x100 CMakeFiles/usart.dir/C_/Users/ktkuru/Documents/Pico_SDK_v1.5.1/pico-sdk/src/rp2_common/pico_double/double_init_rom.c.obj
                0x200004b8                sd_table
 .bss.sf_clz_func
                0x200005b8        0x4 CMakeFiles/usart.dir/C_/Users/ktkuru/Documents/Pico_SDK_v1.5.1/pico-sdk/src/rp2_common/pico_double/double_init_rom.c.obj
                0x200005b8                sf_clz_func
 .bss.sf_table  0x200005bc      0x100 CMakeFiles/usart.dir/C_/Users/ktkuru/Documents/Pico_SDK_v1.5.1/pico-sdk/src/rp2_common/pico_float/float_init_rom.c.obj
                0x200005bc                sf_table
 .bss.sleep_notifier
                0x200006bc        0x4 CMakeFiles/usart.dir/C_/Users/ktkuru/Documents/Pico_SDK_v1.5.1/pico-sdk/src/common/pico_time/time.c.obj
 .bss.target_hi
                0x200006c0       0x10 CMakeFiles/usart.dir/C_/Users/ktkuru/Documents/Pico_SDK_v1.5.1/pico-sdk/src/rp2_common/hardware_timer/timer.c.obj
 .bss.uart_char_to_line_feed
                0x200006d0        0x4 CMakeFiles/usart.dir/C_/Users/ktkuru/Documents/Pico_SDK_v1.5.1/pico-sdk/src/rp2_common/hardware_uart/uart.c.obj
                0x200006d0                uart_char_to_line_feed
 .bss.uart_instance
                0x200006d4        0x4 CMakeFiles/usart.dir/C_/Users/ktkuru/Documents/Pico_SDK_v1.5.1/pico-sdk/src/rp2_common/pico_stdio_uart/stdio_uart.c.obj
 .bss.claimed   0x200006d8        0x1 CMakeFiles/usart.dir/C_/Users/ktkuru/Documents/Pico_SDK_v1.5.1/pico-sdk/src/rp2_common/hardware_timer/timer.c.obj
 .bss.irq_hander_chain_free_slot_head
                0x200006d9        0x1 CMakeFiles/usart.dir/C_/Users/ktkuru/Documents/Pico_SDK_v1.5.1/pico-sdk/src/rp2_common/hardware_irq/irq.c.obj
 .bss.timer_callbacks_pending
                0x200006da        0x1 CMakeFiles/usart.dir/C_/Users/ktkuru/Documents/Pico_SDK_v1.5.1/pico-sdk/src/rp2_common/hardware_timer/timer.c.obj
 *(COMMON)
                0x200006dc                        . = ALIGN (0x4)
 *fill*         0x200006db        0x1 
                0x200006dc                        __bss_end__ = .

.heap           0x200006dc      0x800
                0x200006dc                        __end__ = .
                0x200006dc                        end = __end__
 *(.heap*)
 .heap          0x200006dc      0x800 CMakeFiles/usart.dir/C_/Users/ktkuru/Documents/Pico_SDK_v1.5.1/pico-sdk/src/rp2_common/pico_standard_link/crt0.S.obj
                0x20000edc                        __HeapLimit = .

.stack1_dummy
 *(.stack1*)

.stack_dummy    0x20041000      0x800
 *(.stack*)
 .stack         0x20041000      0x800 CMakeFiles/usart.dir/C_/Users/ktkuru/Documents/Pico_SDK_v1.5.1/pico-sdk/src/rp2_common/pico_standard_link/crt0.S.obj

.flash_end      0x10005764        0x0
                0x10005764                        PROVIDE (__flash_binary_end = .)
                0x20040000                        __StackLimit = (ORIGIN (RAM) + LENGTH (RAM))
                0x20041000                        __StackOneTop = (ORIGIN (SCRATCH_X) + LENGTH (SCRATCH_X))
                0x20042000                        __StackTop = (ORIGIN (SCRATCH_Y) + LENGTH (SCRATCH_Y))
                0x20041000                        __StackOneBottom = (__StackOneTop - SIZEOF (.stack1_dummy))
                0x20041800                        __StackBottom = (__StackTop - SIZEOF (.stack_dummy))
                0x20042000                        PROVIDE (__stack = __StackTop)
                0x00000001                        ASSERT ((__StackLimit >= __HeapLimit), region RAM overflowed)
                0x00000001                        ASSERT (((__binary_info_header_end - __logical_binary_start) <= 0x100), Binary info must be in first 256 bytes of the binary)
LOAD CMakeFiles/usart.dir/usart.c.obj
LOAD CMakeFiles/usart.dir/C_/Users/ktkuru/Documents/Pico_SDK_v1.5.1/pico-sdk/src/rp2_common/pico_stdlib/stdlib.c.obj
LOAD CMakeFiles/usart.dir/C_/Users/ktkuru/Documents/Pico_SDK_v1.5.1/pico-sdk/src/rp2_common/hardware_gpio/gpio.c.obj
LOAD CMakeFiles/usart.dir/C_/Users/ktkuru/Documents/Pico_SDK_v1.5.1/pico-sdk/src/rp2_common/pico_platform/platform.c.obj
LOAD CMakeFiles/usart.dir/C_/Users/ktkuru/Documents/Pico_SDK_v1.5.1/pico-sdk/src/rp2_common/hardware_claim/claim.c.obj
LOAD CMakeFiles/usart.dir/C_/Users/ktkuru/Documents/Pico_SDK_v1.5.1/pico-sdk/src/rp2_common/hardware_sync/sync.c.obj
LOAD CMakeFiles/usart.dir/C_/Users/ktkuru/Documents/Pico_SDK_v1.5.1/pico-sdk/src/rp2_common/hardware_irq/irq.c.obj
LOAD CMakeFiles/usart.dir/C_/Users/ktkuru/Documents/Pico_SDK_v1.5.1/pico-sdk/src/rp2_common/hardware_irq/irq_handler_chain.S.obj
LOAD CMakeFiles/usart.dir/C_/Users/ktkuru/Documents/Pico_SDK_v1.5.1/pico-sdk/src/common/pico_sync/sem.c.obj
LOAD CMakeFiles/usart.dir/C_/Users/ktkuru/Documents/Pico_SDK_v1.5.1/pico-sdk/src/common/pico_sync/lock_core.c.obj
LOAD CMakeFiles/usart.dir/C_/Users/ktkuru/Documents/Pico_SDK_v1.5.1/pico-sdk/src/common/pico_sync/mutex.c.obj
LOAD CMakeFiles/usart.dir/C_/Users/ktkuru/Documents/Pico_SDK_v1.5.1/pico-sdk/src/common/pico_sync/critical_section.c.obj
LOAD CMakeFiles/usart.dir/C_/Users/ktkuru/Documents/Pico_SDK_v1.5.1/pico-sdk/src/common/pico_time/time.c.obj
LOAD CMakeFiles/usart.dir/C_/Users/ktkuru/Documents/Pico_SDK_v1.5.1/pico-sdk/src/common/pico_time/timeout_helper.c.obj
LOAD CMakeFiles/usart.dir/C_/Users/ktkuru/Documents/Pico_SDK_v1.5.1/pico-sdk/src/rp2_common/hardware_timer/timer.c.obj
LOAD CMakeFiles/usart.dir/C_/Users/ktkuru/Documents/Pico_SDK_v1.5.1/pico-sdk/src/common/pico_util/datetime.c.obj
LOAD CMakeFiles/usart.dir/C_/Users/ktkuru/Documents/Pico_SDK_v1.5.1/pico-sdk/src/common/pico_util/pheap.c.obj
LOAD CMakeFiles/usart.dir/C_/Users/ktkuru/Documents/Pico_SDK_v1.5.1/pico-sdk/src/common/pico_util/queue.c.obj
LOAD CMakeFiles/usart.dir/C_/Users/ktkuru/Documents/Pico_SDK_v1.5.1/pico-sdk/src/rp2_common/hardware_uart/uart.c.obj
LOAD CMakeFiles/usart.dir/C_/Users/ktkuru/Documents/Pico_SDK_v1.5.1/pico-sdk/src/rp2_common/hardware_clocks/clocks.c.obj
LOAD CMakeFiles/usart.dir/C_/Users/ktkuru/Documents/Pico_SDK_v1.5.1/pico-sdk/src/rp2_common/hardware_pll/pll.c.obj
LOAD CMakeFiles/usart.dir/C_/Users/ktkuru/Documents/Pico_SDK_v1.5.1/pico-sdk/src/rp2_common/hardware_vreg/vreg.c.obj
LOAD CMakeFiles/usart.dir/C_/Users/ktkuru/Documents/Pico_SDK_v1.5.1/pico-sdk/src/rp2_common/hardware_watchdog/watchdog.c.obj
LOAD CMakeFiles/usart.dir/C_/Users/ktkuru/Documents/Pico_SDK_v1.5.1/pico-sdk/src/rp2_common/hardware_xosc/xosc.c.obj
LOAD CMakeFiles/usart.dir/C_/Users/ktkuru/Documents/Pico_SDK_v1.5.1/pico-sdk/src/rp2_common/hardware_divider/divider.S.obj
LOAD CMakeFiles/usart.dir/C_/Users/ktkuru/Documents/Pico_SDK_v1.5.1/pico-sdk/src/rp2_common/pico_runtime/runtime.c.obj
LOAD CMakeFiles/usart.dir/C_/Users/ktkuru/Documents/Pico_SDK_v1.5.1/pico-sdk/src/rp2_common/pico_printf/printf.c.obj
LOAD CMakeFiles/usart.dir/C_/Users/ktkuru/Documents/Pico_SDK_v1.5.1/pico-sdk/src/rp2_common/pico_bit_ops/bit_ops_aeabi.S.obj
LOAD CMakeFiles/usart.dir/C_/Users/ktkuru/Documents/Pico_SDK_v1.5.1/pico-sdk/src/rp2_common/pico_bootrom/bootrom.c.obj
LOAD CMakeFiles/usart.dir/C_/Users/ktkuru/Documents/Pico_SDK_v1.5.1/pico-sdk/src/rp2_common/pico_divider/divider.S.obj
LOAD CMakeFiles/usart.dir/C_/Users/ktkuru/Documents/Pico_SDK_v1.5.1/pico-sdk/src/rp2_common/pico_double/double_aeabi.S.obj
LOAD CMakeFiles/usart.dir/C_/Users/ktkuru/Documents/Pico_SDK_v1.5.1/pico-sdk/src/rp2_common/pico_double/double_init_rom.c.obj
LOAD CMakeFiles/usart.dir/C_/Users/ktkuru/Documents/Pico_SDK_v1.5.1/pico-sdk/src/rp2_common/pico_double/double_math.c.obj
LOAD CMakeFiles/usart.dir/C_/Users/ktkuru/Documents/Pico_SDK_v1.5.1/pico-sdk/src/rp2_common/pico_double/double_v1_rom_shim.S.obj
LOAD CMakeFiles/usart.dir/C_/Users/ktkuru/Documents/Pico_SDK_v1.5.1/pico-sdk/src/rp2_common/pico_int64_ops/pico_int64_ops_aeabi.S.obj
LOAD CMakeFiles/usart.dir/C_/Users/ktkuru/Documents/Pico_SDK_v1.5.1/pico-sdk/src/rp2_common/pico_float/float_aeabi.S.obj
LOAD CMakeFiles/usart.dir/C_/Users/ktkuru/Documents/Pico_SDK_v1.5.1/pico-sdk/src/rp2_common/pico_float/float_init_rom.c.obj
LOAD CMakeFiles/usart.dir/C_/Users/ktkuru/Documents/Pico_SDK_v1.5.1/pico-sdk/src/rp2_common/pico_float/float_math.c.obj
LOAD CMakeFiles/usart.dir/C_/Users/ktkuru/Documents/Pico_SDK_v1.5.1/pico-sdk/src/rp2_common/pico_float/float_v1_rom_shim.S.obj
LOAD CMakeFiles/usart.dir/C_/Users/ktkuru/Documents/Pico_SDK_v1.5.1/pico-sdk/src/rp2_common/pico_malloc/pico_malloc.c.obj
LOAD CMakeFiles/usart.dir/C_/Users/ktkuru/Documents/Pico_SDK_v1.5.1/pico-sdk/src/rp2_common/pico_mem_ops/mem_ops_aeabi.S.obj
LOAD CMakeFiles/usart.dir/C_/Users/ktkuru/Documents/Pico_SDK_v1.5.1/pico-sdk/src/rp2_common/pico_standard_link/crt0.S.obj
LOAD CMakeFiles/usart.dir/C_/Users/ktkuru/Documents/Pico_SDK_v1.5.1/pico-sdk/src/rp2_common/pico_standard_link/new_delete.cpp.obj
LOAD CMakeFiles/usart.dir/C_/Users/ktkuru/Documents/Pico_SDK_v1.5.1/pico-sdk/src/rp2_common/pico_standard_link/binary_info.c.obj
LOAD CMakeFiles/usart.dir/C_/Users/ktkuru/Documents/Pico_SDK_v1.5.1/pico-sdk/src/rp2_common/pico_stdio/stdio.c.obj
LOAD CMakeFiles/usart.dir/C_/Users/ktkuru/Documents/Pico_SDK_v1.5.1/pico-sdk/src/rp2_common/pico_stdio_uart/stdio_uart.c.obj
LOAD C:\Users\ktkuru\AppData\Local\Temp\ccuJO1rG.o
LOAD C:/PROGRA~2/ARMGNU~1/133167~1.3RE/bin/../lib/gcc/arm-none-eabi/13.3.1/thumb/v6-m/nofp\libstdc++.a
LOAD C:/PROGRA~2/ARMGNU~1/133167~1.3RE/bin/../lib/gcc/arm-none-eabi/13.3.1/thumb/v6-m/nofp\libm.a
START GROUP
LOAD C:/PROGRA~2/ARMGNU~1/133167~1.3RE/bin/../lib/gcc/arm-none-eabi/13.3.1/thumb/v6-m/nofp\libgcc.a
LOAD C:/PROGRA~2/ARMGNU~1/133167~1.3RE/bin/../lib/gcc/arm-none-eabi/13.3.1/thumb/v6-m/nofp\libg.a
LOAD C:/PROGRA~2/ARMGNU~1/133167~1.3RE/bin/../lib/gcc/arm-none-eabi/13.3.1/thumb/v6-m/nofp\libc.a
END GROUP
START GROUP
LOAD C:/PROGRA~2/ARMGNU~1/133167~1.3RE/bin/../lib/gcc/arm-none-eabi/13.3.1/thumb/v6-m/nofp\libgcc.a
LOAD C:/PROGRA~2/ARMGNU~1/133167~1.3RE/bin/../lib/gcc/arm-none-eabi/13.3.1/thumb/v6-m/nofp\libc.a
LOAD C:/PROGRA~2/ARMGNU~1/133167~1.3RE/bin/../lib/gcc/arm-none-eabi/13.3.1/thumb/v6-m/nofp\libnosys.a
END GROUP
LOAD C:/PROGRA~2/ARMGNU~1/133167~1.3RE/bin/../lib/gcc/arm-none-eabi/13.3.1/thumb/v6-m/nofp/crtend.o
LOAD C:/PROGRA~2/ARMGNU~1/133167~1.3RE/bin/../lib/gcc/arm-none-eabi/13.3.1/thumb/v6-m/nofp/crtn.o
OUTPUT(usart.elf elf32-littlearm)
LOAD linker stubs

.ARM.attributes
                0x00000000       0x28
 .ARM.attributes
                0x00000000       0x1e C:/PROGRA~2/ARMGNU~1/133167~1.3RE/bin/../lib/gcc/arm-none-eabi/13.3.1/thumb/v6-m/nofp/crti.o
 .ARM.attributes
                0x0000001e       0x2c C:/PROGRA~2/ARMGNU~1/133167~1.3RE/bin/../lib/gcc/arm-none-eabi/13.3.1/thumb/v6-m/nofp/crtbegin.o
 .ARM.attributes
                0x0000004a       0x2c CMakeFiles/usart.dir/usart.c.obj
 .ARM.attributes
                0x00000076       0x2c CMakeFiles/usart.dir/C_/Users/ktkuru/Documents/Pico_SDK_v1.5.1/pico-sdk/src/rp2_common/hardware_gpio/gpio.c.obj
 .ARM.attributes
                0x000000a2       0x2c CMakeFiles/usart.dir/C_/Users/ktkuru/Documents/Pico_SDK_v1.5.1/pico-sdk/src/rp2_common/pico_platform/platform.c.obj
 .ARM.attributes
                0x000000ce       0x2c CMakeFiles/usart.dir/C_/Users/ktkuru/Documents/Pico_SDK_v1.5.1/pico-sdk/src/rp2_common/hardware_claim/claim.c.obj
 .ARM.attributes
                0x000000fa       0x2c CMakeFiles/usart.dir/C_/Users/ktkuru/Documents/Pico_SDK_v1.5.1/pico-sdk/src/rp2_common/hardware_sync/sync.c.obj
 .ARM.attributes
                0x00000126       0x2c CMakeFiles/usart.dir/C_/Users/ktkuru/Documents/Pico_SDK_v1.5.1/pico-sdk/src/rp2_common/hardware_irq/irq.c.obj
 .ARM.attributes
                0x00000152       0x22 CMakeFiles/usart.dir/C_/Users/ktkuru/Documents/Pico_SDK_v1.5.1/pico-sdk/src/rp2_common/hardware_irq/irq_handler_chain.S.obj
 .ARM.attributes
                0x00000174       0x2c CMakeFiles/usart.dir/C_/Users/ktkuru/Documents/Pico_SDK_v1.5.1/pico-sdk/src/common/pico_sync/lock_core.c.obj
 .ARM.attributes
                0x000001a0       0x2c CMakeFiles/usart.dir/C_/Users/ktkuru/Documents/Pico_SDK_v1.5.1/pico-sdk/src/common/pico_sync/mutex.c.obj
 .ARM.attributes
                0x000001cc       0x2c CMakeFiles/usart.dir/C_/Users/ktkuru/Documents/Pico_SDK_v1.5.1/pico-sdk/src/common/pico_time/time.c.obj
 .ARM.attributes
                0x000001f8       0x2c CMakeFiles/usart.dir/C_/Users/ktkuru/Documents/Pico_SDK_v1.5.1/pico-sdk/src/rp2_common/hardware_timer/timer.c.obj
 .ARM.attributes
                0x00000224       0x2c CMakeFiles/usart.dir/C_/Users/ktkuru/Documents/Pico_SDK_v1.5.1/pico-sdk/src/common/pico_util/pheap.c.obj
 .ARM.attributes
                0x00000250       0x2c CMakeFiles/usart.dir/C_/Users/ktkuru/Documents/Pico_SDK_v1.5.1/pico-sdk/src/rp2_common/hardware_uart/uart.c.obj
 .ARM.attributes
                0x0000027c       0x2c CMakeFiles/usart.dir/C_/Users/ktkuru/Documents/Pico_SDK_v1.5.1/pico-sdk/src/rp2_common/hardware_clocks/clocks.c.obj
 .ARM.attributes
                0x000002a8       0x2c CMakeFiles/usart.dir/C_/Users/ktkuru/Documents/Pico_SDK_v1.5.1/pico-sdk/src/rp2_common/hardware_pll/pll.c.obj
 .ARM.attributes
                0x000002d4       0x2c CMakeFiles/usart.dir/C_/Users/ktkuru/Documents/Pico_SDK_v1.5.1/pico-sdk/src/rp2_common/hardware_watchdog/watchdog.c.obj
 .ARM.attributes
                0x00000300       0x2c CMakeFiles/usart.dir/C_/Users/ktkuru/Documents/Pico_SDK_v1.5.1/pico-sdk/src/rp2_common/hardware_xosc/xosc.c.obj
 .ARM.attributes
                0x0000032c       0x2c CMakeFiles/usart.dir/C_/Users/ktkuru/Documents/Pico_SDK_v1.5.1/pico-sdk/src/rp2_common/pico_runtime/runtime.c.obj
 .ARM.attributes
                0x00000358       0x2c CMakeFiles/usart.dir/C_/Users/ktkuru/Documents/Pico_SDK_v1.5.1/pico-sdk/src/rp2_common/pico_printf/printf.c.obj
 .ARM.attributes
                0x00000384       0x22 CMakeFiles/usart.dir/C_/Users/ktkuru/Documents/Pico_SDK_v1.5.1/pico-sdk/src/rp2_common/pico_bit_ops/bit_ops_aeabi.S.obj
 .ARM.attributes
                0x000003a6       0x2c CMakeFiles/usart.dir/C_/Users/ktkuru/Documents/Pico_SDK_v1.5.1/pico-sdk/src/rp2_common/pico_bootrom/bootrom.c.obj
 .ARM.attributes
                0x000003d2       0x22 CMakeFiles/usart.dir/C_/Users/ktkuru/Documents/Pico_SDK_v1.5.1/pico-sdk/src/rp2_common/pico_divider/divider.S.obj
 .ARM.attributes
                0x000003f4       0x22 CMakeFiles/usart.dir/C_/Users/ktkuru/Documents/Pico_SDK_v1.5.1/pico-sdk/src/rp2_common/pico_double/double_aeabi.S.obj
 .ARM.attributes
                0x00000416       0x2c CMakeFiles/usart.dir/C_/Users/ktkuru/Documents/Pico_SDK_v1.5.1/pico-sdk/src/rp2_common/pico_double/double_init_rom.c.obj
 .ARM.attributes
                0x00000442       0x22 CMakeFiles/usart.dir/C_/Users/ktkuru/Documents/Pico_SDK_v1.5.1/pico-sdk/src/rp2_common/pico_double/double_v1_rom_shim.S.obj
 .ARM.attributes
                0x00000464       0x22 CMakeFiles/usart.dir/C_/Users/ktkuru/Documents/Pico_SDK_v1.5.1/pico-sdk/src/rp2_common/pico_int64_ops/pico_int64_ops_aeabi.S.obj
 .ARM.attributes
                0x00000486       0x22 CMakeFiles/usart.dir/C_/Users/ktkuru/Documents/Pico_SDK_v1.5.1/pico-sdk/src/rp2_common/pico_float/float_aeabi.S.obj
 .ARM.attributes
                0x000004a8       0x2c CMakeFiles/usart.dir/C_/Users/ktkuru/Documents/Pico_SDK_v1.5.1/pico-sdk/src/rp2_common/pico_float/float_init_rom.c.obj
 .ARM.attributes
                0x000004d4       0x22 CMakeFiles/usart.dir/C_/Users/ktkuru/Documents/Pico_SDK_v1.5.1/pico-sdk/src/rp2_common/pico_float/float_v1_rom_shim.S.obj
 .ARM.attributes
                0x000004f6       0x22 CMakeFiles/usart.dir/C_/Users/ktkuru/Documents/Pico_SDK_v1.5.1/pico-sdk/src/rp2_common/pico_mem_ops/mem_ops_aeabi.S.obj
 .ARM.attributes
                0x00000518       0x22 CMakeFiles/usart.dir/C_/Users/ktkuru/Documents/Pico_SDK_v1.5.1/pico-sdk/src/rp2_common/pico_standard_link/crt0.S.obj
 .ARM.attributes
                0x0000053a       0x2c CMakeFiles/usart.dir/C_/Users/ktkuru/Documents/Pico_SDK_v1.5.1/pico-sdk/src/rp2_common/pico_standard_link/binary_info.c.obj
 .ARM.attributes
                0x00000566       0x2c CMakeFiles/usart.dir/C_/Users/ktkuru/Documents/Pico_SDK_v1.5.1/pico-sdk/src/rp2_common/pico_stdio/stdio.c.obj
 .ARM.attributes
                0x00000592       0x2c CMakeFiles/usart.dir/C_/Users/ktkuru/Documents/Pico_SDK_v1.5.1/pico-sdk/src/rp2_common/pico_stdio_uart/stdio_uart.c.obj
 .ARM.attributes
                0x000005be       0x22 C:\Users\ktkuru\AppData\Local\Temp\ccuJO1rG.o
 .ARM.attributes
                0x000005e0       0x1e C:/PROGRA~2/ARMGNU~1/133167~1.3RE/bin/../lib/gcc/arm-none-eabi/13.3.1/thumb/v6-m/nofp\libgcc.a(_dvmd_tls.o)
 .ARM.attributes
                0x000005fe       0x2c C:/PROGRA~2/ARMGNU~1/133167~1.3RE/bin/../lib/gcc/arm-none-eabi/13.3.1/thumb/v6-m/nofp\libg.a(libc_a-strlen-stub.o)
 .ARM.attributes
                0x0000062a       0x2c C:/PROGRA~2/ARMGNU~1/133167~1.3RE/bin/../lib/gcc/arm-none-eabi/13.3.1/thumb/v6-m/nofp/crtend.o

.comment        0x00000000       0x45
 .comment       0x00000000       0x45 CMakeFiles/usart.dir/usart.c.obj
                                 0x46 (size before relaxing)
 .comment       0x00000045       0x46 CMakeFiles/usart.dir/C_/Users/ktkuru/Documents/Pico_SDK_v1.5.1/pico-sdk/src/rp2_common/hardware_gpio/gpio.c.obj
 .comment       0x00000045       0x46 CMakeFiles/usart.dir/C_/Users/ktkuru/Documents/Pico_SDK_v1.5.1/pico-sdk/src/rp2_common/pico_platform/platform.c.obj
 .comment       0x00000045       0x46 CMakeFiles/usart.dir/C_/Users/ktkuru/Documents/Pico_SDK_v1.5.1/pico-sdk/src/rp2_common/hardware_claim/claim.c.obj
 .comment       0x00000045       0x46 CMakeFiles/usart.dir/C_/Users/ktkuru/Documents/Pico_SDK_v1.5.1/pico-sdk/src/rp2_common/hardware_sync/sync.c.obj
 .comment       0x00000045       0x46 CMakeFiles/usart.dir/C_/Users/ktkuru/Documents/Pico_SDK_v1.5.1/pico-sdk/src/rp2_common/hardware_irq/irq.c.obj
 .comment       0x00000045       0x46 CMakeFiles/usart.dir/C_/Users/ktkuru/Documents/Pico_SDK_v1.5.1/pico-sdk/src/common/pico_sync/lock_core.c.obj
 .comment       0x00000045       0x46 CMakeFiles/usart.dir/C_/Users/ktkuru/Documents/Pico_SDK_v1.5.1/pico-sdk/src/common/pico_sync/mutex.c.obj
 .comment       0x00000045       0x46 CMakeFiles/usart.dir/C_/Users/ktkuru/Documents/Pico_SDK_v1.5.1/pico-sdk/src/common/pico_time/time.c.obj
 .comment       0x00000045       0x46 CMakeFiles/usart.dir/C_/Users/ktkuru/Documents/Pico_SDK_v1.5.1/pico-sdk/src/rp2_common/hardware_timer/timer.c.obj
 .comment       0x00000045       0x46 CMakeFiles/usart.dir/C_/Users/ktkuru/Documents/Pico_SDK_v1.5.1/pico-sdk/src/common/pico_util/pheap.c.obj
 .comment       0x00000045       0x46 CMakeFiles/usart.dir/C_/Users/ktkuru/Documents/Pico_SDK_v1.5.1/pico-sdk/src/rp2_common/hardware_uart/uart.c.obj
 .comment       0x00000045       0x46 CMakeFiles/usart.dir/C_/Users/ktkuru/Documents/Pico_SDK_v1.5.1/pico-sdk/src/rp2_common/hardware_clocks/clocks.c.obj
 .comment       0x00000045       0x46 CMakeFiles/usart.dir/C_/Users/ktkuru/Documents/Pico_SDK_v1.5.1/pico-sdk/src/rp2_common/hardware_pll/pll.c.obj
 .comment       0x00000045       0x46 CMakeFiles/usart.dir/C_/Users/ktkuru/Documents/Pico_SDK_v1.5.1/pico-sdk/src/rp2_common/hardware_watchdog/watchdog.c.obj
 .comment       0x00000045       0x46 CMakeFiles/usart.dir/C_/Users/ktkuru/Documents/Pico_SDK_v1.5.1/pico-sdk/src/rp2_common/hardware_xosc/xosc.c.obj
 .comment       0x00000045       0x46 CMakeFiles/usart.dir/C_/Users/ktkuru/Documents/Pico_SDK_v1.5.1/pico-sdk/src/rp2_common/pico_runtime/runtime.c.obj
 .comment       0x00000045       0x46 CMakeFiles/usart.dir/C_/Users/ktkuru/Documents/Pico_SDK_v1.5.1/pico-sdk/src/rp2_common/pico_printf/printf.c.obj
 .comment       0x00000045       0x46 CMakeFiles/usart.dir/C_/Users/ktkuru/Documents/Pico_SDK_v1.5.1/pico-sdk/src/rp2_common/pico_bootrom/bootrom.c.obj
 .comment       0x00000045       0x46 CMakeFiles/usart.dir/C_/Users/ktkuru/Documents/Pico_SDK_v1.5.1/pico-sdk/src/rp2_common/pico_double/double_init_rom.c.obj
 .comment       0x00000045       0x46 CMakeFiles/usart.dir/C_/Users/ktkuru/Documents/Pico_SDK_v1.5.1/pico-sdk/src/rp2_common/pico_float/float_init_rom.c.obj
 .comment       0x00000045       0x46 CMakeFiles/usart.dir/C_/Users/ktkuru/Documents/Pico_SDK_v1.5.1/pico-sdk/src/rp2_common/pico_standard_link/binary_info.c.obj
 .comment       0x00000045       0x46 CMakeFiles/usart.dir/C_/Users/ktkuru/Documents/Pico_SDK_v1.5.1/pico-sdk/src/rp2_common/pico_stdio/stdio.c.obj
 .comment       0x00000045       0x46 CMakeFiles/usart.dir/C_/Users/ktkuru/Documents/Pico_SDK_v1.5.1/pico-sdk/src/rp2_common/pico_stdio_uart/stdio_uart.c.obj

.debug_info     0x00000000    0x14766
 .debug_info    0x00000000      0x75f CMakeFiles/usart.dir/usart.c.obj
 .debug_info    0x0000075f     0x184b CMakeFiles/usart.dir/C_/Users/ktkuru/Documents/Pico_SDK_v1.5.1/pico-sdk/src/rp2_common/hardware_gpio/gpio.c.obj
 .debug_info    0x00001faa      0x1fb CMakeFiles/usart.dir/C_/Users/ktkuru/Documents/Pico_SDK_v1.5.1/pico-sdk/src/rp2_common/pico_platform/platform.c.obj
 .debug_info    0x000021a5      0x69a CMakeFiles/usart.dir/C_/Users/ktkuru/Documents/Pico_SDK_v1.5.1/pico-sdk/src/rp2_common/hardware_claim/claim.c.obj
 .debug_info    0x0000283f      0x5fa CMakeFiles/usart.dir/C_/Users/ktkuru/Documents/Pico_SDK_v1.5.1/pico-sdk/src/rp2_common/hardware_sync/sync.c.obj
 .debug_info    0x00002e39     0x1c43 CMakeFiles/usart.dir/C_/Users/ktkuru/Documents/Pico_SDK_v1.5.1/pico-sdk/src/rp2_common/hardware_irq/irq.c.obj
 .debug_info    0x00004a7c      0x1a3 CMakeFiles/usart.dir/C_/Users/ktkuru/Documents/Pico_SDK_v1.5.1/pico-sdk/src/common/pico_sync/lock_core.c.obj
 .debug_info    0x00004c1f     0x1d29 CMakeFiles/usart.dir/C_/Users/ktkuru/Documents/Pico_SDK_v1.5.1/pico-sdk/src/common/pico_sync/mutex.c.obj
 .debug_info    0x00006948     0x33f9 CMakeFiles/usart.dir/C_/Users/ktkuru/Documents/Pico_SDK_v1.5.1/pico-sdk/src/common/pico_time/time.c.obj
 .debug_info    0x00009d41     0x145b CMakeFiles/usart.dir/C_/Users/ktkuru/Documents/Pico_SDK_v1.5.1/pico-sdk/src/rp2_common/hardware_timer/timer.c.obj
 .debug_info    0x0000b19c      0xe82 CMakeFiles/usart.dir/C_/Users/ktkuru/Documents/Pico_SDK_v1.5.1/pico-sdk/src/common/pico_util/pheap.c.obj
 .debug_info    0x0000c01e      0xd98 CMakeFiles/usart.dir/C_/Users/ktkuru/Documents/Pico_SDK_v1.5.1/pico-sdk/src/rp2_common/hardware_uart/uart.c.obj
 .debug_info    0x0000cdb6      0xfe7 CMakeFiles/usart.dir/C_/Users/ktkuru/Documents/Pico_SDK_v1.5.1/pico-sdk/src/rp2_common/hardware_clocks/clocks.c.obj
 .debug_info    0x0000dd9d      0x505 CMakeFiles/usart.dir/C_/Users/ktkuru/Documents/Pico_SDK_v1.5.1/pico-sdk/src/rp2_common/hardware_pll/pll.c.obj
 .debug_info    0x0000e2a2      0x4d8 CMakeFiles/usart.dir/C_/Users/ktkuru/Documents/Pico_SDK_v1.5.1/pico-sdk/src/rp2_common/hardware_watchdog/watchdog.c.obj
 .debug_info    0x0000e77a      0x1c7 CMakeFiles/usart.dir/C_/Users/ktkuru/Documents/Pico_SDK_v1.5.1/pico-sdk/src/rp2_common/hardware_xosc/xosc.c.obj
 .debug_info    0x0000e941      0xf23 CMakeFiles/usart.dir/C_/Users/ktkuru/Documents/Pico_SDK_v1.5.1/pico-sdk/src/rp2_common/pico_runtime/runtime.c.obj
 .debug_info    0x0000f864     0x19db CMakeFiles/usart.dir/C_/Users/ktkuru/Documents/Pico_SDK_v1.5.1/pico-sdk/src/rp2_common/pico_printf/printf.c.obj
 .debug_info    0x0001123f       0x23 CMakeFiles/usart.dir/C_/Users/ktkuru/Documents/Pico_SDK_v1.5.1/pico-sdk/src/rp2_common/pico_bit_ops/bit_ops_aeabi.S.obj
 .debug_info    0x00011262      0x331 CMakeFiles/usart.dir/C_/Users/ktkuru/Documents/Pico_SDK_v1.5.1/pico-sdk/src/rp2_common/pico_bootrom/bootrom.c.obj
 .debug_info    0x00011593       0x23 CMakeFiles/usart.dir/C_/Users/ktkuru/Documents/Pico_SDK_v1.5.1/pico-sdk/src/rp2_common/pico_divider/divider.S.obj
 .debug_info    0x000115b6       0x23 CMakeFiles/usart.dir/C_/Users/ktkuru/Documents/Pico_SDK_v1.5.1/pico-sdk/src/rp2_common/pico_double/double_aeabi.S.obj
 .debug_info    0x000115d9      0x33b CMakeFiles/usart.dir/C_/Users/ktkuru/Documents/Pico_SDK_v1.5.1/pico-sdk/src/rp2_common/pico_double/double_init_rom.c.obj
 .debug_info    0x00011914       0x23 CMakeFiles/usart.dir/C_/Users/ktkuru/Documents/Pico_SDK_v1.5.1/pico-sdk/src/rp2_common/pico_double/double_v1_rom_shim.S.obj
 .debug_info    0x00011937       0x24 CMakeFiles/usart.dir/C_/Users/ktkuru/Documents/Pico_SDK_v1.5.1/pico-sdk/src/rp2_common/pico_int64_ops/pico_int64_ops_aeabi.S.obj
 .debug_info    0x0001195b       0x23 CMakeFiles/usart.dir/C_/Users/ktkuru/Documents/Pico_SDK_v1.5.1/pico-sdk/src/rp2_common/pico_float/float_aeabi.S.obj
 .debug_info    0x0001197e      0x34f CMakeFiles/usart.dir/C_/Users/ktkuru/Documents/Pico_SDK_v1.5.1/pico-sdk/src/rp2_common/pico_float/float_init_rom.c.obj
 .debug_info    0x00011ccd       0x23 CMakeFiles/usart.dir/C_/Users/ktkuru/Documents/Pico_SDK_v1.5.1/pico-sdk/src/rp2_common/pico_float/float_v1_rom_shim.S.obj
 .debug_info    0x00011cf0       0x23 CMakeFiles/usart.dir/C_/Users/ktkuru/Documents/Pico_SDK_v1.5.1/pico-sdk/src/rp2_common/pico_mem_ops/mem_ops_aeabi.S.obj
 .debug_info    0x00011d13       0x23 CMakeFiles/usart.dir/C_/Users/ktkuru/Documents/Pico_SDK_v1.5.1/pico-sdk/src/rp2_common/pico_standard_link/crt0.S.obj
 .debug_info    0x00011d36      0x2b8 CMakeFiles/usart.dir/C_/Users/ktkuru/Documents/Pico_SDK_v1.5.1/pico-sdk/src/rp2_common/pico_standard_link/binary_info.c.obj
 .debug_info    0x00011fee     0x1743 CMakeFiles/usart.dir/C_/Users/ktkuru/Documents/Pico_SDK_v1.5.1/pico-sdk/src/rp2_common/pico_stdio/stdio.c.obj
 .debug_info    0x00013731     0x1035 CMakeFiles/usart.dir/C_/Users/ktkuru/Documents/Pico_SDK_v1.5.1/pico-sdk/src/rp2_common/pico_stdio_uart/stdio_uart.c.obj

.debug_abbrev   0x00000000     0x4719
 .debug_abbrev  0x00000000      0x31d CMakeFiles/usart.dir/usart.c.obj
 .debug_abbrev  0x0000031d      0x3a6 CMakeFiles/usart.dir/C_/Users/ktkuru/Documents/Pico_SDK_v1.5.1/pico-sdk/src/rp2_common/hardware_gpio/gpio.c.obj
 .debug_abbrev  0x000006c3       0xf8 CMakeFiles/usart.dir/C_/Users/ktkuru/Documents/Pico_SDK_v1.5.1/pico-sdk/src/rp2_common/pico_platform/platform.c.obj
 .debug_abbrev  0x000007bb      0x2ce CMakeFiles/usart.dir/C_/Users/ktkuru/Documents/Pico_SDK_v1.5.1/pico-sdk/src/rp2_common/hardware_claim/claim.c.obj
 .debug_abbrev  0x00000a89      0x249 CMakeFiles/usart.dir/C_/Users/ktkuru/Documents/Pico_SDK_v1.5.1/pico-sdk/src/rp2_common/hardware_sync/sync.c.obj
 .debug_abbrev  0x00000cd2      0x500 CMakeFiles/usart.dir/C_/Users/ktkuru/Documents/Pico_SDK_v1.5.1/pico-sdk/src/rp2_common/hardware_irq/irq.c.obj