Archive member included to satisfy reference by file (symbol)

..\OLED\liboled.a(OLED.c.obj)
                              CMakeFiles/user.dir/main.c.obj (OLED_Update)
..\OLED\liboled.a(OLED_Data.c.obj)
                              ..\OLED\liboled.a(OLED.c.obj) (OLED_CF16x16)
..\spi\libspi.a(spilib.c.obj)
                              ..\OLED\liboled.a(OLED.c.obj) (SPI_GPIO_Init)
C:/PROGRA~2/ARMGNU~1/133167~1.3RE/bin/../lib/gcc/arm-none-eabi/13.3.1/thumb/v6-m/nofp\libgcc.a(_dvmd_tls.o)
                              CMakeFiles/user.dir/C_/Users/ktkuru/Documents/Pico_SDK_v1.5.1/pico-sdk/src/rp2_common/pico_divider/divider.S.obj (__aeabi_idiv0)
C:/PROGRA~2/ARMGNU~1/133167~1.3RE/bin/../lib/gcc/arm-none-eabi/13.3.1/thumb/v6-m/nofp\libg.a(libc_a-calloc.o)
                              CMakeFiles/user.dir/C_/Users/ktkuru/Documents/Pico_SDK_v1.5.1/pico-sdk/src/rp2_common/pico_malloc/pico_malloc.c.obj (calloc)
C:/PROGRA~2/ARMGNU~1/133167~1.3RE/bin/../lib/gcc/arm-none-eabi/13.3.1/thumb/v6-m/nofp\libg.a(libc_a-callocr.o)
                              C:/PROGRA~2/ARMGNU~1/133167~1.3RE/bin/../lib/gcc/arm-none-eabi/13.3.1/thumb/v6-m/nofp\libg.a(libc_a-calloc.o) (_calloc_r)
C:/PROGRA~2/ARMGNU~1/133167~1.3RE/bin/../lib/gcc/arm-none-eabi/13.3.1/thumb/v6-m/nofp\libg.a(libc_a-malloc.o)
                              CMakeFiles/user.dir/C_/Users/ktkuru/Documents/Pico_SDK_v1.5.1/pico-sdk/src/rp2_common/pico_malloc/pico_malloc.c.obj (malloc)
C:/PROGRA~2/ARMGNU~1/133167~1.3RE/bin/../lib/gcc/arm-none-eabi/13.3.1/thumb/v6-m/nofp\libg.a(libc_a-mallocr.o)
                              C:/PROGRA~2/ARMGNU~1/133167~1.3RE/bin/../lib/gcc/arm-none-eabi/13.3.1/thumb/v6-m/nofp\libg.a(libc_a-callocr.o) (_malloc_r)
C:/PROGRA~2/ARMGNU~1/133167~1.3RE/bin/../lib/gcc/arm-none-eabi/13.3.1/thumb/v6-m/nofp\libg.a(libc_a-mlock.o)
                              C:/PROGRA~2/ARMGNU~1/133167~1.3RE/bin/../lib/gcc/arm-none-eabi/13.3.1/thumb/v6-m/nofp\libg.a(libc_a-mallocr.o) (__malloc_lock)
C:/PROGRA~2/ARMGNU~1/133167~1.3RE/bin/../lib/gcc/arm-none-eabi/13.3.1/thumb/v6-m/nofp\libg.a(libc_a-realloc.o)
                              CMakeFiles/user.dir/C_/Users/ktkuru/Documents/Pico_SDK_v1.5.1/pico-sdk/src/rp2_common/pico_malloc/pico_malloc.c.obj (realloc)
C:/PROGRA~2/ARMGNU~1/133167~1.3RE/bin/../lib/gcc/arm-none-eabi/13.3.1/thumb/v6-m/nofp\libg.a(libc_a-reallocr.o)
                              C:/PROGRA~2/ARMGNU~1/133167~1.3RE/bin/../lib/gcc/arm-none-eabi/13.3.1/thumb/v6-m/nofp\libg.a(libc_a-realloc.o) (_realloc_r)
C:/PROGRA~2/ARMGNU~1/133167~1.3RE/bin/../lib/gcc/arm-none-eabi/13.3.1/thumb/v6-m/nofp\libg.a(libc_a-vsprintf.o)
                              ..\OLED\liboled.a(OLED.c.obj) (vsprintf)
C:/PROGRA~2/ARMGNU~1/133167~1.3RE/bin/../lib/gcc/arm-none-eabi/13.3.1/thumb/v6-m/nofp\libg.a(libc_a-memmove.o)
                              C:/PROGRA~2/ARMGNU~1/133167~1.3RE/bin/../lib/gcc/arm-none-eabi/13.3.1/thumb/v6-m/nofp\libg.a(libc_a-reallocr.o) (memmove)
C:/PROGRA~2/ARMGNU~1/133167~1.3RE/bin/../lib/gcc/arm-none-eabi/13.3.1/thumb/v6-m/nofp\libg.a(libc_a-impure.o)
                              C:/PROGRA~2/ARMGNU~1/133167~1.3RE/bin/../lib/gcc/arm-none-eabi/13.3.1/thumb/v6-m/nofp\libg.a(libc_a-calloc.o) (_impure_ptr)
C:/PROGRA~2/ARMGNU~1/133167~1.3RE/bin/../lib/gcc/arm-none-eabi/13.3.1/thumb/v6-m/nofp\libg.a(libc_a-sbrkr.o)
                              C:/PROGRA~2/ARMGNU~1/133167~1.3RE/bin/../lib/gcc/arm-none-eabi/13.3.1/thumb/v6-m/nofp\libg.a(libc_a-mallocr.o) (_sbrk_r)
C:/PROGRA~2/ARMGNU~1/133167~1.3RE/bin/../lib/gcc/arm-none-eabi/13.3.1/thumb/v6-m/nofp\libg.a(libc_a-errno.o)
                              C:/PROGRA~2/ARMGNU~1/133167~1.3RE/bin/../lib/gcc/arm-none-eabi/13.3.1/thumb/v6-m/nofp\libg.a(libc_a-callocr.o) (__errno)
C:/PROGRA~2/ARMGNU~1/133167~1.3RE/bin/../lib/gcc/arm-none-eabi/13.3.1/thumb/v6-m/nofp\libg.a(libc_a-init.o)
                              C:/PROGRA~2/ARMGNU~1/133167~1.3RE/bin/../lib/gcc/arm-none-eabi/13.3.1/thumb/v6-m/nofp/crt0.o (__libc_init_array)
C:/PROGRA~2/ARMGNU~1/133167~1.3RE/bin/../lib/gcc/arm-none-eabi/13.3.1/thumb/v6-m/nofp\libg.a(libc_a-lock.o)
                              C:/PROGRA~2/ARMGNU~1/133167~1.3RE/bin/../lib/gcc/arm-none-eabi/13.3.1/thumb/v6-m/nofp\libg.a(libc_a-mlock.o) (__retarget_lock_acquire_recursive)
C:/PROGRA~2/ARMGNU~1/133167~1.3RE/bin/../lib/gcc/arm-none-eabi/13.3.1/thumb/v6-m/nofp\libg.a(libc_a-sysconf.o)
                              C:/PROGRA~2/ARMGNU~1/133167~1.3RE/bin/../lib/gcc/arm-none-eabi/13.3.1/thumb/v6-m/nofp\libg.a(libc_a-mallocr.o) (sysconf)
C:/PROGRA~2/ARMGNU~1/133167~1.3RE/bin/../lib/gcc/arm-none-eabi/13.3.1/thumb/v6-m/nofp\libg.a(libc_a-strcmp.o)
                              ..\OLED\liboled.a(OLED.c.obj) (strcmp)
C:/PROGRA~2/ARMGNU~1/133167~1.3RE/bin/../lib/gcc/arm-none-eabi/13.3.1/thumb/v6-m/nofp\libg.a(libc_a-strlen-stub.o)
                              CMakeFiles/user.dir/C_/Users/ktkuru/Documents/Pico_SDK_v1.5.1/pico-sdk/src/rp2_common/pico_stdio/stdio.c.obj (strlen)
[...]
Memory Configuration

Name             Origin             Length             Attributes
FLASH            0x10000000         0x00200000         xr
RAM              0x20000000         0x00040000         xrw
SCRATCH_X        0x20040000         0x00001000         xrw
SCRATCH_Y        0x20041000         0x00001000         xrw
*default*        0x00000000         0xffffffff

Linker script and memory map

LOAD C:/PROGRA~2/ARMGNU~1/133167~1.3RE/bin/../lib/gcc/arm-none-eabi/13.3.1/thumb/v6-m/nofp/crti.o
LOAD C:/PROGRA~2/ARMGNU~1/133167~1.3RE/bin/../lib/gcc/arm-none-eabi/13.3.1/thumb/v6-m/nofp/crtbegin.o
LOAD C:/PROGRA~2/ARMGNU~1/133167~1.3RE/bin/../lib/gcc/arm-none-eabi/13.3.1/thumb/v6-m/nofp/crt0.o

.flash_begin    0x10000000        0x0
                0x10000000                        __flash_binary_start = .

.boot2          0x10000000      0x100
                0x10000000                        __boot2_start__ = .
 *(.boot2)
 .boot2         0x10000000      0x100 C:\Users\ktkuru\AppData\Local\Temp\cc6kdZ33.o
                0x10000100                        __boot2_end__ = .
                0x00000001                        ASSERT (((__boot2_end__ - __boot2_start__) == 0x100), ERROR: Pico second stage bootloader must be 256 bytes in size)

.text           0x10000100     0x9170
                0x10000100                        __logical_binary_start = .
 *(.vectors)
 .vectors       0x10000100       0xd4 CMakeFiles/user.dir/C_/Users/ktkuru/Documents/Pico_SDK_v1.5.1/pico-sdk/src/rp2_common/pico_standard_link/crt0.S.obj
                0x10000100                __VECTOR_TABLE
                0x10000100                __vectors
                0x100001c0                isr_invalid
                0x100001c0                __default_isrs_start
                0x100001c2                isr_nmi
                0x100001c4                isr_hardfault
                0x100001c6                isr_svcall
                0x100001c8                isr_pendsv
                0x100001ca                isr_systick
                0x100001cc                isr_irq23
                0x100001cc                isr_irq18
                0x100001cc                isr_irq11
                0x100001cc                isr_irq28
                0x100001cc                isr_irq19
                0x100001cc                isr_irq0
                0x100001cc                isr_irq6
                0x100001cc                isr_irq5
                0x100001cc                isr_irq12
                0x100001cc                isr_irq22
                0x100001cc                isr_irq31
                0x100001cc                isr_irq17
                0x100001cc                isr_irq27
                0x100001cc                isr_irq30
                0x100001cc                isr_irq2
                0x100001cc                isr_irq10
                0x100001cc                isr_irq8
                0x100001cc                isr_irq24
                0x100001cc                isr_irq1
                0x100001cc                isr_irq7
                0x100001cc                isr_irq21
                0x100001cc                isr_irq20
                0x100001cc                isr_irq15
                0x100001cc                isr_irq25
                0x100001cc                isr_irq13
                0x100001cc                __unhandled_user_irq
                0x100001cc                isr_irq4
                0x100001cc                isr_irq16
                0x100001cc                isr_irq29
                0x100001cc                isr_irq26
                0x100001cc                __default_isrs_end
                0x100001cc                isr_irq3
                0x100001cc                isr_irq14
                0x100001cc                isr_irq9
                0x100001d2                unhandled_user_irq_num_in_r0
 *(.binary_info_header)
 .binary_info_header
                0x100001d4       0x14 CMakeFiles/user.dir/C_/Users/ktkuru/Documents/Pico_SDK_v1.5.1/pico-sdk/src/rp2_common/pico_standard_link/crt0.S.obj
                0x100001e8                        __binary_info_header_end = .
 *(.reset)
 .reset         0x100001e8       0xa0 CMakeFiles/user.dir/C_/Users/ktkuru/Documents/Pico_SDK_v1.5.1/pico-sdk/src/rp2_common/pico_standard_link/crt0.S.obj
                0x100001e8                _entry_point
 .reset         0x10000288       0x30 CMakeFiles/user.dir/C_/Users/ktkuru/Documents/Pico_SDK_v1.5.1/pico-sdk/src/rp2_common/pico_standard_link/binary_info.c.obj
 *(.init)
 .init          0x100002b8        0x4 C:/PROGRA~2/ARMGNU~1/133167~1.3RE/bin/../lib/gcc/arm-none-eabi/13.3.1/thumb/v6-m/nofp/crti.o
                0x100002b8                _init
 *(EXCLUDE_FILE(*libm.a: *libc.a:*lib_a-mem*.o *libgcc.a:) .text*)
 .text.register_tm_clones
                0x100002bc       0x28 C:/PROGRA~2/ARMGNU~1/133167~1.3RE/bin/../lib/gcc/arm-none-eabi/13.3.1/thumb/v6-m/nofp/crtbegin.o
 .text.frame_dummy
                0x100002e4       0x24 C:/PROGRA~2/ARMGNU~1/133167~1.3RE/bin/../lib/gcc/arm-none-eabi/13.3.1/thumb/v6-m/nofp/crtbegin.o
 .text.main     0x10000308       0x20 CMakeFiles/user.dir/main.c.obj
                0x10000308                main
 .text.gpio_set_function
                0x10000328       0x30 CMakeFiles/user.dir/C_/Users/ktkuru/Documents/Pico_SDK_v1.5.1/pico-sdk/src/rp2_common/hardware_gpio/gpio.c.obj
                0x10000328                gpio_set_function
 .text.gpio_init
                0x10000358       0x16 CMakeFiles/user.dir/C_/Users/ktkuru/Documents/Pico_SDK_v1.5.1/pico-sdk/src/rp2_common/hardware_gpio/gpio.c.obj
                0x10000358                gpio_init
 *fill*         0x1000036e        0x2 
 .text.running_on_fpga
                0x10000370       0x14 CMakeFiles/user.dir/C_/Users/ktkuru/Documents/Pico_SDK_v1.5.1/pico-sdk/src/rp2_common/pico_platform/platform.c.obj
                0x10000370                running_on_fpga
 .text.hw_claim_lock
                0x10000384       0x18 CMakeFiles/user.dir/C_/Users/ktkuru/Documents/Pico_SDK_v1.5.1/pico-sdk/src/rp2_common/hardware_claim/claim.c.obj
                0x10000384                hw_claim_lock
 .text.hw_claim_unlock
                0x1000039c       0x14 CMakeFiles/user.dir/C_/Users/ktkuru/Documents/Pico_SDK_v1.5.1/pico-sdk/src/rp2_common/hardware_claim/claim.c.obj
                0x1000039c                hw_claim_unlock
 .text.hw_claim_or_assert
                0x100003b0       0x32 CMakeFiles/user.dir/C_/Users/ktkuru/Documents/Pico_SDK_v1.5.1/pico-sdk/src/rp2_common/hardware_claim/claim.c.obj
                0x100003b0                hw_claim_or_assert
 *fill*         0x100003e2        0x2 
 .text.spin_locks_reset
                0x100003e4       0x20 CMakeFiles/user.dir/C_/Users/ktkuru/Documents/Pico_SDK_v1.5.1/pico-sdk/src/rp2_common/hardware_sync/sync.c.obj
                0x100003e4                spin_locks_reset
 .text.next_striped_spin_lock_num
                0x10000404       0x1c CMakeFiles/user.dir/C_/Users/ktkuru/Documents/Pico_SDK_v1.5.1/pico-sdk/src/rp2_common/hardware_sync/sync.c.obj
                0x10000404                next_striped_spin_lock_num
 .text.set_raw_irq_handler_and_unlock
                0x10000420       0x28 CMakeFiles/user.dir/C_/Users/ktkuru/Documents/Pico_SDK_v1.5.1/pico-sdk/src/rp2_common/hardware_irq/irq.c.obj
 .text.resolve_branch
                0x10000448       0x30 CMakeFiles/user.dir/C_/Users/ktkuru/Documents/Pico_SDK_v1.5.1/pico-sdk/src/rp2_common/hardware_irq/irq.c.obj
 .text.make_branch
                0x10000478       0x48 CMakeFiles/user.dir/C_/Users/ktkuru/Documents/Pico_SDK_v1.5.1/pico-sdk/src/rp2_common/hardware_irq/irq.c.obj
 .text.insert_branch_and_link
                0x100004c0       0x40 CMakeFiles/user.dir/C_/Users/ktkuru/Documents/Pico_SDK_v1.5.1/pico-sdk/src/rp2_common/hardware_irq/irq.c.obj
 .text.irq_is_enabled
                0x10000500       0x18 CMakeFiles/user.dir/C_/Users/ktkuru/Documents/Pico_SDK_v1.5.1/pico-sdk/src/rp2_common/hardware_irq/irq.c.obj
                0x10000500                irq_is_enabled
 .text.irq_set_mask_enabled
                0x10000518       0x20 CMakeFiles/user.dir/C_/Users/ktkuru/Documents/Pico_SDK_v1.5.1/pico-sdk/src/rp2_common/hardware_irq/irq.c.obj
                0x10000518                irq_set_mask_enabled
 .text.irq_set_enabled
                0x10000538        0xe CMakeFiles/user.dir/C_/Users/ktkuru/Documents/Pico_SDK_v1.5.1/pico-sdk/src/rp2_common/hardware_irq/irq.c.obj
                0x10000538                irq_set_enabled
 *fill*         0x10000546        0x2 
 .text.irq_get_vtable_handler
                0x10000548       0x10 CMakeFiles/user.dir/C_/Users/ktkuru/Documents/Pico_SDK_v1.5.1/pico-sdk/src/rp2_common/hardware_irq/irq.c.obj
                0x10000548                irq_get_vtable_handler
 .text.irq_set_exclusive_handler
                0x10000558       0x54 CMakeFiles/user.dir/C_/Users/ktkuru/Documents/Pico_SDK_v1.5.1/pico-sdk/src/rp2_common/hardware_irq/irq.c.obj
                0x10000558                irq_set_exclusive_handler
 .text.irq_remove_handler
                0x100005ac      0x188 CMakeFiles/user.dir/C_/Users/ktkuru/Documents/Pico_SDK_v1.5.1/pico-sdk/src/rp2_common/hardware_irq/irq.c.obj
                0x100005ac                irq_remove_handler
 .text.irq_add_tail_to_free_list
                0x10000734       0xf0 CMakeFiles/user.dir/C_/Users/ktkuru/Documents/Pico_SDK_v1.5.1/pico-sdk/src/rp2_common/hardware_irq/irq.c.obj
                0x10000734                irq_add_tail_to_free_list
 .text.irq_init_priorities
                0x10000824       0x1c CMakeFiles/user.dir/C_/Users/ktkuru/Documents/Pico_SDK_v1.5.1/pico-sdk/src/rp2_common/hardware_irq/irq.c.obj
                0x10000824                irq_init_priorities
 .text.lock_init
                0x10000840       0x10 CMakeFiles/user.dir/C_/Users/ktkuru/Documents/Pico_SDK_v1.5.1/pico-sdk/src/common/pico_sync/lock_core.c.obj
                0x10000840                lock_init
 .text.mutex_init
                0x10000850       0x1a CMakeFiles/user.dir/C_/Users/ktkuru/Documents/Pico_SDK_v1.5.1/pico-sdk/src/common/pico_sync/mutex.c.obj
                0x10000850                mutex_init
 .text.recursive_mutex_init
                0x1000086a       0x1e CMakeFiles/user.dir/C_/Users/ktkuru/Documents/Pico_SDK_v1.5.1/pico-sdk/src/common/pico_sync/mutex.c.obj
                0x1000086a                recursive_mutex_init
 .text.time_reached
                0x10000888       0x28 CMakeFiles/user.dir/C_/Users/ktkuru/Documents/Pico_SDK_v1.5.1/pico-sdk/src/common/pico_time/time.c.obj
 .text.get_entry
                0x100008b0       0x38 CMakeFiles/user.dir/C_/Users/ktkuru/Documents/Pico_SDK_v1.5.1/pico-sdk/src/common/pico_time/time.c.obj
 .text.timer_pool_entry_comparator
                0x100008e8       0x2e CMakeFiles/user.dir/C_/Users/ktkuru/Documents/Pico_SDK_v1.5.1/pico-sdk/src/common/pico_time/time.c.obj
                0x100008e8                timer_pool_entry_comparator
 *fill*         0x10000916        0x2 
 .text.update_us_since_boot
                0x10000918       0x24 CMakeFiles/user.dir/C_/Users/ktkuru/Documents/Pico_SDK_v1.5.1/pico-sdk/src/common/pico_time/time.c.obj
 .text.delayed_by_us
                0x1000093c       0x34 CMakeFiles/user.dir/C_/Users/ktkuru/Documents/Pico_SDK_v1.5.1/pico-sdk/src/common/pico_time/time.c.obj
 .text.ph_get_node
                0x10000970       0x30 CMakeFiles/user.dir/C_/Users/ktkuru/Documents/Pico_SDK_v1.5.1/pico-sdk/src/common/pico_time/time.c.obj
 .text.ph_contains_node
                0x100009a0       0x1e CMakeFiles/user.dir/C_/Users/ktkuru/Documents/Pico_SDK_v1.5.1/pico-sdk/src/common/pico_time/time.c.obj
 .text.ph_new_node
                0x100009be       0x28 CMakeFiles/user.dir/C_/Users/ktkuru/Documents/Pico_SDK_v1.5.1/pico-sdk/src/common/pico_time/time.c.obj
 *fill*         0x100009e6        0x2 
 .text.ph_add_child_node
                0x100009e8       0x6c CMakeFiles/user.dir/C_/Users/ktkuru/Documents/Pico_SDK_v1.5.1/pico-sdk/src/common/pico_time/time.c.obj
 .text.ph_merge_nodes
                0x10000a54       0x3e CMakeFiles/user.dir/C_/Users/ktkuru/Documents/Pico_SDK_v1.5.1/pico-sdk/src/common/pico_time/time.c.obj
 *fill*         0x10000a92        0x2 
 .text.ph_insert_node
                0x10000a94       0x3c CMakeFiles/user.dir/C_/Users/ktkuru/Documents/Pico_SDK_v1.5.1/pico-sdk/src/common/pico_time/time.c.obj
 .text.ph_free_node
                0x10000ad0       0x5c CMakeFiles/user.dir/C_/Users/ktkuru/Documents/Pico_SDK_v1.5.1/pico-sdk/src/common/pico_time/time.c.obj
 .text.get_entry_id_high
                0x10000b2c       0x30 CMakeFiles/user.dir/C_/Users/ktkuru/Documents/Pico_SDK_v1.5.1/pico-sdk/src/common/pico_time/time.c.obj
 .text.alarm_pool_post_alloc_init
                0x10000b5c       0x40 CMakeFiles/user.dir/C_/Users/ktkuru/Documents/Pico_SDK_v1.5.1/pico-sdk/src/common/pico_time/time.c.obj
 .text.sleep_until_callback
                0x10000b9c       0x30 CMakeFiles/user.dir/C_/Users/ktkuru/Documents/Pico_SDK_v1.5.1/pico-sdk/src/common/pico_time/time.c.obj
 .text.get_absolute_time
                0x10000bcc       0x22 CMakeFiles/user.dir/C_/Users/ktkuru/Documents/Pico_SDK_v1.5.1/pico-sdk/src/common/pico_time/time.c.obj
 *fill*         0x10000bee        0x2 
 .text.add_alarm_under_lock
                0x10000bf0       0x94 CMakeFiles/user.dir/C_/Users/ktkuru/Documents/Pico_SDK_v1.5.1/pico-sdk/src/common/pico_time/time.c.obj
 .text.alarm_pool_alarm_callback
                0x10000c84      0x210 CMakeFiles/user.dir/C_/Users/ktkuru/Documents/Pico_SDK_v1.5.1/pico-sdk/src/common/pico_time/time.c.obj
 .text.alarm_pool_init_default
                0x10000e94       0x40 CMakeFiles/user.dir/C_/Users/ktkuru/Documents/Pico_SDK_v1.5.1/pico-sdk/src/common/pico_time/time.c.obj
                0x10000e94                alarm_pool_init_default
 .text.alarm_pool_get_default
                0x10000ed4       0x2c CMakeFiles/user.dir/C_/Users/ktkuru/Documents/Pico_SDK_v1.5.1/pico-sdk/src/common/pico_time/time.c.obj
                0x10000ed4                alarm_pool_get_default
 .text.alarm_pool_add_alarm_at
                0x10000f00      0x10e CMakeFiles/user.dir/C_/Users/ktkuru/Documents/Pico_SDK_v1.5.1/pico-sdk/src/common/pico_time/time.c.obj
                0x10000f00                alarm_pool_add_alarm_at
 .text.add_alarm_at
                0x1000100e       0x2e CMakeFiles/user.dir/C_/Users/ktkuru/Documents/Pico_SDK_v1.5.1/pico-sdk/src/common/pico_time/time.c.obj
 .text.alarm_pool_cancel_alarm
                0x1000103c       0xa8 CMakeFiles/user.dir/C_/Users/ktkuru/Documents/Pico_SDK_v1.5.1/pico-sdk/src/common/pico_time/time.c.obj
                0x1000103c                alarm_pool_cancel_alarm
 .text.cancel_alarm
                0x100010e4       0x10 CMakeFiles/user.dir/C_/Users/ktkuru/Documents/Pico_SDK_v1.5.1/pico-sdk/src/common/pico_time/time.c.obj
 .text.best_effort_wfe_or_timeout
                0x100010f4       0x44 CMakeFiles/user.dir/C_/Users/ktkuru/Documents/Pico_SDK_v1.5.1/pico-sdk/src/common/pico_time/time.c.obj
                0x100010f4                best_effort_wfe_or_timeout
 .text.update_us_since_boot
                0x10001138       0x24 CMakeFiles/user.dir/C_/Users/ktkuru/Documents/Pico_SDK_v1.5.1/pico-sdk/src/rp2_common/hardware_timer/timer.c.obj
 .text.hardware_alarm_irq_handler
                0x1000115c       0x8c CMakeFiles/user.dir/C_/Users/ktkuru/Documents/Pico_SDK_v1.5.1/pico-sdk/src/rp2_common/hardware_timer/timer.c.obj
 .text.hardware_alarm_claim
                0x100011e8       0x18 CMakeFiles/user.dir/C_/Users/ktkuru/Documents/Pico_SDK_v1.5.1/pico-sdk/src/rp2_common/hardware_timer/timer.c.obj
                0x100011e8                hardware_alarm_claim
 .text.time_us_64
                0x10001200       0x18 CMakeFiles/user.dir/C_/Users/ktkuru/Documents/Pico_SDK_v1.5.1/pico-sdk/src/rp2_common/hardware_timer/timer.c.obj
                0x10001200                time_us_64
 .text.busy_wait_until
                0x10001218       0x28 CMakeFiles/user.dir/C_/Users/ktkuru/Documents/Pico_SDK_v1.5.1/pico-sdk/src/rp2_common/hardware_timer/timer.c.obj
                0x10001218                busy_wait_until
 .text.busy_wait_us
                0x10001240       0x3a CMakeFiles/user.dir/C_/Users/ktkuru/Documents/Pico_SDK_v1.5.1/pico-sdk/src/rp2_common/hardware_timer/timer.c.obj
                0x10001240                busy_wait_us
 *fill*         0x1000127a        0x2 
 .text.hardware_alarm_set_callback
                0x1000127c       0x90 CMakeFiles/user.dir/C_/Users/ktkuru/Documents/Pico_SDK_v1.5.1/pico-sdk/src/rp2_common/hardware_timer/timer.c.obj
                0x1000127c                hardware_alarm_set_callback
 .text.hardware_alarm_set_target
                0x1000130c       0xe8 CMakeFiles/user.dir/C_/Users/ktkuru/Documents/Pico_SDK_v1.5.1/pico-sdk/src/rp2_common/hardware_timer/timer.c.obj
                0x1000130c                hardware_alarm_set_target
 .text.hardware_alarm_cancel
                0x100013f4       0x40 CMakeFiles/user.dir/C_/Users/ktkuru/Documents/Pico_SDK_v1.5.1/pico-sdk/src/rp2_common/hardware_timer/timer.c.obj
                0x100013f4                hardware_alarm_cancel
 .text.ph_get_node
                0x10001434       0x30 CMakeFiles/user.dir/C_/Users/ktkuru/Documents/Pico_SDK_v1.5.1/pico-sdk/src/common/pico_util/pheap.c.obj
 .text.ph_add_child_node
                0x10001464       0x6c CMakeFiles/user.dir/C_/Users/ktkuru/Documents/Pico_SDK_v1.5.1/pico-sdk/src/common/pico_util/pheap.c.obj
 .text.ph_merge_nodes
                0x100014d0       0x3e CMakeFiles/user.dir/C_/Users/ktkuru/Documents/Pico_SDK_v1.5.1/pico-sdk/src/common/pico_util/pheap.c.obj
 .text.ph_clear
                0x1000150e       0x34 CMakeFiles/user.dir/C_/Users/ktkuru/Documents/Pico_SDK_v1.5.1/pico-sdk/src/common/pico_util/pheap.c.obj
                0x1000150e                ph_clear
 .text.ph_post_alloc_init
                0x10001542        0xe CMakeFiles/user.dir/C_/Users/ktkuru/Documents/Pico_SDK_v1.5.1/pico-sdk/src/common/pico_util/pheap.c.obj
                0x10001542                ph_post_alloc_init
 .text.ph_merge_two_pass
                0x10001550       0x5c CMakeFiles/user.dir/C_/Users/ktkuru/Documents/Pico_SDK_v1.5.1/pico-sdk/src/common/pico_util/pheap.c.obj
                0x10001550                ph_merge_two_pass
 .text.ph_remove_any_head
                0x100015ac       0xc0 CMakeFiles/user.dir/C_/Users/ktkuru/Documents/Pico_SDK_v1.5.1/pico-sdk/src/common/pico_util/pheap.c.obj
 .text.ph_remove_head
                0x1000166c       0x14 CMakeFiles/user.dir/C_/Users/ktkuru/Documents/Pico_SDK_v1.5.1/pico-sdk/src/common/pico_util/pheap.c.obj
                0x1000166c                ph_remove_head
 .text.ph_remove_and_free_node
                0x10001680       0xa0 CMakeFiles/user.dir/C_/Users/ktkuru/Documents/Pico_SDK_v1.5.1/pico-sdk/src/common/pico_util/pheap.c.obj
                0x10001680                ph_remove_and_free_node
 .text.uart_disable_before_lcr_write
                0x10001720       0x48 CMakeFiles/user.dir/C_/Users/ktkuru/Documents/Pico_SDK_v1.5.1/pico-sdk/src/rp2_common/hardware_uart/uart.c.obj
 .text.uart_write_lcr_bits_masked
                0x10001768       0x22 CMakeFiles/user.dir/C_/Users/ktkuru/Documents/Pico_SDK_v1.5.1/pico-sdk/src/rp2_common/hardware_uart/uart.c.obj
 *fill*         0x1000178a        0x2 
 .text.uart_set_baudrate
                0x1000178c       0x5c CMakeFiles/user.dir/C_/Users/ktkuru/Documents/Pico_SDK_v1.5.1/pico-sdk/src/rp2_common/hardware_uart/uart.c.obj
                0x1000178c                uart_set_baudrate
 .text.uart_set_format
                0x100017e8       0x2c CMakeFiles/user.dir/C_/Users/ktkuru/Documents/Pico_SDK_v1.5.1/pico-sdk/src/rp2_common/hardware_uart/uart.c.obj
                0x100017e8                uart_set_format
 .text.uart_set_translate_crlf
                0x10001814       0x28 CMakeFiles/user.dir/C_/Users/ktkuru/Documents/Pico_SDK_v1.5.1/pico-sdk/src/rp2_common/hardware_uart/uart.c.obj
                0x10001814                uart_set_translate_crlf
 .text.uart_init
                0x1000183c       0x80 CMakeFiles/user.dir/C_/Users/ktkuru/Documents/Pico_SDK_v1.5.1/pico-sdk/src/rp2_common/hardware_uart/uart.c.obj
                0x1000183c                uart_init
 .text.clock_configure
                0x100018bc      0x108 CMakeFiles/user.dir/C_/Users/ktkuru/Documents/Pico_SDK_v1.5.1/pico-sdk/src/rp2_common/hardware_clocks/clocks.c.obj
                0x100018bc                clock_configure
 .text.clocks_init
                0x100019c4      0x100 CMakeFiles/user.dir/C_/Users/ktkuru/Documents/Pico_SDK_v1.5.1/pico-sdk/src/rp2_common/hardware_clocks/clocks.c.obj
                0x100019c4                clocks_init
 .text.clock_get_hz
                0x10001ac4        0xc CMakeFiles/user.dir/C_/Users/ktkuru/Documents/Pico_SDK_v1.5.1/pico-sdk/src/rp2_common/hardware_clocks/clocks.c.obj
                0x10001ac4                clock_get_hz
 .text.pll_init
                0x10001ad0      0x120 CMakeFiles/user.dir/C_/Users/ktkuru/Documents/Pico_SDK_v1.5.1/pico-sdk/src/rp2_common/hardware_pll/pll.c.obj
                0x10001ad0                pll_init
 .text.watchdog_start_tick
                0x10001bf0       0x10 CMakeFiles/user.dir/C_/Users/ktkuru/Documents/Pico_SDK_v1.5.1/pico-sdk/src/rp2_common/hardware_watchdog/watchdog.c.obj
                0x10001bf0                watchdog_start_tick
 .text.xosc_init
                0x10001c00       0x28 CMakeFiles/user.dir/C_/Users/ktkuru/Documents/Pico_SDK_v1.5.1/pico-sdk/src/rp2_common/hardware_xosc/xosc.c.obj
                0x10001c00                xosc_init
 .text._exit    0x10001c28        0x4 CMakeFiles/user.dir/C_/Users/ktkuru/Documents/Pico_SDK_v1.5.1/pico-sdk/src/rp2_common/pico_runtime/runtime.c.obj
                0x10001c28                _exit
 .text._sbrk    0x10001c2c       0x38 CMakeFiles/user.dir/C_/Users/ktkuru/Documents/Pico_SDK_v1.5.1/pico-sdk/src/rp2_common/pico_runtime/runtime.c.obj
                0x10001c2c                _sbrk
 .text.exit     0x10001c64        0x6 CMakeFiles/user.dir/C_/Users/ktkuru/Documents/Pico_SDK_v1.5.1/pico-sdk/src/rp2_common/pico_runtime/runtime.c.obj
                0x10001c64                exit
 *fill*         0x10001c6a        0x2 
 .text.__assert_func
                0x10001c6c       0x38 CMakeFiles/user.dir/C_/Users/ktkuru/Documents/Pico_SDK_v1.5.1/pico-sdk/src/rp2_common/pico_runtime/runtime.c.obj
                0x10001c6c                __assert_func
 .text.runtime_init
                0x10001ca4       0xf8 CMakeFiles/user.dir/C_/Users/ktkuru/Documents/Pico_SDK_v1.5.1/pico-sdk/src/rp2_common/pico_runtime/runtime.c.obj
                0x10001ca4                runtime_init
 .text.panic    0x10001d9c       0x30 CMakeFiles/user.dir/C_/Users/ktkuru/Documents/Pico_SDK_v1.5.1/pico-sdk/src/rp2_common/pico_runtime/runtime.c.obj
                0x10001d9c                panic
 .text._out_null
                0x10001dcc        0x2 CMakeFiles/user.dir/C_/Users/ktkuru/Documents/Pico_SDK_v1.5.1/pico-sdk/src/rp2_common/pico_printf/printf.c.obj
 .text._out_fct
                0x10001dce        0xe CMakeFiles/user.dir/C_/Users/ktkuru/Documents/Pico_SDK_v1.5.1/pico-sdk/src/rp2_common/pico_printf/printf.c.obj
 .text._atoi    0x10001ddc       0x24 CMakeFiles/user.dir/C_/Users/ktkuru/Documents/Pico_SDK_v1.5.1/pico-sdk/src/rp2_common/pico_printf/printf.c.obj
 .text._out_rev
                0x10001e00       0xae CMakeFiles/user.dir/C_/Users/ktkuru/Documents/Pico_SDK_v1.5.1/pico-sdk/src/rp2_common/pico_printf/printf.c.obj
 .text._ntoa_format
                0x10001eae      0x110 CMakeFiles/user.dir/C_/Users/ktkuru/Documents/Pico_SDK_v1.5.1/pico-sdk/src/rp2_common/pico_printf/printf.c.obj
 .text._ntoa_long
                0x10001fbe       0xbc CMakeFiles/user.dir/C_/Users/ktkuru/Documents/Pico_SDK_v1.5.1/pico-sdk/src/rp2_common/pico_printf/printf.c.obj
 .text._ntoa_long_long
                0x1000207a      0x10e CMakeFiles/user.dir/C_/Users/ktkuru/Documents/Pico_SDK_v1.5.1/pico-sdk/src/rp2_common/pico_printf/printf.c.obj
 .text._etoa    0x10002188      0x420 CMakeFiles/user.dir/C_/Users/ktkuru/Documents/Pico_SDK_v1.5.1/pico-sdk/src/rp2_common/pico_printf/printf.c.obj
 .text._ftoa    0x100025a8      0x354 CMakeFiles/user.dir/C_/Users/ktkuru/Documents/Pico_SDK_v1.5.1/pico-sdk/src/rp2_common/pico_printf/printf.c.obj
 .text._vsnprintf
                0x100028fc      0x668 CMakeFiles/user.dir/C_/Users/ktkuru/Documents/Pico_SDK_v1.5.1/pico-sdk/src/rp2_common/pico_printf/printf.c.obj
 .text.vfctprintf
                0x10002f64       0x20 CMakeFiles/user.dir/C_/Users/ktkuru/Documents/Pico_SDK_v1.5.1/pico-sdk/src/rp2_common/pico_printf/printf.c.obj
                0x10002f64                vfctprintf
 .text          0x10002f84       0x10 CMakeFiles/user.dir/C_/Users/ktkuru/Documents/Pico_SDK_v1.5.1/pico-sdk/src/rp2_common/pico_bit_ops/bit_ops_aeabi.S.obj
 .text.rom_func_lookup
                0x10002f94       0x10 CMakeFiles/user.dir/C_/Users/ktkuru/Documents/Pico_SDK_v1.5.1/pico-sdk/src/rp2_common/pico_bootrom/bootrom.c.obj
                0x10002f94                rom_func_lookup
 .text.rom_data_lookup
                0x10002fa4       0x10 CMakeFiles/user.dir/C_/Users/ktkuru/Documents/Pico_SDK_v1.5.1/pico-sdk/src/rp2_common/pico_bootrom/bootrom.c.obj
                0x10002fa4                rom_data_lookup
 .text.rom_funcs_lookup
                0x10002fb4       0x36 CMakeFiles/user.dir/C_/Users/ktkuru/Documents/Pico_SDK_v1.5.1/pico-sdk/src/rp2_common/pico_bootrom/bootrom.c.obj
                0x10002fb4                rom_funcs_lookup
 *fill*         0x10002fea        0x2 
 .text.__wrap___aeabi_idiv
                0x10002fec       0x50 CMakeFiles/user.dir/C_/Users/ktkuru/Documents/Pico_SDK_v1.5.1/pico-sdk/src/rp2_common/pico_divider/divider.S.obj
                0x10002fec                __wrap___aeabi_idivmod
                0x10002fec                divmod_s32s32
                0x10002fec                div_s32s32
                0x10002fec                __wrap___aeabi_idiv
                0x10002ff4                divmod_s32s32_unsafe
                0x10003020                divmod_s32s32_savestate
 .text.__wrap___aeabi_uidiv
                0x1000303c       0x4c CMakeFiles/user.dir/C_/Users/ktkuru/Documents/Pico_SDK_v1.5.1/pico-sdk/src/rp2_common/pico_divider/divider.S.obj
                0x1000303c                __wrap___aeabi_uidiv
                0x1000303c                __wrap___aeabi_uidivmod
                0x1000303c                div_u32u32
                0x1000303c                divmod_u32u32
                0x10003044                divmod_u32u32_unsafe
                0x1000306c                divmod_u32u32_savestate
 .text.__wrap___aeabi_ldiv
                0x10003088      0x424 CMakeFiles/user.dir/C_/Users/ktkuru/Documents/Pico_SDK_v1.5.1/pico-sdk/src/rp2_common/pico_divider/divider.S.obj
                0x10003088                div_s64s64
                0x10003088                divmod_s64s64
                0x10003088                __wrap___aeabi_ldivmod
                0x100030b8                divmod_u64u64
                0x100030b8                div_u64u64
                0x100030b8                __wrap___aeabi_uldivmod
                0x100030c8                divmod_u64u64_savestate
                0x100030e8                divmod_s64s64_unsafe
                0x10003170                divmod_u64u64_unsafe
 .text.__wrap___aeabi_darithmetic
                0x100034ac       0x80 CMakeFiles/user.dir/C_/Users/ktkuru/Documents/Pico_SDK_v1.5.1/pico-sdk/src/rp2_common/pico_double/double_aeabi.S.obj
                0x100034ac                __wrap___aeabi_drsub
                0x100034b2                __wrap___aeabi_dsub
                0x100034c4                __wrap___aeabi_dadd
                0x100034d6                __wrap___aeabi_ddiv
                0x10003512                __wrap___aeabi_dmul
 .text.__wrap___aeabi_cdcmple
                0x1000352c       0x6c CMakeFiles/user.dir/C_/Users/ktkuru/Documents/Pico_SDK_v1.5.1/pico-sdk/src/rp2_common/pico_double/double_aeabi.S.obj
                0x1000352c                __wrap___aeabi_cdrcmple
                0x1000353c                __wrap___aeabi_cdcmpeq
                0x1000353c                __wrap___aeabi_cdcmple
 .text.__wrap___aeabi_dcmpeq
                0x10003598       0x10 CMakeFiles/user.dir/C_/Users/ktkuru/Documents/Pico_SDK_v1.5.1/pico-sdk/src/rp2_common/pico_double/double_aeabi.S.obj
                0x10003598                __wrap___aeabi_dcmpeq
 .text.__wrap___aeabi_dcmplt
                0x100035a8        0xc CMakeFiles/user.dir/C_/Users/ktkuru/Documents/Pico_SDK_v1.5.1/pico-sdk/src/rp2_common/pico_double/double_aeabi.S.obj
                0x100035a8                __wrap___aeabi_dcmplt
 .text.__wrap___aeabi_dcmple
                0x100035b4       0x10 CMakeFiles/user.dir/C_/Users/ktkuru/Documents/Pico_SDK_v1.5.1/pico-sdk/src/rp2_common/pico_double/double_aeabi.S.obj
                0x100035b4                __wrap___aeabi_dcmple
 .text.__wrap___aeabi_dcmpge
                0x100035c4       0x10 CMakeFiles/user.dir/C_/Users/ktkuru/Documents/Pico_SDK_v1.5.1/pico-sdk/src/rp2_common/pico_double/double_aeabi.S.obj
                0x100035c4                __wrap___aeabi_dcmpge
 .text.__wrap___aeabi_dcmpgt
                0x100035d4        0xa CMakeFiles/user.dir/C_/Users/ktkuru/Documents/Pico_SDK_v1.5.1/pico-sdk/src/rp2_common/pico_double/double_aeabi.S.obj
                0x100035d4                __wrap___aeabi_dcmpgt
 .text.__wrap___aeabi_dcmpun
                0x100035de       0x1c CMakeFiles/user.dir/C_/Users/ktkuru/Documents/Pico_SDK_v1.5.1/pico-sdk/src/rp2_common/pico_double/double_aeabi.S.obj
                0x100035de                __wrap___aeabi_dcmpun
 *fill*         0x100035fa        0x2 
 .text.__wrap___aeabi_i2d
                0x100035fc       0x38 CMakeFiles/user.dir/C_/Users/ktkuru/Documents/Pico_SDK_v1.5.1/pico-sdk/src/rp2_common/pico_double/double_aeabi.S.obj
                0x100035fc                __wrap___aeabi_ui2d
                0x10003604                __wrap___aeabi_i2d
 .text.__wrap___aeabi_d2iz
                0x10003634       0x48 CMakeFiles/user.dir/C_/Users/ktkuru/Documents/Pico_SDK_v1.5.1/pico-sdk/src/rp2_common/pico_double/double_aeabi.S.obj
                0x10003634                double2int_z
                0x10003634                __wrap___aeabi_d2iz
 .text.__wrap___aeabi_d2uiz
                0x1000367c       0x18 CMakeFiles/user.dir/C_/Users/ktkuru/Documents/Pico_SDK_v1.5.1/pico-sdk/src/rp2_common/pico_double/double_aeabi.S.obj
                0x1000367c                __wrap___aeabi_d2uiz
                0x1000367c                double2uint
 .text.__aeabi_double_init
                0x10003694       0xcc CMakeFiles/user.dir/C_/Users/ktkuru/Documents/Pico_SDK_v1.5.1/pico-sdk/src/rp2_common/pico_double/double_init_rom.c.obj
                0x10003694                __aeabi_double_init
 .text.double_table_shim_on_use_helper
                0x10003760       0x34 CMakeFiles/user.dir/C_/Users/ktkuru/Documents/Pico_SDK_v1.5.1/pico-sdk/src/rp2_common/pico_double/double_v1_rom_shim.S.obj
                0x10003760                double_table_shim_on_use_helper
 .text.__wrap___aeabi_dsub
                0x10003794       0x10 CMakeFiles/user.dir/C_/Users/ktkuru/Documents/Pico_SDK_v1.5.1/pico-sdk/src/rp2_common/pico_double/double_v1_rom_shim.S.obj
                0x10003794                drsub_shim
                0x1000379a                dsub_shim
 .text.dadd_shim
                0x100037a4      0x15c CMakeFiles/user.dir/C_/Users/ktkuru/Documents/Pico_SDK_v1.5.1/pico-sdk/src/rp2_common/pico_double/double_v1_rom_shim.S.obj
                0x100037a4                dadd_shim
 .text.dmul_shim
                0x10003900      0x15c CMakeFiles/user.dir/C_/Users/ktkuru/Documents/Pico_SDK_v1.5.1/pico-sdk/src/rp2_common/pico_double/double_v1_rom_shim.S.obj
                0x10003900                dmul_shim
 .text.ddiv_shim
                0x10003a5c      0x1b0 CMakeFiles/user.dir/C_/Users/ktkuru/Documents/Pico_SDK_v1.5.1/pico-sdk/src/rp2_common/pico_double/double_v1_rom_shim.S.obj
                0x10003a5c                ddiv_shim
 .text.double2uint_shim
                0x10003c0c        0xe CMakeFiles/user.dir/C_/Users/ktkuru/Documents/Pico_SDK_v1.5.1/pico-sdk/src/rp2_common/pico_double/double_v1_rom_shim.S.obj
                0x10003c0c                double2uint_shim
                0x10003c0e                double2ufix_shim
 *fill*         0x10003c1a        0x2 
 .text.double2uint64_shim
                0x10003c1c       0x70 CMakeFiles/user.dir/C_/Users/ktkuru/Documents/Pico_SDK_v1.5.1/pico-sdk/src/rp2_common/pico_double/double_v1_rom_shim.S.obj
                0x10003c1c                double2uint64_shim
                0x10003c1e                double2ufix64_shim
                0x10003c3e                d2fix_a
 .text.dunpacks
                0x10003c8c       0x3c CMakeFiles/user.dir/C_/Users/ktkuru/Documents/Pico_SDK_v1.5.1/pico-sdk/src/rp2_common/pico_double/double_v1_rom_shim.S.obj
                0x10003c8c                dunpacks
 .text.__aeabi_lmul
                0x10003cc8       0x32 CMakeFiles/user.dir/C_/Users/ktkuru/Documents/Pico_SDK_v1.5.1/pico-sdk/src/rp2_common/pico_int64_ops/pico_int64_ops_aeabi.S.obj
                0x10003cc8                __wrap___aeabi_lmul
 *fill*         0x10003cfa        0x2 
 .text.__aeabi_float_init
                0x10003cfc       0xfc CMakeFiles/user.dir/C_/Users/ktkuru/Documents/Pico_SDK_v1.5.1/pico-sdk/src/rp2_common/pico_float/float_init_rom.c.obj
                0x10003cfc                __aeabi_float_init
 .text.float_table_shim_on_use_helper
                0x10003df8       0x34 CMakeFiles/user.dir/C_/Users/ktkuru/Documents/Pico_SDK_v1.5.1/pico-sdk/src/rp2_common/pico_float/float_v1_rom_shim.S.obj
                0x10003df8                float_table_shim_on_use_helper
 .text          0x10003e2c       0x10 CMakeFiles/user.dir/C_/Users/ktkuru/Documents/Pico_SDK_v1.5.1/pico-sdk/src/rp2_common/pico_mem_ops/mem_ops_aeabi.S.obj
                0x10003e2c                __aeabi_mem_init
 .text.memset   0x10003e3c        0xc CMakeFiles/user.dir/C_/Users/ktkuru/Documents/Pico_SDK_v1.5.1/pico-sdk/src/rp2_common/pico_mem_ops/mem_ops_aeabi.S.obj
                0x10003e3c                __wrap_memset
 .text.memcpy   0x10003e48        0xc CMakeFiles/user.dir/C_/Users/ktkuru/Documents/Pico_SDK_v1.5.1/pico-sdk/src/rp2_common/pico_mem_ops/mem_ops_aeabi.S.obj
                0x10003e48                __wrap_memcpy
                0x10003e48                __wrap___aeabi_memcpy
 .text.stdio_out_chars_no_crlf
                0x10003e54        0xe CMakeFiles/user.dir/C_/Users/ktkuru/Documents/Pico_SDK_v1.5.1/pico-sdk/src/rp2_common/pico_stdio/stdio.c.obj
 *fill*         0x10003e62        0x2 
 .text.stdio_out_chars_crlf
                0x10003e64       0x80 CMakeFiles/user.dir/C_/Users/ktkuru/Documents/Pico_SDK_v1.5.1/pico-sdk/src/rp2_common/pico_stdio/stdio.c.obj
 .text.stdio_stack_buffer_flush
                0x10003ee4       0x44 CMakeFiles/user.dir/C_/Users/ktkuru/Documents/Pico_SDK_v1.5.1/pico-sdk/src/rp2_common/pico_stdio/stdio.c.obj
 .text.stdio_buffered_printer
                0x10003f28       0x20 CMakeFiles/user.dir/C_/Users/ktkuru/Documents/Pico_SDK_v1.5.1/pico-sdk/src/rp2_common/pico_stdio/stdio.c.obj
 .text.update_us_since_boot
                0x10003f48       0x24 CMakeFiles/user.dir/C_/Users/ktkuru/Documents/Pico_SDK_v1.5.1/pico-sdk/src/rp2_common/pico_stdio/stdio.c.obj
 .text.get_absolute_time
                0x10003f6c       0x22 CMakeFiles/user.dir/C_/Users/ktkuru/Documents/Pico_SDK_v1.5.1/pico-sdk/src/rp2_common/pico_stdio/stdio.c.obj
 *fill*         0x10003f8e        0x2 
 .text.delayed_by_ms
                0x10003f90       0x44 CMakeFiles/user.dir/C_/Users/ktkuru/Documents/Pico_SDK_v1.5.1/pico-sdk/src/rp2_common/pico_stdio/stdio.c.obj
 .text.make_timeout_time_ms
                0x10003fd4       0x20 CMakeFiles/user.dir/C_/Users/ktkuru/Documents/Pico_SDK_v1.5.1/pico-sdk/src/rp2_common/pico_stdio/stdio.c.obj
 .text.stdout_serialize_begin
                0x10003ff4       0x20 CMakeFiles/user.dir/C_/Users/ktkuru/Documents/Pico_SDK_v1.5.1/pico-sdk/src/rp2_common/pico_stdio/stdio.c.obj
                0x10003ff4                stdout_serialize_begin
 .text.stdout_serialize_end
                0x10004014       0x10 CMakeFiles/user.dir/C_/Users/ktkuru/Documents/Pico_SDK_v1.5.1/pico-sdk/src/rp2_common/pico_stdio/stdio.c.obj
                0x10004014                stdout_serialize_end
 .text.stdio_put_string
                0x10004024       0x98 CMakeFiles/user.dir/C_/Users/ktkuru/Documents/Pico_SDK_v1.5.1/pico-sdk/src/rp2_common/pico_stdio/stdio.c.obj
 .text.stdio_set_driver_enabled
                0x100040bc       0x2c CMakeFiles/user.dir/C_/Users/ktkuru/Documents/Pico_SDK_v1.5.1/pico-sdk/src/rp2_common/pico_stdio/stdio.c.obj
                0x100040bc                stdio_set_driver_enabled
 .text.stdio_flush
                0x100040e8       0x20 CMakeFiles/user.dir/C_/Users/ktkuru/Documents/Pico_SDK_v1.5.1/pico-sdk/src/rp2_common/pico_stdio/stdio.c.obj
                0x100040e8                stdio_flush
 .text.__wrap_puts
                0x10004108       0x1e CMakeFiles/user.dir/C_/Users/ktkuru/Documents/Pico_SDK_v1.5.1/pico-sdk/src/rp2_common/pico_stdio/stdio.c.obj
                0x10004108                __wrap_puts
 *fill*         0x10004126        0x2 
 .text.__wrap_vprintf
                0x10004128       0x40 CMakeFiles/user.dir/C_/Users/ktkuru/Documents/Pico_SDK_v1.5.1/pico-sdk/src/rp2_common/pico_stdio/stdio.c.obj
                0x10004128                __wrap_vprintf
 .text.__wrap_printf
                0x10004168       0x18 CMakeFiles/user.dir/C_/Users/ktkuru/Documents/Pico_SDK_v1.5.1/pico-sdk/src/rp2_common/pico_stdio/stdio.c.obj
                0x10004168                __wrap_printf
 .text.stdio_init_all
                0x10004180        0xa CMakeFiles/user.dir/C_/Users/ktkuru/Documents/Pico_SDK_v1.5.1/pico-sdk/src/rp2_common/pico_stdio/stdio.c.obj
                0x10004180                stdio_init_all
 *fill*         0x1000418a        0x2 
 .text.uart_putc
                0x1000418c       0x60 CMakeFiles/user.dir/C_/Users/ktkuru/Documents/Pico_SDK_v1.5.1/pico-sdk/src/rp2_common/pico_stdio_uart/stdio_uart.c.obj
 .text.uart_getc
                0x100041ec       0x24 CMakeFiles/user.dir/C_/Users/ktkuru/Documents/Pico_SDK_v1.5.1/pico-sdk/src/rp2_common/pico_stdio_uart/stdio_uart.c.obj
 .text.stdio_uart_out_chars
                0x10004210       0x20 CMakeFiles/user.dir/C_/Users/ktkuru/Documents/Pico_SDK_v1.5.1/pico-sdk/src/rp2_common/pico_stdio_uart/stdio_uart.c.obj
 .text.stdio_uart_in_chars
                0x10004230       0x5c CMakeFiles/user.dir/C_/Users/ktkuru/Documents/Pico_SDK_v1.5.1/pico-sdk/src/rp2_common/pico_stdio_uart/stdio_uart.c.obj
                0x10004230                stdio_uart_in_chars
 .text.on_uart_rx
                0x1000428c       0x28 CMakeFiles/user.dir/C_/Users/ktkuru/Documents/Pico_SDK_v1.5.1/pico-sdk/src/rp2_common/pico_stdio_uart/stdio_uart.c.obj
 .text.stdio_uart_set_chars_available_callback
                0x100042b4       0x8c CMakeFiles/user.dir/C_/Users/ktkuru/Documents/Pico_SDK_v1.5.1/pico-sdk/src/rp2_common/pico_stdio_uart/stdio_uart.c.obj
 .text.stdio_uart_init_full
                0x10004340       0x44 CMakeFiles/user.dir/C_/Users/ktkuru/Documents/Pico_SDK_v1.5.1/pico-sdk/src/rp2_common/pico_stdio_uart/stdio_uart.c.obj
                0x10004340                stdio_uart_init_full
 .text.stdio_uart_init
                0x10004384       0x28 CMakeFiles/user.dir/C_/Users/ktkuru/Documents/Pico_SDK_v1.5.1/pico-sdk/src/rp2_common/pico_stdio_uart/stdio_uart.c.obj
                0x10004384                stdio_uart_init
 .text.spi_set_baudrate
                0x100043ac       0xc2 CMakeFiles/user.dir/C_/Users/ktkuru/Documents/Pico_SDK_v1.5.1/pico-sdk/src/rp2_common/hardware_spi/spi.c.obj
                0x100043ac                spi_set_baudrate
 *fill*         0x1000446e        0x2 
 .text.spi_init
                0x10004470       0x74 CMakeFiles/user.dir/C_/Users/ktkuru/Documents/Pico_SDK_v1.5.1/pico-sdk/src/rp2_common/hardware_spi/spi.c.obj
                0x10004470                spi_init
 .text.OLED_SetCursor
                0x100044e4       0x4c ..\OLED\liboled.a(OLED.c.obj)
                0x100044e4                OLED_SetCursor
 .text.OLED_Update
                0x10004530       0x30 ..\OLED\liboled.a(OLED.c.obj)
                0x10004530                OLED_Update
 .text.OLED_Clear
                0x10004560       0x2c ..\OLED\liboled.a(OLED.c.obj)
                0x10004560                OLED_Clear
 .text.OLED_Init
                0x1000458c      0x1b4 ..\OLED\liboled.a(OLED.c.obj)
                0x1000458c                OLED_Init
 .text.OLED_ClearArea
                0x10004740       0x90 ..\OLED\liboled.a(OLED.c.obj)
                0x10004740                OLED_ClearArea
 .text.OLED_ShowImage
                0x100047d0      0x110 ..\OLED\liboled.a(OLED.c.obj)
                0x100047d0                OLED_ShowImage
 .text.OLED_ShowChar
                0x100048e0       0x44 ..\OLED\liboled.a(OLED.c.obj)
                0x100048e0                OLED_ShowChar
 .text.OLED_ShowString
                0x10004924       0x32 ..\OLED\liboled.a(OLED.c.obj)
                0x10004924                OLED_ShowString
 .text.OLED_Printf
                0x10004956       0x2e ..\OLED\liboled.a(OLED.c.obj)
                0x10004956                OLED_Printf
 .text.SPI_GPIO_Init
                0x10004984       0x60 ..\spi\libspi.a(spilib.c.obj)
                0x10004984                SPI_GPIO_Init
 .text.SPI_WriteCommand
                0x100049e4       0x24 ..\spi\libspi.a(spilib.c.obj)
                0x100049e4                SPI_WriteCommand
 .text.SPI_WriteData
                0x10004a08       0x1c ..\spi\libspi.a(spilib.c.obj)
                0x10004a08                SPI_WriteData
 .text._calloc_r
                0x10004a24       0xa8 C:/PROGRA~2/ARMGNU~1/133167~1.3RE/bin/../lib/gcc/arm-none-eabi/13.3.1/thumb/v6-m/nofp\libg.a(libc_a-callocr.o)
                0x10004a24                _calloc_r
 .text._malloc_r
                0x10004acc      0x5c4 C:/PROGRA~2/ARMGNU~1/133167~1.3RE/bin/../lib/gcc/arm-none-eabi/13.3.1/thumb/v6-m/nofp\libg.a(libc_a-mallocr.o)
                0x10004acc                _malloc_r
 .text.__malloc_lock
                0x10005090       0x10 C:/PROGRA~2/ARMGNU~1/133167~1.3RE/bin/../lib/gcc/arm-none-eabi/13.3.1/thumb/v6-m/nofp\libg.a(libc_a-mlock.o)
                0x10005090                __malloc_lock
 .text.__malloc_unlock
                0x100050a0       0x10 C:/PROGRA~2/ARMGNU~1/133167~1.3RE/bin/../lib/gcc/arm-none-eabi/13.3.1/thumb/v6-m/nofp\libg.a(libc_a-mlock.o)
                0x100050a0                __malloc_unlock
 .text._realloc_r
                0x100050b0      0x350 C:/PROGRA~2/ARMGNU~1/133167~1.3RE/bin/../lib/gcc/arm-none-eabi/13.3.1/thumb/v6-m/nofp\libg.a(libc_a-reallocr.o)
                0x100050b0                _realloc_r
 .text.vsprintf
                0x10005400       0x3c C:/PROGRA~2/ARMGNU~1/133167~1.3RE/bin/../lib/gcc/arm-none-eabi/13.3.1/thumb/v6-m/nofp\libg.a(libc_a-vsprintf.o)
                0x10005400                vsprintf
 .text.memmove  0x1000543c       0xb0 C:/PROGRA~2/ARMGNU~1/133167~1.3RE/bin/../lib/gcc/arm-none-eabi/13.3.1/thumb/v6-m/nofp\libg.a(libc_a-memmove.o)
                0x1000543c                memmove
 .text._sbrk_r  0x100054ec       0x24 C:/PROGRA~2/ARMGNU~1/133167~1.3RE/bin/../lib/gcc/arm-none-eabi/13.3.1/thumb/v6-m/nofp\libg.a(libc_a-sbrkr.o)
                0x100054ec                _sbrk_r
 .text.__errno  0x10005510        0xc C:/PROGRA~2/ARMGNU~1/133167~1.3RE/bin/../lib/gcc/arm-none-eabi/13.3.1/thumb/v6-m/nofp\libg.a(libc_a-errno.o)
                0x10005510                __errno
 .text.__retarget_lock_acquire_recursive
                0x1000551c        0x4 C:/PROGRA~2/ARMGNU~1/133167~1.3RE/bin/../lib/gcc/arm-none-eabi/13.3.1/thumb/v6-m/nofp\libg.a(libc_a-lock.o)
                0x1000551c                __retarget_lock_acquire_recursive
 .text.__retarget_lock_release_recursive
                0x10005520        0x4 C:/PROGRA~2/ARMGNU~1/133167~1.3RE/bin/../lib/gcc/arm-none-eabi/13.3.1/thumb/v6-m/nofp\libg.a(libc_a-lock.o)
                0x10005520                __retarget_lock_release_recursive
 .text.sysconf  0x10005524       0x1c C:/PROGRA~2/ARMGNU~1/133167~1.3RE/bin/../lib/gcc/arm-none-eabi/13.3.1/thumb/v6-m/nofp\libg.a(libc_a-sysconf.o)
                0x10005524                sysconf
 .text.strlen   0x10005540       0x5c C:/PROGRA~2/ARMGNU~1/133167~1.3RE/bin/../lib/gcc/arm-none-eabi/13.3.1/thumb/v6-m/nofp\libg.a(libc_a-strlen-stub.o)
                0x10005540                strlen
 .text._malloc_trim_r
                0x1000559c       0xb4 C:/PROGRA~2/ARMGNU~1/133167~1.3RE/bin/../lib/gcc/arm-none-eabi/13.3.1/thumb/v6-m/nofp\libg.a(libc_a-freer.o)
                0x1000559c                _malloc_trim_r
 .text._free_r  0x10005650      0x1d4 C:/PROGRA~2/ARMGNU~1/133167~1.3RE/bin/../lib/gcc/arm-none-eabi/13.3.1/thumb/v6-m/nofp\libg.a(libc_a-freer.o)
                0x10005650                _free_r
 .text._svfprintf_r
                0x10005824     0x1c3c C:/PROGRA~2/ARMGNU~1/133167~1.3RE/bin/../lib/gcc/arm-none-eabi/13.3.1/thumb/v6-m/nofp\libg.a(libc_a-svfprintf.o)
                0x10005824                _svfprintf_r
 .text.__ssprint_r
                0x10007460       0x58 C:/PROGRA~2/ARMGNU~1/133167~1.3RE/bin/../lib/gcc/arm-none-eabi/13.3.1/thumb/v6-m/nofp\libg.a(libc_a-ssprint_r.o)
                0x10007460                __ssprint_r
 .text.strncpy  0x100074b8       0x60 C:/PROGRA~2/ARMGNU~1/133167~1.3RE/bin/../lib/gcc/arm-none-eabi/13.3.1/thumb/v6-m/nofp\libg.a(libc_a-strncpy.o)
                0x100074b8                strncpy
 .text.__locale_mb_cur_max
                0x10007518       0x10 C:/PROGRA~2/ARMGNU~1/133167~1.3RE/bin/../lib/gcc/arm-none-eabi/13.3.1/thumb/v6-m/nofp\libg.a(libc_a-locale.o)
                0x10007518                __locale_mb_cur_max
 .text._localeconv_r
                0x10007528        0x8 C:/PROGRA~2/ARMGNU~1/133167~1.3RE/bin/../lib/gcc/arm-none-eabi/13.3.1/thumb/v6-m/nofp\libg.a(libc_a-localeconv.o)
                0x10007528                _localeconv_r
 .text.memchr   0x10007530       0x74 C:/PROGRA~2/ARMGNU~1/133167~1.3RE/bin/../lib/gcc/arm-none-eabi/13.3.1/thumb/v6-m/nofp\libg.a(libc_a-memchr-stub.o)
                0x10007530                memchr
 .text.frexp    0x100075a4       0x68 C:/PROGRA~2/ARMGNU~1/133167~1.3RE/bin/../lib/gcc/arm-none-eabi/13.3.1/thumb/v6-m/nofp\libg.a(libm_a-s_frexp.o)
                0x100075a4                frexp
 .text.quorem   0x1000760c      0x154 C:/PROGRA~2/ARMGNU~1/133167~1.3RE/bin/../lib/gcc/arm-none-eabi/13.3.1/thumb/v6-m/nofp\libg.a(libc_a-dtoa.o)
 .text._dtoa_r  0x10007760      0xfb8 C:/PROGRA~2/ARMGNU~1/133167~1.3RE/bin/../lib/gcc/arm-none-eabi/13.3.1/thumb/v6-m/nofp\libg.a(libc_a-dtoa.o)
                0x10007760                _dtoa_r
 .text.__ascii_mbtowc
                0x10008718       0x2c C:/PROGRA~2/ARMGNU~1/133167~1.3RE/bin/../lib/gcc/arm-none-eabi/13.3.1/thumb/v6-m/nofp\libg.a(libc_a-mbtowc_r.o)
                0x10008718                __ascii_mbtowc
 .text._Balloc  0x10008744       0x50 C:/PROGRA~2/ARMGNU~1/133167~1.3RE/bin/../lib/gcc/arm-none-eabi/13.3.1/thumb/v6-m/nofp\libg.a(libc_a-mprec.o)
                0x10008744                _Balloc
 .text._Bfree   0x10008794       0x14 C:/PROGRA~2/ARMGNU~1/133167~1.3RE/bin/../lib/gcc/arm-none-eabi/13.3.1/thumb/v6-m/nofp\libg.a(libc_a-mprec.o)
                0x10008794                _Bfree
 .text.__multadd
                0x100087a8       0xa8 C:/PROGRA~2/ARMGNU~1/133167~1.3RE/bin/../lib/gcc/arm-none-eabi/13.3.1/thumb/v6-m/nofp\libg.a(libc_a-mprec.o)
                0x100087a8                __multadd
 .text.__hi0bits
                0x10008850       0x4c C:/PROGRA~2/ARMGNU~1/133167~1.3RE/bin/../lib/gcc/arm-none-eabi/13.3.1/thumb/v6-m/nofp\libg.a(libc_a-mprec.o)
                0x10008850                __hi0bits
 .text.__lo0bits
                0x1000889c       0x5c C:/PROGRA~2/ARMGNU~1/133167~1.3RE/bin/../lib/gcc/arm-none-eabi/13.3.1/thumb/v6-m/nofp\libg.a(libc_a-mprec.o)
                0x1000889c                __lo0bits
 .text.__i2b    0x100088f8       0x60 C:/PROGRA~2/ARMGNU~1/133167~1.3RE/bin/../lib/gcc/arm-none-eabi/13.3.1/thumb/v6-m/nofp\libg.a(libc_a-mprec.o)
                0x100088f8                __i2b
 .text.__multiply
                0x10008958      0x1ac C:/PROGRA~2/ARMGNU~1/133167~1.3RE/bin/../lib/gcc/arm-none-eabi/13.3.1/thumb/v6-m/nofp\libg.a(libc_a-mprec.o)
                0x10008958                __multiply
 .text.__pow5mult
                0x10008b04       0xd0 C:/PROGRA~2/ARMGNU~1/133167~1.3RE/bin/../lib/gcc/arm-none-eabi/13.3.1/thumb/v6-m/nofp\libg.a(libc_a-mprec.o)
                0x10008b04                __pow5mult
 .text.__lshift
                0x10008bd4       0xfc C:/PROGRA~2/ARMGNU~1/133167~1.3RE/bin/../lib/gcc/arm-none-eabi/13.3.1/thumb/v6-m/nofp\libg.a(libc_a-mprec.o)
                0x10008bd4                __lshift
 .text.__mcmp   0x10008cd0       0x3c C:/PROGRA~2/ARMGNU~1/133167~1.3RE/bin/../lib/gcc/arm-none-eabi/13.3.1/thumb/v6-m/nofp\libg.a(libc_a-mprec.o)
                0x10008cd0                __mcmp
 .text.__mdiff  0x10008d0c      0x1b4 C:/PROGRA~2/ARMGNU~1/133167~1.3RE/bin/../lib/gcc/arm-none-eabi/13.3.1/thumb/v6-m/nofp\libg.a(libc_a-mprec.o)
                0x10008d0c                __mdiff
 .text.__d2b    0x10008ec0       0xcc C:/PROGRA~2/ARMGNU~1/133167~1.3RE/bin/../lib/gcc/arm-none-eabi/13.3.1/thumb/v6-m/nofp\libg.a(libc_a-mprec.o)
                0x10008ec0                __d2b
 .text.__ascii_wctomb
                0x10008f8c       0x1c C:/PROGRA~2/ARMGNU~1/133167~1.3RE/bin/../lib/gcc/arm-none-eabi/13.3.1/thumb/v6-m/nofp\libg.a(libc_a-wctomb_r.o)
                0x10008f8c                __ascii_wctomb
 .text._wcrtomb_r
                0x10008fa8       0x50 C:/PROGRA~2/ARMGNU~1/133167~1.3RE/bin/../lib/gcc/arm-none-eabi/13.3.1/thumb/v6-m/nofp\libg.a(libc_a-wcrtomb.o)
                0x10008fa8                _wcrtomb_r
 .text._wcsrtombs_r
                0x10008ff8       0x18 C:/PROGRA~2/ARMGNU~1/133167~1.3RE/bin/../lib/gcc/arm-none-eabi/13.3.1/thumb/v6-m/nofp\libg.a(libc_a-wcsrtombs.o)
                0x10008ff8                _wcsrtombs_r
 .text.__ssputs_r
                0x10009010       0xd0 C:/PROGRA~2/ARMGNU~1/133167~1.3RE/bin/../lib/gcc/arm-none-eabi/13.3.1/thumb/v6-m/nofp\libg.a(libc_a-ssputs_r.o)
                0x10009010                __ssputs_r
 .text._wcsnrtombs_l
                0x100090e0      0x114 C:/PROGRA~2/ARMGNU~1/133167~1.3RE/bin/../lib/gcc/arm-none-eabi/13.3.1/thumb/v6-m/nofp\libg.a(libc_a-wcsnrtombs.o)
                0x100090e0                _wcsnrtombs_l
 .text._wcsnrtombs_r
                0x100091f4       0x24 C:/PROGRA~2/ARMGNU~1/133167~1.3RE/bin/../lib/gcc/arm-none-eabi/13.3.1/thumb/v6-m/nofp\libg.a(libc_a-wcsnrtombs.o)
                0x100091f4                _wcsnrtombs_r
 *(.fini)
 .fini          0x10009218        0x4 C:/PROGRA~2/ARMGNU~1/133167~1.3RE/bin/../lib/gcc/arm-none-eabi/13.3.1/thumb/v6-m/nofp/crti.o
                0x10009218                _fini
 *fill*         0x1000921c        0x4 
 .fini.__stub   0x10009220       0x50 linker stubs
 *crtbegin.o(.ctors)
 *crtbegin?.o(.ctors)
 *(EXCLUDE_FILE(*crtend.o *crtend?.o) .ctors)
 *(SORT_BY_NAME(.ctors.*))
 *(.ctors)
 *crtbegin.o(.dtors)
 *crtbegin?.o(.dtors)
 *(EXCLUDE_FILE(*crtend.o *crtend?.o) .dtors)
 *(SORT_BY_NAME(.dtors.*))
 *(.dtors)
 *(.eh_frame*)
 .eh_frame      0x10009270        0x0 C:/PROGRA~2/ARMGNU~1/133167~1.3RE/bin/../lib/gcc/arm-none-eabi/13.3.1/thumb/v6-m/nofp/crtbegin.o
                0x10009270                        . = ALIGN (0x4)

.glue_7         0x10009270        0x0
 .glue_7        0x10009270        0x0 linker stubs

.glue_7t        0x10009270        0x0
 .glue_7t       0x10009270        0x0 linker stubs

.vfp11_veneer   0x10009270        0x0
 .vfp11_veneer  0x10009270        0x0 linker stubs

.v4_bx          0x10009270        0x0
 .v4_bx         0x10009270        0x0 linker stubs

.iplt           0x10009270        0x0
 .iplt          0x10009270        0x0 C:/PROGRA~2/ARMGNU~1/133167~1.3RE/bin/../lib/gcc/arm-none-eabi/13.3.1/thumb/v6-m/nofp/crtbegin.o

.rodata         0x10009270     0x1ca4
 *(EXCLUDE_FILE(*libm.a: *libc.a:*lib_a-mem*.o *libgcc.a:) .rodata*)
 .rodata.main.str1.4
                0x10009270      0xbbe CMakeFiles/user.dir/main.c.obj
                                  0xe (size before relaxing)
 .rodata.resolve_branch.str1.4
                0x10009e2e       0x6d CMakeFiles/user.dir/C_/Users/ktkuru/Documents/Pico_SDK_v1.5.1/pico-sdk/src/rp2_common/hardware_irq/irq.c.obj
 .rodata.make_branch.str1.4
                0x10009e2e       0x30 CMakeFiles/user.dir/C_/Users/ktkuru/Documents/Pico_SDK_v1.5.1/pico-sdk/src/rp2_common/hardware_irq/irq.c.obj
 .rodata.insert_branch_and_link.str1.4
                0x10009e2e       0x10 CMakeFiles/user.dir/C_/Users/ktkuru/Documents/Pico_SDK_v1.5.1/pico-sdk/src/rp2_common/hardware_irq/irq.c.obj
 .rodata.irq_set_exclusive_handler.str1.4
                0x10009e2e       0x36 CMakeFiles/user.dir/C_/Users/ktkuru/Documents/Pico_SDK_v1.5.1/pico-sdk/src/rp2_common/hardware_irq/irq.c.obj
 .rodata.irq_remove_handler.str1.4
                0x10009e2e       0x3a CMakeFiles/user.dir/C_/Users/ktkuru/Documents/Pico_SDK_v1.5.1/pico-sdk/src/rp2_common/hardware_irq/irq.c.obj
 .rodata.irq_add_tail_to_free_list.str1.4
                0x10009e2e       0x3a CMakeFiles/user.dir/C_/Users/ktkuru/Documents/Pico_SDK_v1.5.1/pico-sdk/src/rp2_common/hardware_irq/irq.c.obj
 *fill*         0x10009e2e        0x2 
 .rodata.__func__.0
                0x10009e30       0x1a CMakeFiles/user.dir/C_/Users/ktkuru/Documents/Pico_SDK_v1.5.1/pico-sdk/src/rp2_common/hardware_irq/irq.c.obj
 *fill*         0x10009e4a        0x2 
 .rodata.__func__.1
                0x10009e4c       0x17 CMakeFiles/user.dir/C_/Users/ktkuru/Documents/Pico_SDK_v1.5.1/pico-sdk/src/rp2_common/hardware_irq/irq.c.obj
 *fill*         0x10009e63        0x1 
 .rodata.__func__.2
                0x10009e64       0x13 CMakeFiles/user.dir/C_/Users/ktkuru/Documents/Pico_SDK_v1.5.1/pico-sdk/src/rp2_common/hardware_irq/irq.c.obj
 *fill*         0x10009e77        0x1 
 .rodata.__func__.3
                0x10009e78        0xc CMakeFiles/user.dir/C_/Users/ktkuru/Documents/Pico_SDK_v1.5.1/pico-sdk/src/rp2_common/hardware_irq/irq.c.obj
 .rodata.__func__.4
                0x10009e84        0xf CMakeFiles/user.dir/C_/Users/ktkuru/Documents/Pico_SDK_v1.5.1/pico-sdk/src/rp2_common/hardware_irq/irq.c.obj
 *fill*         0x10009e93        0x1 
 .rodata.__func__.6
                0x10009e94       0x1a CMakeFiles/user.dir/C_/Users/ktkuru/Documents/Pico_SDK_v1.5.1/pico-sdk/src/rp2_common/hardware_irq/irq.c.obj
 .rodata.str1.4
                0x10009eae       0xa1 CMakeFiles/user.dir/C_/Users/ktkuru/Documents/Pico_SDK_v1.5.1/pico-sdk/src/common/pico_sync/mutex.c.obj
 *fill*         0x10009eae        0x2 
 .rodata.__func__.1
                0x10009eb0        0xb CMakeFiles/user.dir/C_/Users/ktkuru/Documents/Pico_SDK_v1.5.1/pico-sdk/src/common/pico_sync/mutex.c.obj
 *fill*         0x10009ebb        0x1 
 .rodata.__func__.3
                0x10009ebc       0x18 CMakeFiles/user.dir/C_/Users/ktkuru/Documents/Pico_SDK_v1.5.1/pico-sdk/src/common/pico_sync/mutex.c.obj
 .rodata.get_entry.str1.4
                0x10009ed4       0x73 CMakeFiles/user.dir/C_/Users/ktkuru/Documents/Pico_SDK_v1.5.1/pico-sdk/src/common/pico_time/time.c.obj
 .rodata.update_us_since_boot.str1.4
                0x10009ed4       0x72 CMakeFiles/user.dir/C_/Users/ktkuru/Documents/Pico_SDK_v1.5.1/pico-sdk/src/common/pico_time/time.c.obj
 .rodata.ph_get_node.str1.4
                0x10009ed4       0x77 CMakeFiles/user.dir/C_/Users/ktkuru/Documents/Pico_SDK_v1.5.1/pico-sdk/src/common/pico_time/time.c.obj
 .rodata.ph_add_child_node.str1.4
                0x10009ed4       0x2e CMakeFiles/user.dir/C_/Users/ktkuru/Documents/Pico_SDK_v1.5.1/pico-sdk/src/common/pico_time/time.c.obj
 .rodata.ph_insert_node.str1.4
                0x10009ed4        0x3 CMakeFiles/user.dir/C_/Users/ktkuru/Documents/Pico_SDK_v1.5.1/pico-sdk/src/common/pico_time/time.c.obj
 .rodata.ph_free_node.str1.4
                0x10009ed4       0x38 CMakeFiles/user.dir/C_/Users/ktkuru/Documents/Pico_SDK_v1.5.1/pico-sdk/src/common/pico_time/time.c.obj
 .rodata.add_alarm_under_lock.str1.4
                0x10009ed4       0x28 CMakeFiles/user.dir/C_/Users/ktkuru/Documents/Pico_SDK_v1.5.1/pico-sdk/src/common/pico_time/time.c.obj
 .rodata.alarm_pool_alarm_callback.str1.4
                0x10009ed4       0x60 CMakeFiles/user.dir/C_/Users/ktkuru/Documents/Pico_SDK_v1.5.1/pico-sdk/src/common/pico_time/time.c.obj
 .rodata.alarm_pool_get_default.str1.4
                0x10009ed4       0x21 CMakeFiles/user.dir/C_/Users/ktkuru/Documents/Pico_SDK_v1.5.1/pico-sdk/src/common/pico_time/time.c.obj
 .rodata.alarm_pool_cancel_alarm.str1.4
                0x10009ed4       0x27 CMakeFiles/user.dir/C_/Users/ktkuru/Documents/Pico_SDK_v1.5.1/pico-sdk/src/common/pico_time/time.c.obj
 .rodata.__func__.1
                0x10009ed4       0x18 CMakeFiles/user.dir/C_/Users/ktkuru/Documents/Pico_SDK_v1.5.1/pico-sdk/src/common/pico_time/time.c.obj
 .rodata.__func__.3
                0x10009eec       0x17 CMakeFiles/user.dir/C_/Users/ktkuru/Documents/Pico_SDK_v1.5.1/pico-sdk/src/common/pico_time/time.c.obj
 *fill*         0x10009f03        0x1 
 .rodata.__func__.4
                0x10009f04       0x12 CMakeFiles/user.dir/C_/Users/ktkuru/Documents/Pico_SDK_v1.5.1/pico-sdk/src/common/pico_time/time.c.obj
 *fill*         0x10009f16        0x2 
 .rodata.__func__.5
                0x10009f18        0xd CMakeFiles/user.dir/C_/Users/ktkuru/Documents/Pico_SDK_v1.5.1/pico-sdk/src/common/pico_time/time.c.obj
 *fill*         0x10009f25        0x3 
 .rodata.__func__.6
                0x10009f28       0x12 CMakeFiles/user.dir/C_/Users/ktkuru/Documents/Pico_SDK_v1.5.1/pico-sdk/src/common/pico_time/time.c.obj
 *fill*         0x10009f3a        0x2 
 .rodata.__func__.7
                0x10009f3c        0xf CMakeFiles/user.dir/C_/Users/ktkuru/Documents/Pico_SDK_v1.5.1/pico-sdk/src/common/pico_time/time.c.obj
 *fill*         0x10009f4b        0x1 
 .rodata.__func__.8
                0x10009f4c        0xc CMakeFiles/user.dir/C_/Users/ktkuru/Documents/Pico_SDK_v1.5.1/pico-sdk/src/common/pico_time/time.c.obj
 .rodata.__func__.9
                0x10009f58       0x15 CMakeFiles/user.dir/C_/Users/ktkuru/Documents/Pico_SDK_v1.5.1/pico-sdk/src/common/pico_time/time.c.obj
 *fill*         0x10009f6d        0x3 
 .rodata.__func__.10
                0x10009f70       0x15 CMakeFiles/user.dir/C_/Users/ktkuru/Documents/Pico_SDK_v1.5.1/pico-sdk/src/common/pico_time/time.c.obj
 *fill*         0x10009f85        0x3 
 .rodata.__func__.11
                0x10009f88       0x1a CMakeFiles/user.dir/C_/Users/ktkuru/Documents/Pico_SDK_v1.5.1/pico-sdk/src/common/pico_time/time.c.obj
 *fill*         0x10009fa2        0x2 
 .rodata.__func__.12
                0x10009fa4        0xa CMakeFiles/user.dir/C_/Users/ktkuru/Documents/Pico_SDK_v1.5.1/pico-sdk/src/common/pico_time/time.c.obj
 .rodata.update_us_since_boot.str1.4
                0x10009fae       0x72 CMakeFiles/user.dir/C_/Users/ktkuru/Documents/Pico_SDK_v1.5.1/pico-sdk/src/rp2_common/hardware_timer/timer.c.obj
 .rodata.hardware_alarm_claim.str1.4
                0x10009fae       0x22 CMakeFiles/user.dir/C_/Users/ktkuru/Documents/Pico_SDK_v1.5.1/pico-sdk/src/rp2_common/hardware_timer/timer.c.obj
 .rodata.hardware_alarm_set_target.str1.4
                0x10009fae       0x7d CMakeFiles/user.dir/C_/Users/ktkuru/Documents/Pico_SDK_v1.5.1/pico-sdk/src/rp2_common/hardware_timer/timer.c.obj
 *fill*         0x10009fae        0x2 
 .rodata.__func__.0
                0x10009fb0       0x1a CMakeFiles/user.dir/C_/Users/ktkuru/Documents/Pico_SDK_v1.5.1/pico-sdk/src/rp2_common/hardware_timer/timer.c.obj
 *fill*         0x10009fca        0x2 
 .rodata.__func__.1
                0x10009fcc       0x15 CMakeFiles/user.dir/C_/Users/ktkuru/Documents/Pico_SDK_v1.5.1/pico-sdk/src/rp2_common/hardware_timer/timer.c.obj
 .rodata.ph_get_node.str1.4
                0x10009fe1       0x77 CMakeFiles/user.dir/C_/Users/ktkuru/Documents/Pico_SDK_v1.5.1/pico-sdk/src/common/pico_util/pheap.c.obj
 .rodata.ph_add_child_node.str1.4
                0x10009fe1       0x2e CMakeFiles/user.dir/C_/Users/ktkuru/Documents/Pico_SDK_v1.5.1/pico-sdk/src/common/pico_util/pheap.c.obj
 .rodata.ph_remove_any_head.str1.4
                0x10009fe1       0xb8 CMakeFiles/user.dir/C_/Users/ktkuru/Documents/Pico_SDK_v1.5.1/pico-sdk/src/common/pico_util/pheap.c.obj
 .rodata.ph_remove_and_free_node.str1.4
                0x10009fe1       0x26 CMakeFiles/user.dir/C_/Users/ktkuru/Documents/Pico_SDK_v1.5.1/pico-sdk/src/common/pico_util/pheap.c.obj
 *fill*         0x10009fe1        0x3 
 .rodata.__func__.0
                0x10009fe4       0x18 CMakeFiles/user.dir/C_/Users/ktkuru/Documents/Pico_SDK_v1.5.1/pico-sdk/src/common/pico_util/pheap.c.obj
 .rodata.__func__.1
                0x10009ffc       0x13 CMakeFiles/user.dir/C_/Users/ktkuru/Documents/Pico_SDK_v1.5.1/pico-sdk/src/common/pico_util/pheap.c.obj
 *fill*         0x1000a00f        0x1 
 .rodata.__func__.2
                0x1000a010       0x12 CMakeFiles/user.dir/C_/Users/ktkuru/Documents/Pico_SDK_v1.5.1/pico-sdk/src/common/pico_util/pheap.c.obj
 *fill*         0x1000a022        0x2 
 .rodata.__func__.3
                0x1000a024        0xc CMakeFiles/user.dir/C_/Users/ktkuru/Documents/Pico_SDK_v1.5.1/pico-sdk/src/common/pico_util/pheap.c.obj
 .rodata.clock_configure.str1.4
                0x1000a030       0x6f CMakeFiles/user.dir/C_/Users/ktkuru/Documents/Pico_SDK_v1.5.1/pico-sdk/src/rp2_common/hardware_clocks/clocks.c.obj
 .rodata.__func__.1
                0x1000a030       0x10 CMakeFiles/user.dir/C_/Users/ktkuru/Documents/Pico_SDK_v1.5.1/pico-sdk/src/rp2_common/hardware_clocks/clocks.c.obj
 .rodata.pll_init.str1.4
                0x1000a040      0x13c CMakeFiles/user.dir/C_/Users/ktkuru/Documents/Pico_SDK_v1.5.1/pico-sdk/src/rp2_common/hardware_pll/pll.c.obj
 .rodata.__func__.0
                0x1000a040        0x9 CMakeFiles/user.dir/C_/Users/ktkuru/Documents/Pico_SDK_v1.5.1/pico-sdk/src/rp2_common/hardware_pll/pll.c.obj
 .rodata.__assert_func.str1.4
                0x1000a049       0x43 CMakeFiles/user.dir/C_/Users/ktkuru/Documents/Pico_SDK_v1.5.1/pico-sdk/src/rp2_common/pico_runtime/runtime.c.obj
 .rodata.runtime_init.str1.4
                0x1000a049       0x79 CMakeFiles/user.dir/C_/Users/ktkuru/Documents/Pico_SDK_v1.5.1/pico-sdk/src/rp2_common/pico_runtime/runtime.c.obj
 .rodata.panic.str1.4
                0x1000a049       0x12 CMakeFiles/user.dir/C_/Users/ktkuru/Documents/Pico_SDK_v1.5.1/pico-sdk/src/rp2_common/pico_runtime/runtime.c.obj
 *fill*         0x1000a049        0x3 
 .rodata.__func__.2
                0x1000a04c        0xd CMakeFiles/user.dir/C_/Users/ktkuru/Documents/Pico_SDK_v1.5.1/pico-sdk/src/rp2_common/pico_runtime/runtime.c.obj
 .rodata._ftoa.str1.4
                0x1000a059       0x15 CMakeFiles/user.dir/C_/Users/ktkuru/Documents/Pico_SDK_v1.5.1/pico-sdk/src/rp2_common/pico_printf/printf.c.obj
 *fill*         0x1000a059        0x3 
 .rodata._vsnprintf
                0x1000a05c      0x19c CMakeFiles/user.dir/C_/Users/ktkuru/Documents/Pico_SDK_v1.5.1/pico-sdk/src/rp2_common/pico_printf/printf.c.obj
 .rodata.pow10.0
                0x1000a1f8       0x50 CMakeFiles/user.dir/C_/Users/ktkuru/Documents/Pico_SDK_v1.5.1/pico-sdk/src/rp2_common/pico_printf/printf.c.obj
 .rodata.__aeabi_double_init.str1.4
                0x1000a248       0xb4 CMakeFiles/user.dir/C_/Users/ktkuru/Documents/Pico_SDK_v1.5.1/pico-sdk/src/rp2_common/pico_double/double_init_rom.c.obj
 .rodata.__func__.0
                0x1000a248       0x14 CMakeFiles/user.dir/C_/Users/ktkuru/Documents/Pico_SDK_v1.5.1/pico-sdk/src/rp2_common/pico_double/double_init_rom.c.obj
 .rodata.__aeabi_float_init.str1.4
                0x1000a25c       0x96 CMakeFiles/user.dir/C_/Users/ktkuru/Documents/Pico_SDK_v1.5.1/pico-sdk/src/rp2_common/pico_float/float_init_rom.c.obj
 .rodata.__func__.0
                0x1000a25c       0x13 CMakeFiles/user.dir/C_/Users/ktkuru/Documents/Pico_SDK_v1.5.1/pico-sdk/src/rp2_common/pico_float/float_init_rom.c.obj
 .rodata.str1.4
                0x1000a26f       0x3c CMakeFiles/user.dir/C_/Users/ktkuru/Documents/Pico_SDK_v1.5.1/pico-sdk/src/rp2_common/pico_standard_link/binary_info.c.obj
 *fill*         0x1000a26f        0x1 
 .rodata.__bi_81
                0x1000a270        0xc CMakeFiles/user.dir/C_/Users/ktkuru/Documents/Pico_SDK_v1.5.1/pico-sdk/src/rp2_common/pico_standard_link/binary_info.c.obj
 .rodata.__bi_75
                0x1000a27c        0xc CMakeFiles/user.dir/C_/Users/ktkuru/Documents/Pico_SDK_v1.5.1/pico-sdk/src/rp2_common/pico_standard_link/binary_info.c.obj
 .rodata.__bi_44
                0x1000a288        0xc CMakeFiles/user.dir/C_/Users/ktkuru/Documents/Pico_SDK_v1.5.1/pico-sdk/src/rp2_common/pico_standard_link/binary_info.c.obj
 .rodata.update_us_since_boot.str1.4
                0x1000a294       0x72 CMakeFiles/user.dir/C_/Users/ktkuru/Documents/Pico_SDK_v1.5.1/pico-sdk/src/rp2_common/pico_stdio/stdio.c.obj
 .rodata.crlf_str.2
                0x1000a294        0x2 CMakeFiles/user.dir/C_/Users/ktkuru/Documents/Pico_SDK_v1.5.1/pico-sdk/src/rp2_common/pico_stdio/stdio.c.obj
 *fill*         0x1000a296        0x2 
 .rodata.__func__.3
                0x1000a298       0x15 CMakeFiles/user.dir/C_/Users/ktkuru/Documents/Pico_SDK_v1.5.1/pico-sdk/src/rp2_common/pico_stdio/stdio.c.obj
 .rodata.str1.4
                0x1000a2ad       0x2c CMakeFiles/user.dir/C_/Users/ktkuru/Documents/Pico_SDK_v1.5.1/pico-sdk/src/rp2_common/pico_stdio_uart/stdio_uart.c.obj
 *fill*         0x1000a2ad        0x3 
 .rodata.__bi_33.4
                0x1000a2b0        0xc CMakeFiles/user.dir/C_/Users/ktkuru/Documents/Pico_SDK_v1.5.1/pico-sdk/src/rp2_common/pico_stdio_uart/stdio_uart.c.obj
 .rodata.__bi_34.5
                0x1000a2bc        0x8 CMakeFiles/user.dir/C_/Users/ktkuru/Documents/Pico_SDK_v1.5.1/pico-sdk/src/rp2_common/pico_stdio_uart/stdio_uart.c.obj
 .rodata.OLED_F6x8
                0x1000a2c4      0x23a ..\OLED\liboled.a(OLED_Data.c.obj)
                0x1000a2c4                OLED_F6x8
 *fill*         0x1000a4fe        0x2 
 .rodata.OLED_F8x16
                0x1000a500      0x5f0 ..\OLED\liboled.a(OLED_Data.c.obj)
                0x1000a500                OLED_F8x16
 .rodata._svfprintf_r.str1.4
                0x1000aaf0       0x42 C:/PROGRA~2/ARMGNU~1/133167~1.3RE/bin/../lib/gcc/arm-none-eabi/13.3.1/thumb/v6-m/nofp\libg.a(libc_a-svfprintf.o)
 .rodata._svfprintf_r
                0x1000aaf0      0x204 C:/PROGRA~2/ARMGNU~1/133167~1.3RE/bin/../lib/gcc/arm-none-eabi/13.3.1/thumb/v6-m/nofp\libg.a(libc_a-svfprintf.o)
 .rodata.zeroes.0
                0x1000acf4       0x10 C:/PROGRA~2/ARMGNU~1/133167~1.3RE/bin/../lib/gcc/arm-none-eabi/13.3.1/thumb/v6-m/nofp\libg.a(libc_a-svfprintf.o)
 .rodata.blanks.1
                0x1000ad04       0x10 C:/PROGRA~2/ARMGNU~1/133167~1.3RE/bin/../lib/gcc/arm-none-eabi/13.3.1/thumb/v6-m/nofp\libg.a(libc_a-svfprintf.o)
 .rodata.str1.4
                0x1000ad14       0x4c C:/PROGRA~2/ARMGNU~1/133167~1.3RE/bin/../lib/gcc/arm-none-eabi/13.3.1/thumb/v6-m/nofp\libg.a(libc_a-locale.o)
 .rodata._dtoa_r.str1.4
                0x1000ad14       0x81 C:/PROGRA~2/ARMGNU~1/133167~1.3RE/bin/../lib/gcc/arm-none-eabi/13.3.1/thumb/v6-m/nofp\libg.a(libc_a-dtoa.o)
 .rodata.__multadd.str1.4
                0x1000ad14       0x6e C:/PROGRA~2/ARMGNU~1/133167~1.3RE/bin/../lib/gcc/arm-none-eabi/13.3.1/thumb/v6-m/nofp\libg.a(libc_a-mprec.o)
 .rodata.p05.0  0x1000ad14        0xc C:/PROGRA~2/ARMGNU~1/133167~1.3RE/bin/../lib/gcc/arm-none-eabi/13.3.1/thumb/v6-m/nofp\libg.a(libc_a-mprec.o)
 .rodata.__mprec_bigtens
                0x1000ad20       0x28 C:/PROGRA~2/ARMGNU~1/133167~1.3RE/bin/../lib/gcc/arm-none-eabi/13.3.1/thumb/v6-m/nofp\libg.a(libc_a-mprec.o)
                0x1000ad20                __mprec_bigtens
 .rodata.__mprec_tens
                0x1000ad48       0xc8 C:/PROGRA~2/ARMGNU~1/133167~1.3RE/bin/../lib/gcc/arm-none-eabi/13.3.1/thumb/v6-m/nofp\libg.a(libc_a-mprec.o)
                0x1000ad48                __mprec_tens
 .rodata._ctype_
                0x1000ae10      0x101 C:/PROGRA~2/ARMGNU~1/133167~1.3RE/bin/../lib/gcc/arm-none-eabi/13.3.1/thumb/v6-m/nofp\libg.a(libc_a-ctype_.o)
                0x1000ae10                _ctype_
                0x1000af14                        . = ALIGN (0x4)
 *fill*         0x1000af11        0x3 
 *(SORT_BY_ALIGNMENT(SORT_BY_NAME(.flashdata*)))
                0x1000af14                        . = ALIGN (0x4)

.ARM.extab
 *(.ARM.extab* .gnu.linkonce.armextab.*)
                0x1000af14                        __exidx_start = .

.ARM.exidx
 *(.ARM.exidx* .gnu.linkonce.armexidx.*)
                0x1000af14                        __exidx_end = .
                0x1000af14                        . = ALIGN (0x4)
                0x1000af14                        __binary_info_start = .

.binary_info    0x1000af14       0x24
 *(.binary_info.keep.*)
 .binary_info.keep.__bi_ptr81
                0x1000af14        0x4 CMakeFiles/user.dir/C_/Users/ktkuru/Documents/Pico_SDK_v1.5.1/pico-sdk/src/rp2_common/pico_standard_link/binary_info.c.obj
 .binary_info.keep.__bi_ptr75
                0x1000af18        0x4 CMakeFiles/user.dir/C_/Users/ktkuru/Documents/Pico_SDK_v1.5.1/pico-sdk/src/rp2_common/pico_standard_link/binary_info.c.obj
 .binary_info.keep.__bi_ptr50
                0x1000af1c        0x4 CMakeFiles/user.dir/C_/Users/ktkuru/Documents/Pico_SDK_v1.5.1/pico-sdk/src/rp2_common/pico_standard_link/binary_info.c.obj
 .binary_info.keep.__bi_ptr44
                0x1000af20        0x4 CMakeFiles/user.dir/C_/Users/ktkuru/Documents/Pico_SDK_v1.5.1/pico-sdk/src/rp2_common/pico_standard_link/binary_info.c.obj
 .binary_info.keep.__bi_ptr38
                0x1000af24        0x4 CMakeFiles/user.dir/C_/Users/ktkuru/Documents/Pico_SDK_v1.5.1/pico-sdk/src/rp2_common/pico_standard_link/binary_info.c.obj
 .binary_info.keep.__bi_ptr30
                0x1000af28        0x4 CMakeFiles/user.dir/C_/Users/ktkuru/Documents/Pico_SDK_v1.5.1/pico-sdk/src/rp2_common/pico_standard_link/binary_info.c.obj
 .binary_info.keep.__bi_ptr22
                0x1000af2c        0x4 CMakeFiles/user.dir/C_/Users/ktkuru/Documents/Pico_SDK_v1.5.1/pico-sdk/src/rp2_common/pico_standard_link/binary_info.c.obj
 *(.binary_info.*)
 .binary_info.__bi_ptr34
                0x1000af30        0x4 CMakeFiles/user.dir/C_/Users/ktkuru/Documents/Pico_SDK_v1.5.1/pico-sdk/src/rp2_common/pico_stdio_uart/stdio_uart.c.obj
 .binary_info.__bi_ptr33
                0x1000af34        0x4 CMakeFiles/user.dir/C_/Users/ktkuru/Documents/Pico_SDK_v1.5.1/pico-sdk/src/rp2_common/pico_stdio_uart/stdio_uart.c.obj
                0x1000af38                        __binary_info_end = .

.rel.dyn        0x1000af38        0x0
 .rel.iplt      0x1000af38        0x0 C:/PROGRA~2/ARMGNU~1/133167~1.3RE/bin/../lib/gcc/arm-none-eabi/13.3.1/thumb/v6-m/nofp/crtbegin.o
                0x1000af38                        . = ALIGN (0x4)

.ram_vector_table
                0x20000000       0xc0
 *(.ram_vector_table)
 .ram_vector_table
                0x20000000       0xc0 CMakeFiles/user.dir/C_/Users/ktkuru/Documents/Pico_SDK_v1.5.1/pico-sdk/src/rp2_common/pico_runtime/runtime.c.obj
                0x20000000                ram_vector_table

.data           0x200000c0      0x948 load address 0x1000af38
                0x200000c0                        __data_start__ = .
 *(vtable)
 *(.time_critical*)
 .time_critical.mutex_try_enter
                0x200000c0       0x46 CMakeFiles/user.dir/C_/Users/ktkuru/Documents/Pico_SDK_v1.5.1/pico-sdk/src/common/pico_sync/mutex.c.obj
                0x200000c0                mutex_try_enter
 *fill*         0x20000106        0x2 
 .time_critical.mutex_enter_block_until
                0x20000108       0x8c CMakeFiles/user.dir/C_/Users/ktkuru/Documents/Pico_SDK_v1.5.1/pico-sdk/src/common/pico_sync/mutex.c.obj
                0x20000108                mutex_enter_block_until
 .time_critical.mutex_try_enter_block_until
                0x20000194       0x34 CMakeFiles/user.dir/C_/Users/ktkuru/Documents/Pico_SDK_v1.5.1/pico-sdk/src/common/pico_sync/mutex.c.obj
                0x20000194                mutex_try_enter_block_until
 .time_critical.mutex_exit
                0x200001c8       0x4c CMakeFiles/user.dir/C_/Users/ktkuru/Documents/Pico_SDK_v1.5.1/pico-sdk/src/common/pico_sync/mutex.c.obj
                0x200001c8                mutex_exit
 .time_critical.spi_write_blocking
                0x20000214       0x3a CMakeFiles/user.dir/C_/Users/ktkuru/Documents/Pico_SDK_v1.5.1/pico-sdk/src/rp2_common/hardware_spi/spi.c.obj
                0x20000214                spi_write_blocking
 *(.text*)
 *fill*         0x2000024e        0x2 
 .text          0x20000250        0x4 C:/PROGRA~2/ARMGNU~1/133167~1.3RE/bin/../lib/gcc/arm-none-eabi/13.3.1/thumb/v6-m/nofp\libgcc.a(_dvmd_tls.o)
                0x20000250                __aeabi_idiv0
                0x20000250                __aeabi_ldiv0
 *fill*         0x20000254        0x4 
 .text.__stub   0x20000258       0x20 linker stubs
                0x20000278                        . = ALIGN (0x4)
 *(.rodata*)
                0x20000278                        . = ALIGN (0x4)
 *(.data*)
 .data.striped_spin_lock_num
                0x20000278        0x1 CMakeFiles/user.dir/C_/Users/ktkuru/Documents/Pico_SDK_v1.5.1/pico-sdk/src/rp2_common/hardware_sync/sync.c.obj
 *fill*         0x20000279        0x3 
 .data          0x2000027c       0x48 CMakeFiles/user.dir/C_/Users/ktkuru/Documents/Pico_SDK_v1.5.1/pico-sdk/src/rp2_common/hardware_irq/irq_handler_chain.S.obj
                0x2000027c                irq_handler_chain_slots
                0x200002ac                irq_handler_chain_first_slot
                0x200002b6                irq_handler_chain_remove_tail
 .data.default_alarm_pool
                0x200002c4       0x18 CMakeFiles/user.dir/C_/Users/ktkuru/Documents/Pico_SDK_v1.5.1/pico-sdk/src/common/pico_time/time.c.obj
 .data.default_alarm_pool_heap
                0x200002dc       0x10 CMakeFiles/user.dir/C_/Users/ktkuru/Documents/Pico_SDK_v1.5.1/pico-sdk/src/common/pico_time/time.c.obj
 *fill*         0x200002ec        0x4 
 .data.aeabi_bits_funcs
                0x200002f0       0x10 CMakeFiles/user.dir/C_/Users/ktkuru/Documents/Pico_SDK_v1.5.1/pico-sdk/src/rp2_common/pico_bit_ops/bit_ops_aeabi.S.obj
                0x200002f0                aeabi_bits_funcs
                0x20000300                aeabi_bits_funcs_end
 .data.aeabi_mem_funcs
                0x20000300       0x10 CMakeFiles/user.dir/C_/Users/ktkuru/Documents/Pico_SDK_v1.5.1/pico-sdk/src/rp2_common/pico_mem_ops/mem_ops_aeabi.S.obj
                0x20000300                aeabi_mem_funcs
                0x20000310                aeabi_mem_funcs_end
 .data.stdio_uart
                0x20000310       0x18 CMakeFiles/user.dir/C_/Users/ktkuru/Documents/Pico_SDK_v1.5.1/pico-sdk/src/rp2_common/pico_stdio_uart/stdio_uart.c.obj
                0x20000310                stdio_uart
 .data.__malloc_sbrk_base
                0x20000328        0x4 C:/PROGRA~2/ARMGNU~1/133167~1.3RE/bin/../lib/gcc/arm-none-eabi/13.3.1/thumb/v6-m/nofp\libg.a(libc_a-mallocr.o)
                0x20000328                __malloc_sbrk_base
 .data.__malloc_trim_threshold
                0x2000032c        0x4 C:/PROGRA~2/ARMGNU~1/133167~1.3RE/bin/../lib/gcc/arm-none-eabi/13.3.1/thumb/v6-m/nofp\libg.a(libc_a-mallocr.o)
                0x2000032c                __malloc_trim_threshold
 .data.__malloc_av_
                0x20000330      0x408 C:/PROGRA~2/ARMGNU~1/133167~1.3RE/bin/../lib/gcc/arm-none-eabi/13.3.1/thumb/v6-m/nofp\libg.a(libc_a-mallocr.o)
                0x20000330                __malloc_av_
 .data._impure_ptr
                0x20000738        0x4 C:/PROGRA~2/ARMGNU~1/133167~1.3RE/bin/../lib/gcc/arm-none-eabi/13.3.1/thumb/v6-m/nofp\libg.a(libc_a-impure.o)
                0x20000738                _impure_ptr
 *fill*         0x2000073c        0x4 
 .data._impure_data
                0x20000740      0x140 C:/PROGRA~2/ARMGNU~1/133167~1.3RE/bin/../lib/gcc/arm-none-eabi/13.3.1/thumb/v6-m/nofp\libg.a(libc_a-impure.o)
                0x20000740                _impure_data
 .data.__global_locale
                0x20000880      0x16c C:/PROGRA~2/ARMGNU~1/133167~1.3RE/bin/../lib/gcc/arm-none-eabi/13.3.1/thumb/v6-m/nofp\libg.a(libc_a-locale.o)
                0x20000880                __global_locale
                0x200009ec                        . = ALIGN (0x4)
 *(.after_data.*)
                0x200009ec                        . = ALIGN (0x4)
                0x200009ec                        PROVIDE (__mutex_array_start = .)
 *(SORT_BY_NAME(.mutex_array.*))
 *(.mutex_array)
 .mutex_array   0x200009ec        0x8 CMakeFiles/user.dir/C_/Users/ktkuru/Documents/Pico_SDK_v1.5.1/pico-sdk/src/rp2_common/pico_stdio/stdio.c.obj
                0x200009f4                        PROVIDE (__mutex_array_end = .)
                0x200009f4                        . = ALIGN (0x4)
                0x200009f4                        PROVIDE (__preinit_array_start = .)
 *(SORT_BY_NAME(.preinit_array.*))
 .preinit_array.00001
                0x200009f4        0x4 CMakeFiles/user.dir/C_/Users/ktkuru/Documents/Pico_SDK_v1.5.1/pico-sdk/src/rp2_common/pico_mem_ops/mem_ops_aeabi.S.obj
 .preinit_array.00010
                0x200009f8        0x4 CMakeFiles/user.dir/C_/Users/ktkuru/Documents/Pico_SDK_v1.5.1/pico-sdk/src/rp2_common/pico_bit_ops/bit_ops_aeabi.S.obj
 .preinit_array.00020
                0x200009fc        0x4 CMakeFiles/user.dir/C_/Users/ktkuru/Documents/Pico_SDK_v1.5.1/pico-sdk/src/rp2_common/pico_double/double_aeabi.S.obj
 .preinit_array.00020
                0x20000a00        0x4 CMakeFiles/user.dir/C_/Users/ktkuru/Documents/Pico_SDK_v1.5.1/pico-sdk/src/rp2_common/pico_float/float_aeabi.S.obj
 *(.preinit_array)
                0x20000a04                        PROVIDE (__preinit_array_end = .)
                0x20000a04                        . = ALIGN (0x4)
                0x20000a04                        PROVIDE (__init_array_start = .)
 *(SORT_BY_NAME(.init_array.*))
 *(.init_array)
 .init_array    0x20000a04        0x4 C:/PROGRA~2/ARMGNU~1/133167~1.3RE/bin/../lib/gcc/arm-none-eabi/13.3.1/thumb/v6-m/nofp/crtbegin.o
                0x20000a08                        PROVIDE (__init_array_end = .)
                0x20000a08                        . = ALIGN (0x4)
                [!provide]                        PROVIDE (__fini_array_start = .)
 *(SORT_BY_NAME(.fini_array.*))
 *(.fini_array)
                [!provide]                        PROVIDE (__fini_array_end = .)
 *(.jcr)
                0x20000a08                        . = ALIGN (0x4)
                0x20000a08                        __data_end__ = .
                0x1000af38                        __etext = LOADADDR (.data)

.tm_clone_table
                0x20000a08        0x0 load address 0x1000b880
 .tm_clone_table
                0x20000a08        0x0 C:/PROGRA~2/ARMGNU~1/133167~1.3RE/bin/../lib/gcc/arm-none-eabi/13.3.1/thumb/v6-m/nofp/crtbegin.o
 .tm_clone_table
                0x20000a08        0x0 C:/PROGRA~2/ARMGNU~1/133167~1.3RE/bin/../lib/gcc/arm-none-eabi/13.3.1/thumb/v6-m/nofp/crtend.o

.igot.plt       0x20000a08        0x0 load address 0x1000b880
 .igot.plt      0x20000a08        0x0 C:/PROGRA~2/ARMGNU~1/133167~1.3RE/bin/../lib/gcc/arm-none-eabi/13.3.1/thumb/v6-m/nofp/crtbegin.o

.uninitialized_data
                0x20000a08        0x0 load address 0x1000b880
                0x20000a08                        . = ALIGN (0x4)
 *(.uninitialized_data*)

.scratch_x      0x20040000        0x0 load address 0x1000b880
                0x20040000                        __scratch_x_start__ = .
 *(.scratch_x.*)
                0x20040000                        . = ALIGN (0x4)
                0x20040000                        __scratch_x_end__ = .
                0x1000b880                        __scratch_x_source__ = LOADADDR (.scratch_x)

.scratch_y      0x20041000        0x0 load address 0x1000b880
                0x20041000                        __scratch_y_start__ = .
 *(.scratch_y.*)
                0x20041000                        . = ALIGN (0x4)
                0x20041000                        __scratch_y_end__ = .
                0x1000b880                        __scratch_y_source__ = LOADADDR (.scratch_y)

.bss            0x20000a08      0x94c
                0x20000a08                        . = ALIGN (0x4)
                0x20000a08                        __bss_start__ = .
 *(SORT_BY_ALIGNMENT(SORT_BY_NAME(.bss*)))
 .bss.default_alarm_pool_entries
                0x20000a08      0x100 CMakeFiles/user.dir/C_/Users/ktkuru/Documents/Pico_SDK_v1.5.1/pico-sdk/src/common/pico_time/time.c.obj
 .bss.OLED_DisplayBuf
                0x20000b08      0x400 ..\OLED\liboled.a(OLED.c.obj)
                0x20000b08                OLED_DisplayBuf
 .bss.__lock___malloc_recursive_mutex
                0x20000f08        0x1 C:/PROGRA~2/ARMGNU~1/133167~1.3RE/bin/../lib/gcc/arm-none-eabi/13.3.1/thumb/v6-m/nofp\libg.a(libc_a-lock.o)
                0x20000f08                __lock___malloc_recursive_mutex
 *fill*         0x20000f09        0x3 
 .bss.__malloc_current_mallinfo
                0x20000f0c       0x28 C:/PROGRA~2/ARMGNU~1/133167~1.3RE/bin/../lib/gcc/arm-none-eabi/13.3.1/thumb/v6-m/nofp\libg.a(libc_a-mallocr.o)
                0x20000f0c                __malloc_current_mallinfo
 .bss.__malloc_max_sbrked_mem
                0x20000f34        0x4 C:/PROGRA~2/ARMGNU~1/133167~1.3RE/bin/../lib/gcc/arm-none-eabi/13.3.1/thumb/v6-m/nofp\libg.a(libc_a-mallocr.o)
                0x20000f34                __malloc_max_sbrked_mem
 .bss.__malloc_max_total_mem
                0x20000f38        0x4 C:/PROGRA~2/ARMGNU~1/133167~1.3RE/bin/../lib/gcc/arm-none-eabi/13.3.1/thumb/v6-m/nofp\libg.a(libc_a-mallocr.o)
                0x20000f38                __malloc_max_total_mem
 .bss.__malloc_top_pad
                0x20000f3c        0x4 C:/PROGRA~2/ARMGNU~1/133167~1.3RE/bin/../lib/gcc/arm-none-eabi/13.3.1/thumb/v6-m/nofp\libg.a(libc_a-mallocr.o)
                0x20000f3c                __malloc_top_pad
 .bss.__sf      0x20000f40      0x138 C:/PROGRA~2/ARMGNU~1/133167~1.3RE/bin/../lib/gcc/arm-none-eabi/13.3.1/thumb/v6-m/nofp\libg.a(libc_a-findfp.o)
                0x20000f40                __sf
 .bss.alarm_callbacks
                0x20001078       0x10 CMakeFiles/user.dir/C_/Users/ktkuru/Documents/Pico_SDK_v1.5.1/pico-sdk/src/rp2_common/hardware_timer/timer.c.obj
 .bss.chars_available_callback
                0x20001088        0x4 CMakeFiles/user.dir/C_/Users/ktkuru/Documents/Pico_SDK_v1.5.1/pico-sdk/src/rp2_common/pico_stdio_uart/stdio_uart.c.obj
 .bss.chars_available_param
                0x2000108c        0x4 CMakeFiles/user.dir/C_/Users/ktkuru/Documents/Pico_SDK_v1.5.1/pico-sdk/src/rp2_common/pico_stdio_uart/stdio_uart.c.obj
 .bss.configured_freq
                0x20001090       0x28 CMakeFiles/user.dir/C_/Users/ktkuru/Documents/Pico_SDK_v1.5.1/pico-sdk/src/rp2_common/hardware_clocks/clocks.c.obj
 .bss.default_alarm_pool_entry_ids_high
                0x200010b8       0x10 CMakeFiles/user.dir/C_/Users/ktkuru/Documents/Pico_SDK_v1.5.1/pico-sdk/src/common/pico_time/time.c.obj
 .bss.default_alarm_pool_heap_nodes
                0x200010c8       0x30 CMakeFiles/user.dir/C_/Users/ktkuru/Documents/Pico_SDK_v1.5.1/pico-sdk/src/common/pico_time/time.c.obj
 .bss.drivers   0x200010f8        0x4 CMakeFiles/user.dir/C_/Users/ktkuru/Documents/Pico_SDK_v1.5.1/pico-sdk/src/rp2_common/pico_stdio/stdio.c.obj
 .bss.errno     0x200010fc        0x4 C:/PROGRA~2/ARMGNU~1/133167~1.3RE/bin/../lib/gcc/arm-none-eabi/13.3.1/thumb/v6-m/nofp\libg.a(libc_a-reent.o)
                0x200010fc                errno
 .bss.filter    0x20001100        0x4 CMakeFiles/user.dir/C_/Users/ktkuru/Documents/Pico_SDK_v1.5.1/pico-sdk/src/rp2_common/pico_stdio/stdio.c.obj
 .bss.heap_end.1
                0x20001104        0x4 CMakeFiles/user.dir/C_/Users/ktkuru/Documents/Pico_SDK_v1.5.1/pico-sdk/src/rp2_common/pico_runtime/runtime.c.obj
 .bss.object.0  0x20001108       0x18 C:/PROGRA~2/ARMGNU~1/133167~1.3RE/bin/../lib/gcc/arm-none-eabi/13.3.1/thumb/v6-m/nofp/crtbegin.o
 .bss.pools     0x20001120       0x10 CMakeFiles/user.dir/C_/Users/ktkuru/Documents/Pico_SDK_v1.5.1/pico-sdk/src/common/pico_time/time.c.obj
 .bss.sd_table  0x20001130      0x100 CMakeFiles/user.dir/C_/Users/ktkuru/Documents/Pico_SDK_v1.5.1/pico-sdk/src/rp2_common/pico_double/double_init_rom.c.obj
                0x20001130                sd_table
 .bss.sf_clz_func
                0x20001230        0x4 CMakeFiles/user.dir/C_/Users/ktkuru/Documents/Pico_SDK_v1.5.1/pico-sdk/src/rp2_common/pico_double/double_init_rom.c.obj
                0x20001230                sf_clz_func
 .bss.sf_table  0x20001234      0x100 CMakeFiles/user.dir/C_/Users/ktkuru/Documents/Pico_SDK_v1.5.1/pico-sdk/src/rp2_common/pico_float/float_init_rom.c.obj
                0x20001234                sf_table
 .bss.sleep_notifier
                0x20001334        0x4 CMakeFiles/user.dir/C_/Users/ktkuru/Documents/Pico_SDK_v1.5.1/pico-sdk/src/common/pico_time/time.c.obj
 .bss.target_hi
                0x20001338       0x10 CMakeFiles/user.dir/C_/Users/ktkuru/Documents/Pico_SDK_v1.5.1/pico-sdk/src/rp2_common/hardware_timer/timer.c.obj
 .bss.uart_char_to_line_feed
                0x20001348        0x4 CMakeFiles/user.dir/C_/Users/ktkuru/Documents/Pico_SDK_v1.5.1/pico-sdk/src/rp2_common/hardware_uart/uart.c.obj
                0x20001348                uart_char_to_line_feed
 .bss.uart_instance
                0x2000134c        0x4 CMakeFiles/user.dir/C_/Users/ktkuru/Documents/Pico_SDK_v1.5.1/pico-sdk/src/rp2_common/pico_stdio_uart/stdio_uart.c.obj
 .bss.claimed   0x20001350        0x1 CMakeFiles/user.dir/C_/Users/ktkuru/Documents/Pico_SDK_v1.5.1/pico-sdk/src/rp2_common/hardware_timer/timer.c.obj
 .bss.irq_hander_chain_free_slot_head
                0x20001351        0x1 CMakeFiles/user.dir/C_/Users/ktkuru/Documents/Pico_SDK_v1.5.1/pico-sdk/src/rp2_common/hardware_irq/irq.c.obj
 .bss.timer_callbacks_pending
                0x20001352        0x1 CMakeFiles/user.dir/C_/Users/ktkuru/Documents/Pico_SDK_v1.5.1/pico-sdk/src/rp2_common/hardware_timer/timer.c.obj
 *(COMMON)
                0x20001354                        . = ALIGN (0x4)
 *fill*         0x20001353        0x1 
                0x20001354                        __bss_end__ = .

.heap           0x20001354      0x800
                0x20001354                        __end__ = .
                0x20001354                        end = __end__
 *(.heap*)
 .heap          0x20001354      0x800 CMakeFiles/user.dir/C_/Users/ktkuru/Documents/Pico_SDK_v1.5.1/pico-sdk/src/rp2_common/pico_standard_link/crt0.S.obj
                0x20001b54                        __HeapLimit = .

.stack1_dummy
 *(.stack1*)

.stack_dummy    0x20041000      0x800
 *(.stack*)
 .stack         0x20041000      0x800 CMakeFiles/user.dir/C_/Users/ktkuru/Documents/Pico_SDK_v1.5.1/pico-sdk/src/rp2_common/pico_standard_link/crt0.S.obj

.flash_end      0x1000b880        0x0
                0x1000b880                        PROVIDE (__flash_binary_end = .)
                0x20040000                        __StackLimit = (ORIGIN (RAM) + LENGTH (RAM))
                0x20041000                        __StackOneTop = (ORIGIN (SCRATCH_X) + LENGTH (SCRATCH_X))
                0x20042000                        __StackTop = (ORIGIN (SCRATCH_Y) + LENGTH (SCRATCH_Y))
                0x20041000                        __StackOneBottom = (__StackOneTop - SIZEOF (.stack1_dummy))
                0x20041800                        __StackBottom = (__StackTop - SIZEOF (.stack_dummy))
                0x20042000                        PROVIDE (__stack = __StackTop)
                0x00000001                        ASSERT ((__StackLimit >= __HeapLimit), region RAM overflowed)
                0x00000001                        ASSERT (((__binary_info_header_end - __logical_binary_start) <= 0x100), Binary info must be in first 256 bytes of the binary)
LOAD CMakeFiles/user.dir/main.c.obj
LOAD CMakeFiles/user.dir/C_/Users/ktkuru/Documents/Pico_SDK_v1.5.1/pico-sdk/src/rp2_common/pico_stdlib/stdlib.c.obj
LOAD CMakeFiles/user.dir/C_/Users/ktkuru/Documents/Pico_SDK_v1.5.1/pico-sdk/src/rp2_common/hardware_gpio/gpio.c.obj
LOAD CMakeFiles/user.dir/C_/Users/ktkuru/Documents/Pico_SDK_v1.5.1/pico-sdk/src/rp2_common/pico_platform/platform.c.obj
LOAD CMakeFiles/user.dir/C_/Users/ktkuru/Documents/Pico_SDK_v1.5.1/pico-sdk/src/rp2_common/hardware_claim/claim.c.obj
LOAD CMakeFiles/user.dir/C_/Users/ktkuru/Documents/Pico_SDK_v1.5.1/pico-sdk/src/rp2_common/hardware_sync/sync.c.obj
LOAD CMakeFiles/user.dir/C_/Users/ktkuru/Documents/Pico_SDK_v1.5.1/pico-sdk/src/rp2_common/hardware_irq/irq.c.obj
LOAD CMakeFiles/user.dir/C_/Users/ktkuru/Documents/Pico_SDK_v1.5.1/pico-sdk/src/rp2_common/hardware_irq/irq_handler_chain.S.obj
LOAD CMakeFiles/user.dir/C_/Users/ktkuru/Documents/Pico_SDK_v1.5.1/pico-sdk/src/common/pico_sync/sem.c.obj
LOAD CMakeFiles/user.dir/C_/Users/ktkuru/Documents/Pico_SDK_v1.5.1/pico-sdk/src/common/pico_sync/lock_core.c.obj
LOAD CMakeFiles/user.dir/C_/Users/ktkuru/Documents/Pico_SDK_v1.5.1/pico-sdk/src/common/pico_sync/mutex.c.obj
LOAD CMakeFiles/user.dir/C_/Users/ktkuru/Documents/Pico_SDK_v1.5.1/pico-sdk/src/common/pico_sync/critical_section.c.obj
LOAD CMakeFiles/user.dir/C_/Users/ktkuru/Documents/Pico_SDK_v1.5.1/pico-sdk/src/common/pico_time/time.c.obj
LOAD CMakeFiles/user.dir/C_/Users/ktkuru/Documents/Pico_SDK_v1.5.1/pico-sdk/src/common/pico_time/timeout_helper.c.obj
LOAD CMakeFiles/user.dir/C_/Users/ktkuru/Documents/Pico_SDK_v1.5.1/pico-sdk/src/rp2_common/hardware_timer/timer.c.obj
LOAD CMakeFiles/user.dir/C_/Users/ktkuru/Documents/Pico_SDK_v1.5.1/pico-sdk/src/common/pico_util/datetime.c.obj
LOAD CMakeFiles/user.dir/C_/Users/ktkuru/Documents/Pico_SDK_v1.5.1/pico-sdk/src/common/pico_util/pheap.c.obj
LOAD CMakeFiles/user.dir/C_/Users/ktkuru/Documents/Pico_SDK_v1.5.1/pico-sdk/src/common/pico_util/queue.c.obj
LOAD CMakeFiles/user.dir/C_/Users/ktkuru/Documents/Pico_SDK_v1.5.1/pico-sdk/src/rp2_common/hardware_uart/uart.c.obj
LOAD CMakeFiles/user.dir/C_/Users/ktkuru/Documents/Pico_SDK_v1.5.1/pico-sdk/src/rp2_common/hardware_clocks/clocks.c.obj
LOAD CMakeFiles/user.dir/C_/Users/ktkuru/Documents/Pico_SDK_v1.5.1/pico-sdk/src/rp2_common/hardware_pll/pll.c.obj
LOAD CMakeFiles/user.dir/C_/Users/ktkuru/Documents/Pico_SDK_v1.5.1/pico-sdk/src/rp2_common/hardware_vreg/vreg.c.obj
LOAD CMakeFiles/user.dir/C_/Users/ktkuru/Documents/Pico_SDK_v1.5.1/pico-sdk/src/rp2_common/hardware_watchdog/watchdog.c.obj
LOAD CMakeFiles/user.dir/C_/Users/ktkuru/Documents/Pico_SDK_v1.5.1/pico-sdk/src/rp2_common/hardware_xosc/xosc.c.obj
LOAD CMakeFiles/user.dir/C_/Users/ktkuru/Documents/Pico_SDK_v1.5.1/pico-sdk/src/rp2_common/hardware_divider/divider.S.obj
LOAD CMakeFiles/user.dir/C_/Users/ktkuru/Documents/Pico_SDK_v1.5.1/pico-sdk/src/rp2_common/pico_runtime/runtime.c.obj
LOAD CMakeFiles/user.dir/C_/Users/ktkuru/Documents/Pico_SDK_v1.5.1/pico-sdk/src/rp2_common/pico_printf/printf.c.obj
LOAD CMakeFiles/user.dir/C_/Users/ktkuru/Documents/Pico_SDK_v1.5.1/pico-sdk/src/rp2_common/pico_bit_ops/bit_ops_aeabi.S.obj
LOAD CMakeFiles/user.dir/C_/Users/ktkuru/Documents/Pico_SDK_v1.5.1/pico-sdk/src/rp2_common/pico_bootrom/bootrom.c.obj
LOAD CMakeFiles/user.dir/C_/Users/ktkuru/Documents/Pico_SDK_v1.5.1/pico-sdk/src/rp2_common/pico_divider/divider.S.obj
LOAD CMakeFiles/user.dir/C_/Users/ktkuru/Documents/Pico_SDK_v1.5.1/pico-sdk/src/rp2_common/pico_double/double_aeabi.S.obj
LOAD CMakeFiles/user.dir/C_/Users/ktkuru/Documents/Pico_SDK_v1.5.1/pico-sdk/src/rp2_common/pico_double/double_init_rom.c.obj
LOAD CMakeFiles/user.dir/C_/Users/ktkuru/Documents/Pico_SDK_v1.5.1/pico-sdk/src/rp2_common/pico_double/double_math.c.obj
LOAD CMakeFiles/user.dir/C_/Users/ktkuru/Documents/Pico_SDK_v1.5.1/pico-sdk/src/rp2_common/pico_double/double_v1_rom_shim.S.obj
LOAD CMakeFiles/user.dir/C_/Users/ktkuru/Documents/Pico_SDK_v1.5.1/pico-sdk/src/rp2_common/pico_int64_ops/pico_int64_ops_aeabi.S.obj
LOAD CMakeFiles/user.dir/C_/Users/ktkuru/Documents/Pico_SDK_v1.5.1/pico-sdk/src/rp2_common/pico_float/float_aeabi.S.obj
LOAD CMakeFiles/user.dir/C_/Users/ktkuru/Documents/Pico_SDK_v1.5.1/pico-sdk/src/rp2_common/pico_float/float_init_rom.c.obj
LOAD CMakeFiles/user.dir/C_/Users/ktkuru/Documents/Pico_SDK_v1.5.1/pico-sdk/src/rp2_common/pico_float/float_math.c.obj
LOAD CMakeFiles/user.dir/C_/Users/ktkuru/Documents/Pico_SDK_v1.5.1/pico-sdk/src/rp2_common/pico_float/float_v1_rom_shim.S.obj
LOAD CMakeFiles/user.dir/C_/Users/ktkuru/Documents/Pico_SDK_v1.5.1/pico-sdk/src/rp2_common/pico_malloc/pico_malloc.c.obj
LOAD CMakeFiles/user.dir/C_/Users/ktkuru/Documents/Pico_SDK_v1.5.1/pico-sdk/src/rp2_common/pico_mem_ops/mem_ops_aeabi.S.obj
LOAD CMakeFiles/user.dir/C_/Users/ktkuru/Documents/Pico_SDK_v1.5.1/pico-sdk/src/rp2_common/pico_standard_link/crt0.S.obj
LOAD CMakeFiles/user.dir/C_/Users/ktkuru/Documents/Pico_SDK_v1.5.1/pico-sdk/src/rp2_common/pico_standard_link/new_delete.cpp.obj
LOAD CMakeFiles/user.dir/C_/Users/ktkuru/Documents/Pico_SDK_v1.5.1/pico-sdk/src/rp2_common/pico_standard_link/binary_info.c.obj
LOAD CMakeFiles/user.dir/C_/Users/ktkuru/Documents/Pico_SDK_v1.5.1/pico-sdk/src/rp2_common/pico_stdio/stdio.c.obj
LOAD CMakeFiles/user.dir/C_/Users/ktkuru/Documents/Pico_SDK_v1.5.1/pico-sdk/src/rp2_common/pico_stdio_uart/stdio_uart.c.obj
LOAD CMakeFiles/user.dir/C_/Users/ktkuru/Documents/Pico_SDK_v1.5.1/pico-sdk/src/rp2_common/hardware_i2c/i2c.c.obj
LOAD CMakeFiles/user.dir/C_/Users/ktkuru/Documents/Pico_SDK_v1.5.1/pico-sdk/src/rp2_common/hardware_spi/spi.c.obj
LOAD ..\OLED\liboled.a
LOAD ..\spi\libspi.a
LOAD ..\i2c\libi2c.a
LOAD ..\OLED\liboled.a
LOAD ..\MPU6050\libmpu6050.a
LOAD C:\Users\ktkuru\AppData\Local\Temp\cc6kdZ33.o
LOAD C:/PROGRA~2/ARMGNU~1/133167~1.3RE/bin/../lib/gcc/arm-none-eabi/13.3.1/thumb/v6-m/nofp\libstdc++.a
LOAD C:/PROGRA~2/ARMGNU~1/133167~1.3RE/bin/../lib/gcc/arm-none-eabi/13.3.1/thumb/v6-m/nofp\libm.a
START GROUP