Archive member included to satisfy reference by file (symbol)

C:/PROGRA~2/ARMGNU~1/133167~1.3RE/bin/../lib/gcc/arm-none-eabi/13.3.1/thumb/v6-m/nofp\libgcc.a(_dvmd_tls.o)
                              CMakeFiles/led.dir/C_/Users/ktkuru/Documents/Pico_SDK_v1.5.1/pico-sdk/src/rp2_common/pico_divider/divider.S.obj (__aeabi_idiv0)
C:/PROGRA~2/ARMGNU~1/133167~1.3RE/bin/../lib/gcc/arm-none-eabi/13.3.1/thumb/v6-m/nofp\libg.a(libc_a-calloc.o)
                              CMakeFiles/led.dir/C_/Users/ktkuru/Documents/Pico_SDK_v1.5.1/pico-sdk/src/rp2_common/pico_malloc/pico_malloc.c.obj (calloc)
C:/PROGRA~2/ARMGNU~1/133167~1.3RE/bin/../lib/gcc/arm-none-eabi/13.3.1/thumb/v6-m/nofp\libg.a(libc_a-callocr.o)
                              C:/PROGRA~2/ARMGNU~1/133167~1.3RE/bin/../lib/gcc/arm-none-eabi/13.3.1/thumb/v6-m/nofp\libg.a(libc_a-calloc.o) (_calloc_r)
C:/PROGRA~2/ARMGNU~1/133167~1.3RE/bin/../lib/gcc/arm-none-eabi/13.3.1/thumb/v6-m/nofp\libg.a(libc_a-malloc.o)
                              CMakeFiles/led.dir/C_/Users/ktkuru/Documents/Pico_SDK_v1.5.1/pico-sdk/src/rp2_common/pico_malloc/pico_malloc.c.obj (malloc)
C:/PROGRA~2/ARMGNU~1/133167~1.3RE/bin/../lib/gcc/arm-none-eabi/13.3.1/thumb/v6-m/nofp\libg.a(libc_a-mallocr.o)
                              C:/PROGRA~2/ARMGNU~1/133167~1.3RE/bin/../lib/gcc/arm-none-eabi/13.3.1/thumb/v6-m/nofp\libg.a(libc_a-callocr.o) (_malloc_r)
C:/PROGRA~2/ARMGNU~1/133167~1.3RE/bin/../lib/gcc/arm-none-eabi/13.3.1/thumb/v6-m/nofp\libg.a(libc_a-mlock.o)
                              C:/PROGRA~2/ARMGNU~1/133167~1.3RE/bin/../lib/gcc/arm-none-eabi/13.3.1/thumb/v6-m/nofp\libg.a(libc_a-mallocr.o) (__malloc_lock)
C:/PROGRA~2/ARMGNU~1/133167~1.3RE/bin/../lib/gcc/arm-none-eabi/13.3.1/thumb/v6-m/nofp\libg.a(libc_a-realloc.o)
                              CMakeFiles/led.dir/C_/Users/ktkuru/Documents/Pico_SDK_v1.5.1/pico-sdk/src/rp2_common/pico_malloc/pico_malloc.c.obj (realloc)
C:/PROGRA~2/ARMGNU~1/133167~1.3RE/bin/../lib/gcc/arm-none-eabi/13.3.1/thumb/v6-m/nofp\libg.a(libc_a-reallocr.o)
                              C:/PROGRA~2/ARMGNU~1/133167~1.3RE/bin/../lib/gcc/arm-none-eabi/13.3.1/thumb/v6-m/nofp\libg.a(libc_a-realloc.o) (_realloc_r)
C:/PROGRA~2/ARMGNU~1/133167~1.3RE/bin/../lib/gcc/arm-none-eabi/13.3.1/thumb/v6-m/nofp\libg.a(libc_a-memmove.o)
                              C:/PROGRA~2/ARMGNU~1/133167~1.3RE/bin/../lib/gcc/arm-none-eabi/13.3.1/thumb/v6-m/nofp\libg.a(libc_a-reallocr.o) (memmove)
C:/PROGRA~2/ARMGNU~1/133167~1.3RE/bin/../lib/gcc/arm-none-eabi/13.3.1/thumb/v6-m/nofp\libg.a(libc_a-impure.o)
                              C:/PROGRA~2/ARMGNU~1/133167~1.3RE/bin/../lib/gcc/arm-none-eabi/13.3.1/thumb/v6-m/nofp\libg.a(libc_a-calloc.o) (_impure_ptr)
C:/PROGRA~2/ARMGNU~1/133167~1.3RE/bin/../lib/gcc/arm-none-eabi/13.3.1/thumb/v6-m/nofp\libg.a(libc_a-sbrkr.o)
                              C:/PROGRA~2/ARMGNU~1/133167~1.3RE/bin/../lib/gcc/arm-none-eabi/13.3.1/thumb/v6-m/nofp\libg.a(libc_a-mallocr.o) (_sbrk_r)
C:/PROGRA~2/ARMGNU~1/133167~1.3RE/bin/../lib/gcc/arm-none-eabi/13.3.1/thumb/v6-m/nofp\libg.a(libc_a-errno.o)
                              C:/PROGRA~2/ARMGNU~1/133167~1.3RE/bin/../lib/gcc/arm-none-eabi/13.3.1/thumb/v6-m/nofp\libg.a(libc_a-callocr.o) (__errno)
C:/PROGRA~2/ARMGNU~1/133167~1.3RE/bin/../lib/gcc/arm-none-eabi/13.3.1/thumb/v6-m/nofp\libg.a(libc_a-init.o)
                              C:/PROGRA~2/ARMGNU~1/133167~1.3RE/bin/../lib/gcc/arm-none-eabi/13.3.1/thumb/v6-m/nofp/crt0.o (__libc_init_array)
C:/PROGRA~2/ARMGNU~1/133167~1.3RE/bin/../lib/gcc/arm-none-eabi/13.3.1/thumb/v6-m/nofp\libg.a(libc_a-lock.o)
                              C:/PROGRA~2/ARMGNU~1/133167~1.3RE/bin/../lib/gcc/arm-none-eabi/13.3.1/thumb/v6-m/nofp\libg.a(libc_a-mlock.o) (__retarget_lock_acquire_recursive)
C:/PROGRA~2/ARMGNU~1/133167~1.3RE/bin/../lib/gcc/arm-none-eabi/13.3.1/thumb/v6-m/nofp\libg.a(libc_a-sysconf.o)
                              C:/PROGRA~2/ARMGNU~1/133167~1.3RE/bin/../lib/gcc/arm-none-eabi/13.3.1/thumb/v6-m/nofp\libg.a(libc_a-mallocr.o) (sysconf)
C:/PROGRA~2/ARMGNU~1/133167~1.3RE/bin/../lib/gcc/arm-none-eabi/13.3.1/thumb/v6-m/nofp\libg.a(libc_a-strlen-stub.o)
                              CMakeFiles/led.dir/C_/Users/ktkuru/Documents/Pico_SDK_v1.5.1/pico-sdk/src/rp2_common/pico_stdio/stdio.c.obj (strlen)
C:/PROGRA~2/ARMGNU~1/133167~1.3RE/bin/../lib/gcc/arm-none-eabi/13.3.1/thumb/v6-m/nofp\libg.a(libc_a-freer.o)
                              C:/PROGRA~2/ARMGNU~1/133167~1.3RE/bin/../lib/gcc/arm-none-eabi/13.3.1/thumb/v6-m/nofp\libg.a(libc_a-malloc.o) (_free_r)
C:/PROGRA~2/ARMGNU~1/133167~1.3RE/bin/../lib/gcc/arm-none-eabi/13.3.1/thumb/v6-m/nofp\libg.a(libc_a-findfp.o)
                              C:/PROGRA~2/ARMGNU~1/133167~1.3RE/bin/../lib/gcc/arm-none-eabi/13.3.1/thumb/v6-m/nofp\libg.a(libc_a-impure.o) (__sf)
C:/PROGRA~2/ARMGNU~1/133167~1.3RE/bin/../lib/gcc/arm-none-eabi/13.3.1/thumb/v6-m/nofp\libg.a(libc_a-fwalk.o)
[...]
Memory Configuration

Name             Origin             Length             Attributes
FLASH            0x10000000         0x00200000         xr
RAM              0x20000000         0x00040000         xrw
SCRATCH_X        0x20040000         0x00001000         xrw
SCRATCH_Y        0x20041000         0x00001000         xrw
*default*        0x00000000         0xffffffff

Linker script and memory map

LOAD C:/PROGRA~2/ARMGNU~1/133167~1.3RE/bin/../lib/gcc/arm-none-eabi/13.3.1/thumb/v6-m/nofp/crti.o
LOAD C:/PROGRA~2/ARMGNU~1/133167~1.3RE/bin/../lib/gcc/arm-none-eabi/13.3.1/thumb/v6-m/nofp/crtbegin.o
LOAD C:/PROGRA~2/ARMGNU~1/133167~1.3RE/bin/../lib/gcc/arm-none-eabi/13.3.1/thumb/v6-m/nofp/crt0.o

.flash_begin    0x10000000        0x0
                0x10000000                        __flash_binary_start = .

.boot2          0x10000000      0x100
                0x10000000                        __boot2_start__ = .
 *(.boot2)
 .boot2         0x10000000      0x100 C:\Users\ktkuru\AppData\Local\Temp\ccuOyzx8.o
                0x10000100                        __boot2_end__ = .
                0x00000001                        ASSERT (((__boot2_end__ - __boot2_start__) == 0x100), ERROR: Pico second stage bootloader must be 256 bytes in size)

.text           0x10000100     0x4410
                0x10000100                        __logical_binary_start = .
 *(.vectors)
 .vectors       0x10000100       0xd4 CMakeFiles/led.dir/C_/Users/ktkuru/Documents/Pico_SDK_v1.5.1/pico-sdk/src/rp2_common/pico_standard_link/crt0.S.obj
                0x10000100                __VECTOR_TABLE
                0x10000100                __vectors
                0x100001c0                isr_invalid
                0x100001c0                __default_isrs_start
                0x100001c2                isr_nmi
                0x100001c4                isr_hardfault
                0x100001c6                isr_svcall
                0x100001c8                isr_pendsv
                0x100001ca                isr_systick
                0x100001cc                isr_irq23
                0x100001cc                isr_irq18
                0x100001cc                isr_irq11
                0x100001cc                isr_irq28
                0x100001cc                isr_irq19
                0x100001cc                isr_irq0
                0x100001cc                isr_irq6
                0x100001cc                isr_irq5
                0x100001cc                isr_irq12
                0x100001cc                isr_irq22
                0x100001cc                isr_irq31
                0x100001cc                isr_irq17
                0x100001cc                isr_irq27
                0x100001cc                isr_irq30
                0x100001cc                isr_irq2
                0x100001cc                isr_irq10
                0x100001cc                isr_irq8
                0x100001cc                isr_irq24
                0x100001cc                isr_irq1
                0x100001cc                isr_irq7
                0x100001cc                isr_irq21
                0x100001cc                isr_irq20
                0x100001cc                isr_irq15
                0x100001cc                isr_irq25
                0x100001cc                isr_irq13
                0x100001cc                __unhandled_user_irq
                0x100001cc                isr_irq4
                0x100001cc                isr_irq16
                0x100001cc                isr_irq29
                0x100001cc                isr_irq26
                0x100001cc                __default_isrs_end
                0x100001cc                isr_irq3
                0x100001cc                isr_irq14
                0x100001cc                isr_irq9
                0x100001d2                unhandled_user_irq_num_in_r0
 *(.binary_info_header)
 .binary_info_header
                0x100001d4       0x14 CMakeFiles/led.dir/C_/Users/ktkuru/Documents/Pico_SDK_v1.5.1/pico-sdk/src/rp2_common/pico_standard_link/crt0.S.obj
                0x100001e8                        __binary_info_header_end = .
 *(.reset)
 .reset         0x100001e8       0xa0 CMakeFiles/led.dir/C_/Users/ktkuru/Documents/Pico_SDK_v1.5.1/pico-sdk/src/rp2_common/pico_standard_link/crt0.S.obj
                0x100001e8                _entry_point
 .reset         0x10000288       0x30 CMakeFiles/led.dir/C_/Users/ktkuru/Documents/Pico_SDK_v1.5.1/pico-sdk/src/rp2_common/pico_standard_link/binary_info.c.obj
 *(.init)
 .init          0x100002b8        0x4 C:/PROGRA~2/ARMGNU~1/133167~1.3RE/bin/../lib/gcc/arm-none-eabi/13.3.1/thumb/v6-m/nofp/crti.o
                0x100002b8                _init
 *(EXCLUDE_FILE(*libm.a: *libc.a:*lib_a-mem*.o *libgcc.a:) .text*)
 .text.register_tm_clones
                0x100002bc       0x28 C:/PROGRA~2/ARMGNU~1/133167~1.3RE/bin/../lib/gcc/arm-none-eabi/13.3.1/thumb/v6-m/nofp/crtbegin.o
 .text.frame_dummy
                0x100002e4       0x24 C:/PROGRA~2/ARMGNU~1/133167~1.3RE/bin/../lib/gcc/arm-none-eabi/13.3.1/thumb/v6-m/nofp/crtbegin.o
 .text.main     0x10000308       0x30 CMakeFiles/led.dir/led.c.obj
                0x10000308                main
 .text.gpio_set_function
                0x10000338       0x30 CMakeFiles/led.dir/C_/Users/ktkuru/Documents/Pico_SDK_v1.5.1/pico-sdk/src/rp2_common/hardware_gpio/gpio.c.obj
                0x10000338                gpio_set_function
 .text.gpio_init
                0x10000368       0x16 CMakeFiles/led.dir/C_/Users/ktkuru/Documents/Pico_SDK_v1.5.1/pico-sdk/src/rp2_common/hardware_gpio/gpio.c.obj
                0x10000368                gpio_init
 *fill*         0x1000037e        0x2 
 .text.running_on_fpga
                0x10000380       0x14 CMakeFiles/led.dir/C_/Users/ktkuru/Documents/Pico_SDK_v1.5.1/pico-sdk/src/rp2_common/pico_platform/platform.c.obj
                0x10000380                running_on_fpga
 .text.hw_claim_lock
                0x10000394       0x18 CMakeFiles/led.dir/C_/Users/ktkuru/Documents/Pico_SDK_v1.5.1/pico-sdk/src/rp2_common/hardware_claim/claim.c.obj
                0x10000394                hw_claim_lock
 .text.hw_claim_unlock
                0x100003ac       0x14 CMakeFiles/led.dir/C_/Users/ktkuru/Documents/Pico_SDK_v1.5.1/pico-sdk/src/rp2_common/hardware_claim/claim.c.obj
                0x100003ac                hw_claim_unlock
 .text.hw_claim_or_assert
                0x100003c0       0x32 CMakeFiles/led.dir/C_/Users/ktkuru/Documents/Pico_SDK_v1.5.1/pico-sdk/src/rp2_common/hardware_claim/claim.c.obj
                0x100003c0                hw_claim_or_assert
 *fill*         0x100003f2        0x2 
 .text.spin_locks_reset
                0x100003f4       0x20 CMakeFiles/led.dir/C_/Users/ktkuru/Documents/Pico_SDK_v1.5.1/pico-sdk/src/rp2_common/hardware_sync/sync.c.obj
                0x100003f4                spin_locks_reset
 .text.next_striped_spin_lock_num
                0x10000414       0x1c CMakeFiles/led.dir/C_/Users/ktkuru/Documents/Pico_SDK_v1.5.1/pico-sdk/src/rp2_common/hardware_sync/sync.c.obj
                0x10000414                next_striped_spin_lock_num
 .text.set_raw_irq_handler_and_unlock
                0x10000430       0x28 CMakeFiles/led.dir/C_/Users/ktkuru/Documents/Pico_SDK_v1.5.1/pico-sdk/src/rp2_common/hardware_irq/irq.c.obj
 .text.resolve_branch
                0x10000458       0x30 CMakeFiles/led.dir/C_/Users/ktkuru/Documents/Pico_SDK_v1.5.1/pico-sdk/src/rp2_common/hardware_irq/irq.c.obj
 .text.make_branch
                0x10000488       0x48 CMakeFiles/led.dir/C_/Users/ktkuru/Documents/Pico_SDK_v1.5.1/pico-sdk/src/rp2_common/hardware_irq/irq.c.obj
 .text.insert_branch_and_link
                0x100004d0       0x40 CMakeFiles/led.dir/C_/Users/ktkuru/Documents/Pico_SDK_v1.5.1/pico-sdk/src/rp2_common/hardware_irq/irq.c.obj
 .text.irq_is_enabled
                0x10000510       0x18 CMakeFiles/led.dir/C_/Users/ktkuru/Documents/Pico_SDK_v1.5.1/pico-sdk/src/rp2_common/hardware_irq/irq.c.obj
                0x10000510                irq_is_enabled
 .text.irq_set_mask_enabled
                0x10000528       0x20 CMakeFiles/led.dir/C_/Users/ktkuru/Documents/Pico_SDK_v1.5.1/pico-sdk/src/rp2_common/hardware_irq/irq.c.obj
                0x10000528                irq_set_mask_enabled
 .text.irq_set_enabled
                0x10000548        0xe CMakeFiles/led.dir/C_/Users/ktkuru/Documents/Pico_SDK_v1.5.1/pico-sdk/src/rp2_common/hardware_irq/irq.c.obj
                0x10000548                irq_set_enabled
 *fill*         0x10000556        0x2 
 .text.irq_get_vtable_handler
                0x10000558       0x10 CMakeFiles/led.dir/C_/Users/ktkuru/Documents/Pico_SDK_v1.5.1/pico-sdk/src/rp2_common/hardware_irq/irq.c.obj
                0x10000558                irq_get_vtable_handler
 .text.irq_set_exclusive_handler
                0x10000568       0x54 CMakeFiles/led.dir/C_/Users/ktkuru/Documents/Pico_SDK_v1.5.1/pico-sdk/src/rp2_common/hardware_irq/irq.c.obj
                0x10000568                irq_set_exclusive_handler
 .text.irq_remove_handler
                0x100005bc      0x188 CMakeFiles/led.dir/C_/Users/ktkuru/Documents/Pico_SDK_v1.5.1/pico-sdk/src/rp2_common/hardware_irq/irq.c.obj
                0x100005bc                irq_remove_handler
 .text.irq_add_tail_to_free_list
                0x10000744       0xf0 CMakeFiles/led.dir/C_/Users/ktkuru/Documents/Pico_SDK_v1.5.1/pico-sdk/src/rp2_common/hardware_irq/irq.c.obj
                0x10000744                irq_add_tail_to_free_list
 .text.irq_init_priorities
                0x10000834       0x1c CMakeFiles/led.dir/C_/Users/ktkuru/Documents/Pico_SDK_v1.5.1/pico-sdk/src/rp2_common/hardware_irq/irq.c.obj
                0x10000834                irq_init_priorities
 .text.lock_init
                0x10000850       0x10 CMakeFiles/led.dir/C_/Users/ktkuru/Documents/Pico_SDK_v1.5.1/pico-sdk/src/common/pico_sync/lock_core.c.obj
                0x10000850                lock_init
 .text.mutex_init
                0x10000860       0x1a CMakeFiles/led.dir/C_/Users/ktkuru/Documents/Pico_SDK_v1.5.1/pico-sdk/src/common/pico_sync/mutex.c.obj
                0x10000860                mutex_init
 .text.recursive_mutex_init
                0x1000087a       0x1e CMakeFiles/led.dir/C_/Users/ktkuru/Documents/Pico_SDK_v1.5.1/pico-sdk/src/common/pico_sync/mutex.c.obj
                0x1000087a                recursive_mutex_init
 .text.time_reached
                0x10000898       0x28 CMakeFiles/led.dir/C_/Users/ktkuru/Documents/Pico_SDK_v1.5.1/pico-sdk/src/common/pico_time/time.c.obj
 .text.get_entry
                0x100008c0       0x38 CMakeFiles/led.dir/C_/Users/ktkuru/Documents/Pico_SDK_v1.5.1/pico-sdk/src/common/pico_time/time.c.obj
 .text.timer_pool_entry_comparator
                0x100008f8       0x2e CMakeFiles/led.dir/C_/Users/ktkuru/Documents/Pico_SDK_v1.5.1/pico-sdk/src/common/pico_time/time.c.obj
                0x100008f8                timer_pool_entry_comparator
 *fill*         0x10000926        0x2 
 .text.update_us_since_boot
                0x10000928       0x24 CMakeFiles/led.dir/C_/Users/ktkuru/Documents/Pico_SDK_v1.5.1/pico-sdk/src/common/pico_time/time.c.obj
 .text.delayed_by_us
                0x1000094c       0x34 CMakeFiles/led.dir/C_/Users/ktkuru/Documents/Pico_SDK_v1.5.1/pico-sdk/src/common/pico_time/time.c.obj
 .text.ph_get_node
                0x10000980       0x30 CMakeFiles/led.dir/C_/Users/ktkuru/Documents/Pico_SDK_v1.5.1/pico-sdk/src/common/pico_time/time.c.obj
 .text.ph_contains_node
                0x100009b0       0x1e CMakeFiles/led.dir/C_/Users/ktkuru/Documents/Pico_SDK_v1.5.1/pico-sdk/src/common/pico_time/time.c.obj
 .text.ph_new_node
                0x100009ce       0x28 CMakeFiles/led.dir/C_/Users/ktkuru/Documents/Pico_SDK_v1.5.1/pico-sdk/src/common/pico_time/time.c.obj
 *fill*         0x100009f6        0x2 
 .text.ph_add_child_node
                0x100009f8       0x6c CMakeFiles/led.dir/C_/Users/ktkuru/Documents/Pico_SDK_v1.5.1/pico-sdk/src/common/pico_time/time.c.obj
 .text.ph_merge_nodes
                0x10000a64       0x3e CMakeFiles/led.dir/C_/Users/ktkuru/Documents/Pico_SDK_v1.5.1/pico-sdk/src/common/pico_time/time.c.obj
 *fill*         0x10000aa2        0x2 
 .text.ph_insert_node
                0x10000aa4       0x3c CMakeFiles/led.dir/C_/Users/ktkuru/Documents/Pico_SDK_v1.5.1/pico-sdk/src/common/pico_time/time.c.obj
 .text.ph_free_node
                0x10000ae0       0x5c CMakeFiles/led.dir/C_/Users/ktkuru/Documents/Pico_SDK_v1.5.1/pico-sdk/src/common/pico_time/time.c.obj
 .text.get_entry_id_high
                0x10000b3c       0x30 CMakeFiles/led.dir/C_/Users/ktkuru/Documents/Pico_SDK_v1.5.1/pico-sdk/src/common/pico_time/time.c.obj
 .text.alarm_pool_post_alloc_init
                0x10000b6c       0x40 CMakeFiles/led.dir/C_/Users/ktkuru/Documents/Pico_SDK_v1.5.1/pico-sdk/src/common/pico_time/time.c.obj
 .text.sleep_until_callback
                0x10000bac       0x30 CMakeFiles/led.dir/C_/Users/ktkuru/Documents/Pico_SDK_v1.5.1/pico-sdk/src/common/pico_time/time.c.obj
 .text.get_absolute_time
                0x10000bdc       0x22 CMakeFiles/led.dir/C_/Users/ktkuru/Documents/Pico_SDK_v1.5.1/pico-sdk/src/common/pico_time/time.c.obj
 .text.make_timeout_time_us
                0x10000bfe       0x24 CMakeFiles/led.dir/C_/Users/ktkuru/Documents/Pico_SDK_v1.5.1/pico-sdk/src/common/pico_time/time.c.obj
 *fill*         0x10000c22        0x2 
 .text.add_alarm_under_lock
                0x10000c24       0x94 CMakeFiles/led.dir/C_/Users/ktkuru/Documents/Pico_SDK_v1.5.1/pico-sdk/src/common/pico_time/time.c.obj
 .text.alarm_pool_alarm_callback
                0x10000cb8      0x210 CMakeFiles/led.dir/C_/Users/ktkuru/Documents/Pico_SDK_v1.5.1/pico-sdk/src/common/pico_time/time.c.obj
 .text.alarm_pool_init_default
                0x10000ec8       0x40 CMakeFiles/led.dir/C_/Users/ktkuru/Documents/Pico_SDK_v1.5.1/pico-sdk/src/common/pico_time/time.c.obj
                0x10000ec8                alarm_pool_init_default
 .text.alarm_pool_get_default
                0x10000f08       0x2c CMakeFiles/led.dir/C_/Users/ktkuru/Documents/Pico_SDK_v1.5.1/pico-sdk/src/common/pico_time/time.c.obj
                0x10000f08                alarm_pool_get_default
 .text.alarm_pool_add_alarm_at
                0x10000f34      0x10e CMakeFiles/led.dir/C_/Users/ktkuru/Documents/Pico_SDK_v1.5.1/pico-sdk/src/common/pico_time/time.c.obj
                0x10000f34                alarm_pool_add_alarm_at
 .text.add_alarm_at
                0x10001042       0x2e CMakeFiles/led.dir/C_/Users/ktkuru/Documents/Pico_SDK_v1.5.1/pico-sdk/src/common/pico_time/time.c.obj
 .text.alarm_pool_cancel_alarm
                0x10001070       0xa8 CMakeFiles/led.dir/C_/Users/ktkuru/Documents/Pico_SDK_v1.5.1/pico-sdk/src/common/pico_time/time.c.obj
                0x10001070                alarm_pool_cancel_alarm
 .text.cancel_alarm
                0x10001118       0x10 CMakeFiles/led.dir/C_/Users/ktkuru/Documents/Pico_SDK_v1.5.1/pico-sdk/src/common/pico_time/time.c.obj
 .text.sleep_until
                0x10001128       0xb0 CMakeFiles/led.dir/C_/Users/ktkuru/Documents/Pico_SDK_v1.5.1/pico-sdk/src/common/pico_time/time.c.obj
                0x10001128                sleep_until
 .text.sleep_us
                0x100011d8       0x1a CMakeFiles/led.dir/C_/Users/ktkuru/Documents/Pico_SDK_v1.5.1/pico-sdk/src/common/pico_time/time.c.obj
                0x100011d8                sleep_us
 .text.sleep_ms
                0x100011f2       0x14 CMakeFiles/led.dir/C_/Users/ktkuru/Documents/Pico_SDK_v1.5.1/pico-sdk/src/common/pico_time/time.c.obj
                0x100011f2                sleep_ms
 *fill*         0x10001206        0x2 
 .text.best_effort_wfe_or_timeout
                0x10001208       0x44 CMakeFiles/led.dir/C_/Users/ktkuru/Documents/Pico_SDK_v1.5.1/pico-sdk/src/common/pico_time/time.c.obj
                0x10001208                best_effort_wfe_or_timeout
 .text.update_us_since_boot
                0x1000124c       0x24 CMakeFiles/led.dir/C_/Users/ktkuru/Documents/Pico_SDK_v1.5.1/pico-sdk/src/rp2_common/hardware_timer/timer.c.obj
 .text.hardware_alarm_irq_handler
                0x10001270       0x8c CMakeFiles/led.dir/C_/Users/ktkuru/Documents/Pico_SDK_v1.5.1/pico-sdk/src/rp2_common/hardware_timer/timer.c.obj
 .text.hardware_alarm_claim
                0x100012fc       0x18 CMakeFiles/led.dir/C_/Users/ktkuru/Documents/Pico_SDK_v1.5.1/pico-sdk/src/rp2_common/hardware_timer/timer.c.obj
                0x100012fc                hardware_alarm_claim
 .text.time_us_64
                0x10001314       0x18 CMakeFiles/led.dir/C_/Users/ktkuru/Documents/Pico_SDK_v1.5.1/pico-sdk/src/rp2_common/hardware_timer/timer.c.obj
                0x10001314                time_us_64
 .text.busy_wait_until
                0x1000132c       0x28 CMakeFiles/led.dir/C_/Users/ktkuru/Documents/Pico_SDK_v1.5.1/pico-sdk/src/rp2_common/hardware_timer/timer.c.obj
                0x1000132c                busy_wait_until
 .text.busy_wait_us
                0x10001354       0x3a CMakeFiles/led.dir/C_/Users/ktkuru/Documents/Pico_SDK_v1.5.1/pico-sdk/src/rp2_common/hardware_timer/timer.c.obj
                0x10001354                busy_wait_us
 *fill*         0x1000138e        0x2 
 .text.hardware_alarm_set_callback
                0x10001390       0x90 CMakeFiles/led.dir/C_/Users/ktkuru/Documents/Pico_SDK_v1.5.1/pico-sdk/src/rp2_common/hardware_timer/timer.c.obj
                0x10001390                hardware_alarm_set_callback
 .text.hardware_alarm_set_target
                0x10001420       0xe8 CMakeFiles/led.dir/C_/Users/ktkuru/Documents/Pico_SDK_v1.5.1/pico-sdk/src/rp2_common/hardware_timer/timer.c.obj
                0x10001420                hardware_alarm_set_target
 .text.hardware_alarm_cancel
                0x10001508       0x40 CMakeFiles/led.dir/C_/Users/ktkuru/Documents/Pico_SDK_v1.5.1/pico-sdk/src/rp2_common/hardware_timer/timer.c.obj
                0x10001508                hardware_alarm_cancel
 .text.ph_get_node
                0x10001548       0x30 CMakeFiles/led.dir/C_/Users/ktkuru/Documents/Pico_SDK_v1.5.1/pico-sdk/src/common/pico_util/pheap.c.obj
 .text.ph_add_child_node
                0x10001578       0x6c CMakeFiles/led.dir/C_/Users/ktkuru/Documents/Pico_SDK_v1.5.1/pico-sdk/src/common/pico_util/pheap.c.obj
 .text.ph_merge_nodes
                0x100015e4       0x3e CMakeFiles/led.dir/C_/Users/ktkuru/Documents/Pico_SDK_v1.5.1/pico-sdk/src/common/pico_util/pheap.c.obj
 .text.ph_clear
                0x10001622       0x34 CMakeFiles/led.dir/C_/Users/ktkuru/Documents/Pico_SDK_v1.5.1/pico-sdk/src/common/pico_util/pheap.c.obj
                0x10001622                ph_clear
 .text.ph_post_alloc_init
                0x10001656        0xe CMakeFiles/led.dir/C_/Users/ktkuru/Documents/Pico_SDK_v1.5.1/pico-sdk/src/common/pico_util/pheap.c.obj
                0x10001656                ph_post_alloc_init
 .text.ph_merge_two_pass
                0x10001664       0x5c CMakeFiles/led.dir/C_/Users/ktkuru/Documents/Pico_SDK_v1.5.1/pico-sdk/src/common/pico_util/pheap.c.obj
                0x10001664                ph_merge_two_pass
 .text.ph_remove_any_head
                0x100016c0       0xc0 CMakeFiles/led.dir/C_/Users/ktkuru/Documents/Pico_SDK_v1.5.1/pico-sdk/src/common/pico_util/pheap.c.obj
 .text.ph_remove_head
                0x10001780       0x14 CMakeFiles/led.dir/C_/Users/ktkuru/Documents/Pico_SDK_v1.5.1/pico-sdk/src/common/pico_util/pheap.c.obj
                0x10001780                ph_remove_head
 .text.ph_remove_and_free_node
                0x10001794       0xa0 CMakeFiles/led.dir/C_/Users/ktkuru/Documents/Pico_SDK_v1.5.1/pico-sdk/src/common/pico_util/pheap.c.obj
                0x10001794                ph_remove_and_free_node
 .text.uart_disable_before_lcr_write
                0x10001834       0x48 CMakeFiles/led.dir/C_/Users/ktkuru/Documents/Pico_SDK_v1.5.1/pico-sdk/src/rp2_common/hardware_uart/uart.c.obj
 .text.uart_write_lcr_bits_masked
                0x1000187c       0x22 CMakeFiles/led.dir/C_/Users/ktkuru/Documents/Pico_SDK_v1.5.1/pico-sdk/src/rp2_common/hardware_uart/uart.c.obj
 *fill*         0x1000189e        0x2 
 .text.uart_set_baudrate
                0x100018a0       0x5c CMakeFiles/led.dir/C_/Users/ktkuru/Documents/Pico_SDK_v1.5.1/pico-sdk/src/rp2_common/hardware_uart/uart.c.obj
                0x100018a0                uart_set_baudrate
 .text.uart_set_format
                0x100018fc       0x2c CMakeFiles/led.dir/C_/Users/ktkuru/Documents/Pico_SDK_v1.5.1/pico-sdk/src/rp2_common/hardware_uart/uart.c.obj
                0x100018fc                uart_set_format
 .text.uart_set_translate_crlf
                0x10001928       0x28 CMakeFiles/led.dir/C_/Users/ktkuru/Documents/Pico_SDK_v1.5.1/pico-sdk/src/rp2_common/hardware_uart/uart.c.obj
                0x10001928                uart_set_translate_crlf
 .text.uart_init
                0x10001950       0x80 CMakeFiles/led.dir/C_/Users/ktkuru/Documents/Pico_SDK_v1.5.1/pico-sdk/src/rp2_common/hardware_uart/uart.c.obj
                0x10001950                uart_init
 .text.clock_configure
                0x100019d0      0x108 CMakeFiles/led.dir/C_/Users/ktkuru/Documents/Pico_SDK_v1.5.1/pico-sdk/src/rp2_common/hardware_clocks/clocks.c.obj
                0x100019d0                clock_configure
 .text.clocks_init
                0x10001ad8      0x100 CMakeFiles/led.dir/C_/Users/ktkuru/Documents/Pico_SDK_v1.5.1/pico-sdk/src/rp2_common/hardware_clocks/clocks.c.obj
                0x10001ad8                clocks_init
 .text.clock_get_hz
                0x10001bd8        0xc CMakeFiles/led.dir/C_/Users/ktkuru/Documents/Pico_SDK_v1.5.1/pico-sdk/src/rp2_common/hardware_clocks/clocks.c.obj
                0x10001bd8                clock_get_hz
 .text.pll_init
                0x10001be4      0x120 CMakeFiles/led.dir/C_/Users/ktkuru/Documents/Pico_SDK_v1.5.1/pico-sdk/src/rp2_common/hardware_pll/pll.c.obj
                0x10001be4                pll_init
 .text.watchdog_start_tick
                0x10001d04       0x10 CMakeFiles/led.dir/C_/Users/ktkuru/Documents/Pico_SDK_v1.5.1/pico-sdk/src/rp2_common/hardware_watchdog/watchdog.c.obj
                0x10001d04                watchdog_start_tick
 .text.xosc_init
                0x10001d14       0x28 CMakeFiles/led.dir/C_/Users/ktkuru/Documents/Pico_SDK_v1.5.1/pico-sdk/src/rp2_common/hardware_xosc/xosc.c.obj
                0x10001d14                xosc_init
 .text._exit    0x10001d3c        0x4 CMakeFiles/led.dir/C_/Users/ktkuru/Documents/Pico_SDK_v1.5.1/pico-sdk/src/rp2_common/pico_runtime/runtime.c.obj
                0x10001d3c                _exit
 .text.exit     0x10001d40        0x6 CMakeFiles/led.dir/C_/Users/ktkuru/Documents/Pico_SDK_v1.5.1/pico-sdk/src/rp2_common/pico_runtime/runtime.c.obj
                0x10001d40                exit
 *fill*         0x10001d46        0x2 
 .text.__assert_func
                0x10001d48       0x38 CMakeFiles/led.dir/C_/Users/ktkuru/Documents/Pico_SDK_v1.5.1/pico-sdk/src/rp2_common/pico_runtime/runtime.c.obj
                0x10001d48                __assert_func
 .text.runtime_init
                0x10001d80       0xf8 CMakeFiles/led.dir/C_/Users/ktkuru/Documents/Pico_SDK_v1.5.1/pico-sdk/src/rp2_common/pico_runtime/runtime.c.obj
                0x10001d80                runtime_init
 .text.panic    0x10001e78       0x30 CMakeFiles/led.dir/C_/Users/ktkuru/Documents/Pico_SDK_v1.5.1/pico-sdk/src/rp2_common/pico_runtime/runtime.c.obj
                0x10001e78                panic
 .text._out_null
                0x10001ea8        0x2 CMakeFiles/led.dir/C_/Users/ktkuru/Documents/Pico_SDK_v1.5.1/pico-sdk/src/rp2_common/pico_printf/printf.c.obj
 .text._out_fct
                0x10001eaa        0xe CMakeFiles/led.dir/C_/Users/ktkuru/Documents/Pico_SDK_v1.5.1/pico-sdk/src/rp2_common/pico_printf/printf.c.obj
 .text._atoi    0x10001eb8       0x24 CMakeFiles/led.dir/C_/Users/ktkuru/Documents/Pico_SDK_v1.5.1/pico-sdk/src/rp2_common/pico_printf/printf.c.obj
 .text._out_rev
                0x10001edc       0xae CMakeFiles/led.dir/C_/Users/ktkuru/Documents/Pico_SDK_v1.5.1/pico-sdk/src/rp2_common/pico_printf/printf.c.obj
 .text._ntoa_format
                0x10001f8a      0x110 CMakeFiles/led.dir/C_/Users/ktkuru/Documents/Pico_SDK_v1.5.1/pico-sdk/src/rp2_common/pico_printf/printf.c.obj
 .text._ntoa_long
                0x1000209a       0xbc CMakeFiles/led.dir/C_/Users/ktkuru/Documents/Pico_SDK_v1.5.1/pico-sdk/src/rp2_common/pico_printf/printf.c.obj
 .text._ntoa_long_long
                0x10002156      0x10e CMakeFiles/led.dir/C_/Users/ktkuru/Documents/Pico_SDK_v1.5.1/pico-sdk/src/rp2_common/pico_printf/printf.c.obj
 .text._etoa    0x10002264      0x420 CMakeFiles/led.dir/C_/Users/ktkuru/Documents/Pico_SDK_v1.5.1/pico-sdk/src/rp2_common/pico_printf/printf.c.obj
 .text._ftoa    0x10002684      0x354 CMakeFiles/led.dir/C_/Users/ktkuru/Documents/Pico_SDK_v1.5.1/pico-sdk/src/rp2_common/pico_printf/printf.c.obj
 .text._vsnprintf
                0x100029d8      0x668 CMakeFiles/led.dir/C_/Users/ktkuru/Documents/Pico_SDK_v1.5.1/pico-sdk/src/rp2_common/pico_printf/printf.c.obj
 .text.vfctprintf
                0x10003040       0x20 CMakeFiles/led.dir/C_/Users/ktkuru/Documents/Pico_SDK_v1.5.1/pico-sdk/src/rp2_common/pico_printf/printf.c.obj
                0x10003040                vfctprintf
 .text          0x10003060       0x10 CMakeFiles/led.dir/C_/Users/ktkuru/Documents/Pico_SDK_v1.5.1/pico-sdk/src/rp2_common/pico_bit_ops/bit_ops_aeabi.S.obj
 .text.rom_func_lookup
                0x10003070       0x10 CMakeFiles/led.dir/C_/Users/ktkuru/Documents/Pico_SDK_v1.5.1/pico-sdk/src/rp2_common/pico_bootrom/bootrom.c.obj
                0x10003070                rom_func_lookup
 .text.rom_data_lookup
                0x10003080       0x10 CMakeFiles/led.dir/C_/Users/ktkuru/Documents/Pico_SDK_v1.5.1/pico-sdk/src/rp2_common/pico_bootrom/bootrom.c.obj
                0x10003080                rom_data_lookup
 .text.rom_funcs_lookup
                0x10003090       0x36 CMakeFiles/led.dir/C_/Users/ktkuru/Documents/Pico_SDK_v1.5.1/pico-sdk/src/rp2_common/pico_bootrom/bootrom.c.obj
                0x10003090                rom_funcs_lookup
 *fill*         0x100030c6        0x2 
 .text.__wrap___aeabi_idiv
                0x100030c8       0x50 CMakeFiles/led.dir/C_/Users/ktkuru/Documents/Pico_SDK_v1.5.1/pico-sdk/src/rp2_common/pico_divider/divider.S.obj
                0x100030c8                __wrap___aeabi_idivmod
                0x100030c8                divmod_s32s32
                0x100030c8                div_s32s32
                0x100030c8                __wrap___aeabi_idiv
                0x100030d0                divmod_s32s32_unsafe
                0x100030fc                divmod_s32s32_savestate
 .text.__wrap___aeabi_uidiv
                0x10003118       0x4c CMakeFiles/led.dir/C_/Users/ktkuru/Documents/Pico_SDK_v1.5.1/pico-sdk/src/rp2_common/pico_divider/divider.S.obj
                0x10003118                __wrap___aeabi_uidiv
                0x10003118                __wrap___aeabi_uidivmod
                0x10003118                div_u32u32
                0x10003118                divmod_u32u32
                0x10003120                divmod_u32u32_unsafe
                0x10003148                divmod_u32u32_savestate
 .text.__wrap___aeabi_ldiv
                0x10003164      0x424 CMakeFiles/led.dir/C_/Users/ktkuru/Documents/Pico_SDK_v1.5.1/pico-sdk/src/rp2_common/pico_divider/divider.S.obj
                0x10003164                div_s64s64
                0x10003164                divmod_s64s64
                0x10003164                __wrap___aeabi_ldivmod
                0x10003194                divmod_u64u64
                0x10003194                div_u64u64
                0x10003194                __wrap___aeabi_uldivmod
                0x100031a4                divmod_u64u64_savestate
                0x100031c4                divmod_s64s64_unsafe
                0x1000324c                divmod_u64u64_unsafe
 .text.__wrap___aeabi_darithmetic
                0x10003588       0x80 CMakeFiles/led.dir/C_/Users/ktkuru/Documents/Pico_SDK_v1.5.1/pico-sdk/src/rp2_common/pico_double/double_aeabi.S.obj
                0x10003588                __wrap___aeabi_drsub
                0x1000358e                __wrap___aeabi_dsub
                0x100035a0                __wrap___aeabi_dadd
                0x100035b2                __wrap___aeabi_ddiv
                0x100035ee                __wrap___aeabi_dmul
 .text.__wrap___aeabi_cdcmple
                0x10003608       0x6c CMakeFiles/led.dir/C_/Users/ktkuru/Documents/Pico_SDK_v1.5.1/pico-sdk/src/rp2_common/pico_double/double_aeabi.S.obj
                0x10003608                __wrap___aeabi_cdrcmple
                0x10003618                __wrap___aeabi_cdcmpeq
                0x10003618                __wrap___aeabi_cdcmple
 .text.__wrap___aeabi_dcmplt
                0x10003674        0xc CMakeFiles/led.dir/C_/Users/ktkuru/Documents/Pico_SDK_v1.5.1/pico-sdk/src/rp2_common/pico_double/double_aeabi.S.obj
                0x10003674                __wrap___aeabi_dcmplt
 .text.__wrap___aeabi_dcmple
                0x10003680       0x10 CMakeFiles/led.dir/C_/Users/ktkuru/Documents/Pico_SDK_v1.5.1/pico-sdk/src/rp2_common/pico_double/double_aeabi.S.obj
                0x10003680                __wrap___aeabi_dcmple
 .text.__wrap___aeabi_dcmpge
                0x10003690       0x10 CMakeFiles/led.dir/C_/Users/ktkuru/Documents/Pico_SDK_v1.5.1/pico-sdk/src/rp2_common/pico_double/double_aeabi.S.obj
                0x10003690                __wrap___aeabi_dcmpge
 .text.__wrap___aeabi_dcmpgt
                0x100036a0        0xa CMakeFiles/led.dir/C_/Users/ktkuru/Documents/Pico_SDK_v1.5.1/pico-sdk/src/rp2_common/pico_double/double_aeabi.S.obj
                0x100036a0                __wrap___aeabi_dcmpgt
 .text.__wrap___aeabi_dcmpun
                0x100036aa       0x1c CMakeFiles/led.dir/C_/Users/ktkuru/Documents/Pico_SDK_v1.5.1/pico-sdk/src/rp2_common/pico_double/double_aeabi.S.obj
                0x100036aa                __wrap___aeabi_dcmpun
 *fill*         0x100036c6        0x2 
 .text.__wrap___aeabi_i2d
                0x100036c8       0x38 CMakeFiles/led.dir/C_/Users/ktkuru/Documents/Pico_SDK_v1.5.1/pico-sdk/src/rp2_common/pico_double/double_aeabi.S.obj
                0x100036c8                __wrap___aeabi_ui2d
                0x100036d0                __wrap___aeabi_i2d
 .text.__wrap___aeabi_d2iz
                0x10003700       0x48 CMakeFiles/led.dir/C_/Users/ktkuru/Documents/Pico_SDK_v1.5.1/pico-sdk/src/rp2_common/pico_double/double_aeabi.S.obj
                0x10003700                double2int_z
                0x10003700                __wrap___aeabi_d2iz
 .text.__wrap___aeabi_d2uiz
                0x10003748       0x18 CMakeFiles/led.dir/C_/Users/ktkuru/Documents/Pico_SDK_v1.5.1/pico-sdk/src/rp2_common/pico_double/double_aeabi.S.obj
                0x10003748                __wrap___aeabi_d2uiz
                0x10003748                double2uint
 .text.__aeabi_double_init
                0x10003760       0xcc CMakeFiles/led.dir/C_/Users/ktkuru/Documents/Pico_SDK_v1.5.1/pico-sdk/src/rp2_common/pico_double/double_init_rom.c.obj
                0x10003760                __aeabi_double_init
 .text.double_table_shim_on_use_helper
                0x1000382c       0x34 CMakeFiles/led.dir/C_/Users/ktkuru/Documents/Pico_SDK_v1.5.1/pico-sdk/src/rp2_common/pico_double/double_v1_rom_shim.S.obj
                0x1000382c                double_table_shim_on_use_helper
 .text.__wrap___aeabi_dsub
                0x10003860       0x10 CMakeFiles/led.dir/C_/Users/ktkuru/Documents/Pico_SDK_v1.5.1/pico-sdk/src/rp2_common/pico_double/double_v1_rom_shim.S.obj
                0x10003860                drsub_shim
                0x10003866                dsub_shim
 .text.dadd_shim
                0x10003870      0x15c CMakeFiles/led.dir/C_/Users/ktkuru/Documents/Pico_SDK_v1.5.1/pico-sdk/src/rp2_common/pico_double/double_v1_rom_shim.S.obj
                0x10003870                dadd_shim
 .text.dmul_shim
                0x100039cc      0x15c CMakeFiles/led.dir/C_/Users/ktkuru/Documents/Pico_SDK_v1.5.1/pico-sdk/src/rp2_common/pico_double/double_v1_rom_shim.S.obj
                0x100039cc                dmul_shim
 .text.ddiv_shim
                0x10003b28      0x1b0 CMakeFiles/led.dir/C_/Users/ktkuru/Documents/Pico_SDK_v1.5.1/pico-sdk/src/rp2_common/pico_double/double_v1_rom_shim.S.obj
                0x10003b28                ddiv_shim
 .text.double2uint_shim
                0x10003cd8        0xe CMakeFiles/led.dir/C_/Users/ktkuru/Documents/Pico_SDK_v1.5.1/pico-sdk/src/rp2_common/pico_double/double_v1_rom_shim.S.obj
                0x10003cd8                double2uint_shim
                0x10003cda                double2ufix_shim
 *fill*         0x10003ce6        0x2 
 .text.double2uint64_shim
                0x10003ce8       0x70 CMakeFiles/led.dir/C_/Users/ktkuru/Documents/Pico_SDK_v1.5.1/pico-sdk/src/rp2_common/pico_double/double_v1_rom_shim.S.obj
                0x10003ce8                double2uint64_shim
                0x10003cea                double2ufix64_shim
                0x10003d0a                d2fix_a
 .text.dunpacks
                0x10003d58       0x3c CMakeFiles/led.dir/C_/Users/ktkuru/Documents/Pico_SDK_v1.5.1/pico-sdk/src/rp2_common/pico_double/double_v1_rom_shim.S.obj
                0x10003d58                dunpacks
 .text.__aeabi_lmul
                0x10003d94       0x32 CMakeFiles/led.dir/C_/Users/ktkuru/Documents/Pico_SDK_v1.5.1/pico-sdk/src/rp2_common/pico_int64_ops/pico_int64_ops_aeabi.S.obj
                0x10003d94                __wrap___aeabi_lmul
 *fill*         0x10003dc6        0x2 
 .text.__aeabi_float_init
                0x10003dc8       0xfc CMakeFiles/led.dir/C_/Users/ktkuru/Documents/Pico_SDK_v1.5.1/pico-sdk/src/rp2_common/pico_float/float_init_rom.c.obj
                0x10003dc8                __aeabi_float_init
 .text.float_table_shim_on_use_helper
                0x10003ec4       0x34 CMakeFiles/led.dir/C_/Users/ktkuru/Documents/Pico_SDK_v1.5.1/pico-sdk/src/rp2_common/pico_float/float_v1_rom_shim.S.obj
                0x10003ec4                float_table_shim_on_use_helper
 .text          0x10003ef8       0x10 CMakeFiles/led.dir/C_/Users/ktkuru/Documents/Pico_SDK_v1.5.1/pico-sdk/src/rp2_common/pico_mem_ops/mem_ops_aeabi.S.obj
                0x10003ef8                __aeabi_mem_init
 .text.memcpy   0x10003f08        0xc CMakeFiles/led.dir/C_/Users/ktkuru/Documents/Pico_SDK_v1.5.1/pico-sdk/src/rp2_common/pico_mem_ops/mem_ops_aeabi.S.obj
                0x10003f08                __wrap_memcpy
                0x10003f08                __wrap___aeabi_memcpy
 .text.stdio_out_chars_no_crlf
                0x10003f14        0xe CMakeFiles/led.dir/C_/Users/ktkuru/Documents/Pico_SDK_v1.5.1/pico-sdk/src/rp2_common/pico_stdio/stdio.c.obj
 *fill*         0x10003f22        0x2 
 .text.stdio_out_chars_crlf
                0x10003f24       0x80 CMakeFiles/led.dir/C_/Users/ktkuru/Documents/Pico_SDK_v1.5.1/pico-sdk/src/rp2_common/pico_stdio/stdio.c.obj
 .text.stdio_stack_buffer_flush
                0x10003fa4       0x44 CMakeFiles/led.dir/C_/Users/ktkuru/Documents/Pico_SDK_v1.5.1/pico-sdk/src/rp2_common/pico_stdio/stdio.c.obj
 .text.stdio_buffered_printer
                0x10003fe8       0x20 CMakeFiles/led.dir/C_/Users/ktkuru/Documents/Pico_SDK_v1.5.1/pico-sdk/src/rp2_common/pico_stdio/stdio.c.obj
 .text.update_us_since_boot
                0x10004008       0x24 CMakeFiles/led.dir/C_/Users/ktkuru/Documents/Pico_SDK_v1.5.1/pico-sdk/src/rp2_common/pico_stdio/stdio.c.obj
 .text.get_absolute_time
                0x1000402c       0x22 CMakeFiles/led.dir/C_/Users/ktkuru/Documents/Pico_SDK_v1.5.1/pico-sdk/src/rp2_common/pico_stdio/stdio.c.obj
 *fill*         0x1000404e        0x2 
 .text.delayed_by_ms
                0x10004050       0x44 CMakeFiles/led.dir/C_/Users/ktkuru/Documents/Pico_SDK_v1.5.1/pico-sdk/src/rp2_common/pico_stdio/stdio.c.obj
 .text.make_timeout_time_ms
                0x10004094       0x20 CMakeFiles/led.dir/C_/Users/ktkuru/Documents/Pico_SDK_v1.5.1/pico-sdk/src/rp2_common/pico_stdio/stdio.c.obj
 .text.stdout_serialize_begin
                0x100040b4       0x20 CMakeFiles/led.dir/C_/Users/ktkuru/Documents/Pico_SDK_v1.5.1/pico-sdk/src/rp2_common/pico_stdio/stdio.c.obj
                0x100040b4                stdout_serialize_begin
 .text.stdout_serialize_end
                0x100040d4       0x10 CMakeFiles/led.dir/C_/Users/ktkuru/Documents/Pico_SDK_v1.5.1/pico-sdk/src/rp2_common/pico_stdio/stdio.c.obj
                0x100040d4                stdout_serialize_end
 .text.stdio_put_string
                0x100040e4       0x98 CMakeFiles/led.dir/C_/Users/ktkuru/Documents/Pico_SDK_v1.5.1/pico-sdk/src/rp2_common/pico_stdio/stdio.c.obj
 .text.stdio_set_driver_enabled
                0x1000417c       0x2c CMakeFiles/led.dir/C_/Users/ktkuru/Documents/Pico_SDK_v1.5.1/pico-sdk/src/rp2_common/pico_stdio/stdio.c.obj
                0x1000417c                stdio_set_driver_enabled
 .text.stdio_flush
                0x100041a8       0x20 CMakeFiles/led.dir/C_/Users/ktkuru/Documents/Pico_SDK_v1.5.1/pico-sdk/src/rp2_common/pico_stdio/stdio.c.obj
                0x100041a8                stdio_flush
 .text.__wrap_puts
                0x100041c8       0x1e CMakeFiles/led.dir/C_/Users/ktkuru/Documents/Pico_SDK_v1.5.1/pico-sdk/src/rp2_common/pico_stdio/stdio.c.obj
                0x100041c8                __wrap_puts
 *fill*         0x100041e6        0x2 
 .text.__wrap_vprintf
                0x100041e8       0x40 CMakeFiles/led.dir/C_/Users/ktkuru/Documents/Pico_SDK_v1.5.1/pico-sdk/src/rp2_common/pico_stdio/stdio.c.obj
                0x100041e8                __wrap_vprintf
 .text.__wrap_printf
                0x10004228       0x18 CMakeFiles/led.dir/C_/Users/ktkuru/Documents/Pico_SDK_v1.5.1/pico-sdk/src/rp2_common/pico_stdio/stdio.c.obj
                0x10004228                __wrap_printf
 .text.stdio_init_all
                0x10004240        0xa CMakeFiles/led.dir/C_/Users/ktkuru/Documents/Pico_SDK_v1.5.1/pico-sdk/src/rp2_common/pico_stdio/stdio.c.obj
                0x10004240                stdio_init_all
 *fill*         0x1000424a        0x2 
 .text.uart_putc
                0x1000424c       0x60 CMakeFiles/led.dir/C_/Users/ktkuru/Documents/Pico_SDK_v1.5.1/pico-sdk/src/rp2_common/pico_stdio_uart/stdio_uart.c.obj
 .text.uart_getc
                0x100042ac       0x24 CMakeFiles/led.dir/C_/Users/ktkuru/Documents/Pico_SDK_v1.5.1/pico-sdk/src/rp2_common/pico_stdio_uart/stdio_uart.c.obj
 .text.stdio_uart_out_chars
                0x100042d0       0x20 CMakeFiles/led.dir/C_/Users/ktkuru/Documents/Pico_SDK_v1.5.1/pico-sdk/src/rp2_common/pico_stdio_uart/stdio_uart.c.obj
 .text.stdio_uart_in_chars
                0x100042f0       0x5c CMakeFiles/led.dir/C_/Users/ktkuru/Documents/Pico_SDK_v1.5.1/pico-sdk/src/rp2_common/pico_stdio_uart/stdio_uart.c.obj
                0x100042f0                stdio_uart_in_chars
 .text.on_uart_rx
                0x1000434c       0x28 CMakeFiles/led.dir/C_/Users/ktkuru/Documents/Pico_SDK_v1.5.1/pico-sdk/src/rp2_common/pico_stdio_uart/stdio_uart.c.obj
 .text.stdio_uart_set_chars_available_callback
                0x10004374       0x8c CMakeFiles/led.dir/C_/Users/ktkuru/Documents/Pico_SDK_v1.5.1/pico-sdk/src/rp2_common/pico_stdio_uart/stdio_uart.c.obj
 .text.stdio_uart_init_full
                0x10004400       0x44 CMakeFiles/led.dir/C_/Users/ktkuru/Documents/Pico_SDK_v1.5.1/pico-sdk/src/rp2_common/pico_stdio_uart/stdio_uart.c.obj
                0x10004400                stdio_uart_init_full
 .text.stdio_uart_init
                0x10004444       0x28 CMakeFiles/led.dir/C_/Users/ktkuru/Documents/Pico_SDK_v1.5.1/pico-sdk/src/rp2_common/pico_stdio_uart/stdio_uart.c.obj
                0x10004444                stdio_uart_init
 .text.strlen   0x1000446c       0x5c C:/PROGRA~2/ARMGNU~1/133167~1.3RE/bin/../lib/gcc/arm-none-eabi/13.3.1/thumb/v6-m/nofp\libg.a(libc_a-strlen-stub.o)
                0x1000446c                strlen
 *(.fini)
 .fini          0x100044c8        0x4 C:/PROGRA~2/ARMGNU~1/133167~1.3RE/bin/../lib/gcc/arm-none-eabi/13.3.1/thumb/v6-m/nofp/crti.o
                0x100044c8                _fini
 *fill*         0x100044cc        0x4 
 .fini.__stub   0x100044d0       0x40 linker stubs
 *crtbegin.o(.ctors)
 *crtbegin?.o(.ctors)
 *(EXCLUDE_FILE(*crtend.o *crtend?.o) .ctors)
 *(SORT_BY_NAME(.ctors.*))
 *(.ctors)
 *crtbegin.o(.dtors)
 *crtbegin?.o(.dtors)
 *(EXCLUDE_FILE(*crtend.o *crtend?.o) .dtors)
 *(SORT_BY_NAME(.dtors.*))
 *(.dtors)
 *(.eh_frame*)
 .eh_frame      0x10004510        0x0 C:/PROGRA~2/ARMGNU~1/133167~1.3RE/bin/../lib/gcc/arm-none-eabi/13.3.1/thumb/v6-m/nofp/crtbegin.o
                0x10004510                        . = ALIGN (0x4)

.glue_7         0x10004510        0x0
 .glue_7        0x10004510        0x0 linker stubs

.glue_7t        0x10004510        0x0
 .glue_7t       0x10004510        0x0 linker stubs

.vfp11_veneer   0x10004510        0x0
 .vfp11_veneer  0x10004510        0x0 linker stubs

.v4_bx          0x10004510        0x0
 .v4_bx         0x10004510        0x0 linker stubs

.iplt           0x10004510        0x0
 .iplt          0x10004510        0x0 C:/PROGRA~2/ARMGNU~1/133167~1.3RE/bin/../lib/gcc/arm-none-eabi/13.3.1/thumb/v6-m/nofp/crtbegin.o

.rodata         0x10004510      0xf34
 *(EXCLUDE_FILE(*libm.a: *libc.a:*lib_a-mem*.o *libgcc.a:) .rodata*)
 .rodata.resolve_branch.str1.4
                0x10004510      0xa9c CMakeFiles/led.dir/C_/Users/ktkuru/Documents/Pico_SDK_v1.5.1/pico-sdk/src/rp2_common/hardware_irq/irq.c.obj
                                 0x6d (size before relaxing)
 .rodata.make_branch.str1.4
                0x10004fac       0x30 CMakeFiles/led.dir/C_/Users/ktkuru/Documents/Pico_SDK_v1.5.1/pico-sdk/src/rp2_common/hardware_irq/irq.c.obj
 .rodata.insert_branch_and_link.str1.4
                0x10004fac       0x10 CMakeFiles/led.dir/C_/Users/ktkuru/Documents/Pico_SDK_v1.5.1/pico-sdk/src/rp2_common/hardware_irq/irq.c.obj
 .rodata.irq_set_exclusive_handler.str1.4
                0x10004fac       0x36 CMakeFiles/led.dir/C_/Users/ktkuru/Documents/Pico_SDK_v1.5.1/pico-sdk/src/rp2_common/hardware_irq/irq.c.obj
 .rodata.irq_remove_handler.str1.4
                0x10004fac       0x3a CMakeFiles/led.dir/C_/Users/ktkuru/Documents/Pico_SDK_v1.5.1/pico-sdk/src/rp2_common/hardware_irq/irq.c.obj
 .rodata.irq_add_tail_to_free_list.str1.4
                0x10004fac       0x3a CMakeFiles/led.dir/C_/Users/ktkuru/Documents/Pico_SDK_v1.5.1/pico-sdk/src/rp2_common/hardware_irq/irq.c.obj
 .rodata.__func__.0
                0x10004fac       0x1a CMakeFiles/led.dir/C_/Users/ktkuru/Documents/Pico_SDK_v1.5.1/pico-sdk/src/rp2_common/hardware_irq/irq.c.obj
 *fill*         0x10004fc6        0x2 
 .rodata.__func__.1
                0x10004fc8       0x17 CMakeFiles/led.dir/C_/Users/ktkuru/Documents/Pico_SDK_v1.5.1/pico-sdk/src/rp2_common/hardware_irq/irq.c.obj
 *fill*         0x10004fdf        0x1 
 .rodata.__func__.2
                0x10004fe0       0x13 CMakeFiles/led.dir/C_/Users/ktkuru/Documents/Pico_SDK_v1.5.1/pico-sdk/src/rp2_common/hardware_irq/irq.c.obj
 *fill*         0x10004ff3        0x1 
 .rodata.__func__.3
                0x10004ff4        0xc CMakeFiles/led.dir/C_/Users/ktkuru/Documents/Pico_SDK_v1.5.1/pico-sdk/src/rp2_common/hardware_irq/irq.c.obj
 .rodata.__func__.4
                0x10005000        0xf CMakeFiles/led.dir/C_/Users/ktkuru/Documents/Pico_SDK_v1.5.1/pico-sdk/src/rp2_common/hardware_irq/irq.c.obj
 *fill*         0x1000500f        0x1 
 .rodata.__func__.6
                0x10005010       0x1a CMakeFiles/led.dir/C_/Users/ktkuru/Documents/Pico_SDK_v1.5.1/pico-sdk/src/rp2_common/hardware_irq/irq.c.obj
 .rodata.str1.4
                0x1000502a       0xa1 CMakeFiles/led.dir/C_/Users/ktkuru/Documents/Pico_SDK_v1.5.1/pico-sdk/src/common/pico_sync/mutex.c.obj
 *fill*         0x1000502a        0x2 
 .rodata.__func__.1
                0x1000502c        0xb CMakeFiles/led.dir/C_/Users/ktkuru/Documents/Pico_SDK_v1.5.1/pico-sdk/src/common/pico_sync/mutex.c.obj
 *fill*         0x10005037        0x1 
 .rodata.__func__.3
                0x10005038       0x18 CMakeFiles/led.dir/C_/Users/ktkuru/Documents/Pico_SDK_v1.5.1/pico-sdk/src/common/pico_sync/mutex.c.obj
 .rodata.get_entry.str1.4
                0x10005050       0x73 CMakeFiles/led.dir/C_/Users/ktkuru/Documents/Pico_SDK_v1.5.1/pico-sdk/src/common/pico_time/time.c.obj
 .rodata.update_us_since_boot.str1.4
                0x10005050       0x72 CMakeFiles/led.dir/C_/Users/ktkuru/Documents/Pico_SDK_v1.5.1/pico-sdk/src/common/pico_time/time.c.obj
 .rodata.ph_get_node.str1.4
                0x10005050       0x77 CMakeFiles/led.dir/C_/Users/ktkuru/Documents/Pico_SDK_v1.5.1/pico-sdk/src/common/pico_time/time.c.obj
 .rodata.ph_add_child_node.str1.4
                0x10005050       0x2e CMakeFiles/led.dir/C_/Users/ktkuru/Documents/Pico_SDK_v1.5.1/pico-sdk/src/common/pico_time/time.c.obj
 .rodata.ph_insert_node.str1.4
                0x10005050        0x3 CMakeFiles/led.dir/C_/Users/ktkuru/Documents/Pico_SDK_v1.5.1/pico-sdk/src/common/pico_time/time.c.obj
 .rodata.ph_free_node.str1.4
                0x10005050       0x38 CMakeFiles/led.dir/C_/Users/ktkuru/Documents/Pico_SDK_v1.5.1/pico-sdk/src/common/pico_time/time.c.obj
 .rodata.add_alarm_under_lock.str1.4
                0x10005050       0x28 CMakeFiles/led.dir/C_/Users/ktkuru/Documents/Pico_SDK_v1.5.1/pico-sdk/src/common/pico_time/time.c.obj
 .rodata.alarm_pool_alarm_callback.str1.4
                0x10005050       0x60 CMakeFiles/led.dir/C_/Users/ktkuru/Documents/Pico_SDK_v1.5.1/pico-sdk/src/common/pico_time/time.c.obj
 .rodata.alarm_pool_get_default.str1.4
                0x10005050       0x21 CMakeFiles/led.dir/C_/Users/ktkuru/Documents/Pico_SDK_v1.5.1/pico-sdk/src/common/pico_time/time.c.obj
 .rodata.alarm_pool_cancel_alarm.str1.4
                0x10005050       0x27 CMakeFiles/led.dir/C_/Users/ktkuru/Documents/Pico_SDK_v1.5.1/pico-sdk/src/common/pico_time/time.c.obj
 .rodata.sleep_until.str1.4
                0x10005050       0x4d CMakeFiles/led.dir/C_/Users/ktkuru/Documents/Pico_SDK_v1.5.1/pico-sdk/src/common/pico_time/time.c.obj
 .rodata.__func__.1
                0x10005050       0x18 CMakeFiles/led.dir/C_/Users/ktkuru/Documents/Pico_SDK_v1.5.1/pico-sdk/src/common/pico_time/time.c.obj
 .rodata.__func__.3
                0x10005068       0x17 CMakeFiles/led.dir/C_/Users/ktkuru/Documents/Pico_SDK_v1.5.1/pico-sdk/src/common/pico_time/time.c.obj
 *fill*         0x1000507f        0x1 
 .rodata.__func__.4
                0x10005080       0x12 CMakeFiles/led.dir/C_/Users/ktkuru/Documents/Pico_SDK_v1.5.1/pico-sdk/src/common/pico_time/time.c.obj
 *fill*         0x10005092        0x2 
 .rodata.__func__.5
                0x10005094        0xd CMakeFiles/led.dir/C_/Users/ktkuru/Documents/Pico_SDK_v1.5.1/pico-sdk/src/common/pico_time/time.c.obj
 *fill*         0x100050a1        0x3 
 .rodata.__func__.6
                0x100050a4       0x12 CMakeFiles/led.dir/C_/Users/ktkuru/Documents/Pico_SDK_v1.5.1/pico-sdk/src/common/pico_time/time.c.obj
 *fill*         0x100050b6        0x2 
 .rodata.__func__.7
                0x100050b8        0xf CMakeFiles/led.dir/C_/Users/ktkuru/Documents/Pico_SDK_v1.5.1/pico-sdk/src/common/pico_time/time.c.obj
 *fill*         0x100050c7        0x1 
 .rodata.__func__.8
                0x100050c8        0xc CMakeFiles/led.dir/C_/Users/ktkuru/Documents/Pico_SDK_v1.5.1/pico-sdk/src/common/pico_time/time.c.obj
 .rodata.__func__.9
                0x100050d4       0x15 CMakeFiles/led.dir/C_/Users/ktkuru/Documents/Pico_SDK_v1.5.1/pico-sdk/src/common/pico_time/time.c.obj
 *fill*         0x100050e9        0x3 
 .rodata.__func__.10
                0x100050ec       0x15 CMakeFiles/led.dir/C_/Users/ktkuru/Documents/Pico_SDK_v1.5.1/pico-sdk/src/common/pico_time/time.c.obj
 *fill*         0x10005101        0x3 
 .rodata.__func__.11
                0x10005104       0x1a CMakeFiles/led.dir/C_/Users/ktkuru/Documents/Pico_SDK_v1.5.1/pico-sdk/src/common/pico_time/time.c.obj
 *fill*         0x1000511e        0x2 
 .rodata.__func__.12
                0x10005120        0xa CMakeFiles/led.dir/C_/Users/ktkuru/Documents/Pico_SDK_v1.5.1/pico-sdk/src/common/pico_time/time.c.obj
 .rodata.update_us_since_boot.str1.4
                0x1000512a       0x72 CMakeFiles/led.dir/C_/Users/ktkuru/Documents/Pico_SDK_v1.5.1/pico-sdk/src/rp2_common/hardware_timer/timer.c.obj
 .rodata.hardware_alarm_claim.str1.4
                0x1000512a       0x22 CMakeFiles/led.dir/C_/Users/ktkuru/Documents/Pico_SDK_v1.5.1/pico-sdk/src/rp2_common/hardware_timer/timer.c.obj
 .rodata.hardware_alarm_set_target.str1.4
                0x1000512a       0x7d CMakeFiles/led.dir/C_/Users/ktkuru/Documents/Pico_SDK_v1.5.1/pico-sdk/src/rp2_common/hardware_timer/timer.c.obj
 *fill*         0x1000512a        0x2 
 .rodata.__func__.0
                0x1000512c       0x1a CMakeFiles/led.dir/C_/Users/ktkuru/Documents/Pico_SDK_v1.5.1/pico-sdk/src/rp2_common/hardware_timer/timer.c.obj
 *fill*         0x10005146        0x2 
 .rodata.__func__.1
                0x10005148       0x15 CMakeFiles/led.dir/C_/Users/ktkuru/Documents/Pico_SDK_v1.5.1/pico-sdk/src/rp2_common/hardware_timer/timer.c.obj
 .rodata.ph_get_node.str1.4
                0x1000515d       0x77 CMakeFiles/led.dir/C_/Users/ktkuru/Documents/Pico_SDK_v1.5.1/pico-sdk/src/common/pico_util/pheap.c.obj
 .rodata.ph_add_child_node.str1.4
                0x1000515d       0x2e CMakeFiles/led.dir/C_/Users/ktkuru/Documents/Pico_SDK_v1.5.1/pico-sdk/src/common/pico_util/pheap.c.obj
 .rodata.ph_remove_any_head.str1.4
                0x1000515d       0xb8 CMakeFiles/led.dir/C_/Users/ktkuru/Documents/Pico_SDK_v1.5.1/pico-sdk/src/common/pico_util/pheap.c.obj
 .rodata.ph_remove_and_free_node.str1.4
                0x1000515d       0x26 CMakeFiles/led.dir/C_/Users/ktkuru/Documents/Pico_SDK_v1.5.1/pico-sdk/src/common/pico_util/pheap.c.obj
 *fill*         0x1000515d        0x3 
 .rodata.__func__.0
                0x10005160       0x18 CMakeFiles/led.dir/C_/Users/ktkuru/Documents/Pico_SDK_v1.5.1/pico-sdk/src/common/pico_util/pheap.c.obj
 .rodata.__func__.1
                0x10005178       0x13 CMakeFiles/led.dir/C_/Users/ktkuru/Documents/Pico_SDK_v1.5.1/pico-sdk/src/common/pico_util/pheap.c.obj
 *fill*         0x1000518b        0x1 
 .rodata.__func__.2
                0x1000518c       0x12 CMakeFiles/led.dir/C_/Users/ktkuru/Documents/Pico_SDK_v1.5.1/pico-sdk/src/common/pico_util/pheap.c.obj
 *fill*         0x1000519e        0x2 
 .rodata.__func__.3
                0x100051a0        0xc CMakeFiles/led.dir/C_/Users/ktkuru/Documents/Pico_SDK_v1.5.1/pico-sdk/src/common/pico_util/pheap.c.obj
 .rodata.clock_configure.str1.4
                0x100051ac       0x6f CMakeFiles/led.dir/C_/Users/ktkuru/Documents/Pico_SDK_v1.5.1/pico-sdk/src/rp2_common/hardware_clocks/clocks.c.obj
 .rodata.__func__.1
                0x100051ac       0x10 CMakeFiles/led.dir/C_/Users/ktkuru/Documents/Pico_SDK_v1.5.1/pico-sdk/src/rp2_common/hardware_clocks/clocks.c.obj
 .rodata.pll_init.str1.4
                0x100051bc      0x13c CMakeFiles/led.dir/C_/Users/ktkuru/Documents/Pico_SDK_v1.5.1/pico-sdk/src/rp2_common/hardware_pll/pll.c.obj
 .rodata.__func__.0
                0x100051bc        0x9 CMakeFiles/led.dir/C_/Users/ktkuru/Documents/Pico_SDK_v1.5.1/pico-sdk/src/rp2_common/hardware_pll/pll.c.obj
 .rodata.__assert_func.str1.4
                0x100051c5       0x43 CMakeFiles/led.dir/C_/Users/ktkuru/Documents/Pico_SDK_v1.5.1/pico-sdk/src/rp2_common/pico_runtime/runtime.c.obj
 .rodata.runtime_init.str1.4
                0x100051c5       0x79 CMakeFiles/led.dir/C_/Users/ktkuru/Documents/Pico_SDK_v1.5.1/pico-sdk/src/rp2_common/pico_runtime/runtime.c.obj
 .rodata.panic.str1.4
                0x100051c5       0x12 CMakeFiles/led.dir/C_/Users/ktkuru/Documents/Pico_SDK_v1.5.1/pico-sdk/src/rp2_common/pico_runtime/runtime.c.obj
 *fill*         0x100051c5        0x3 
 .rodata.__func__.2
                0x100051c8        0xd CMakeFiles/led.dir/C_/Users/ktkuru/Documents/Pico_SDK_v1.5.1/pico-sdk/src/rp2_common/pico_runtime/runtime.c.obj
 .rodata._ftoa.str1.4
                0x100051d5       0x15 CMakeFiles/led.dir/C_/Users/ktkuru/Documents/Pico_SDK_v1.5.1/pico-sdk/src/rp2_common/pico_printf/printf.c.obj
 *fill*         0x100051d5        0x3 
 .rodata._vsnprintf
                0x100051d8      0x19c CMakeFiles/led.dir/C_/Users/ktkuru/Documents/Pico_SDK_v1.5.1/pico-sdk/src/rp2_common/pico_printf/printf.c.obj
 *fill*         0x10005374        0x4 
 .rodata.pow10.0
                0x10005378       0x50 CMakeFiles/led.dir/C_/Users/ktkuru/Documents/Pico_SDK_v1.5.1/pico-sdk/src/rp2_common/pico_printf/printf.c.obj
 .rodata.__aeabi_double_init.str1.4
                0x100053c8       0xb4 CMakeFiles/led.dir/C_/Users/ktkuru/Documents/Pico_SDK_v1.5.1/pico-sdk/src/rp2_common/pico_double/double_init_rom.c.obj
 .rodata.__func__.0
                0x100053c8       0x14 CMakeFiles/led.dir/C_/Users/ktkuru/Documents/Pico_SDK_v1.5.1/pico-sdk/src/rp2_common/pico_double/double_init_rom.c.obj
 .rodata.__aeabi_float_init.str1.4
                0x100053dc       0x96 CMakeFiles/led.dir/C_/Users/ktkuru/Documents/Pico_SDK_v1.5.1/pico-sdk/src/rp2_common/pico_float/float_init_rom.c.obj
 .rodata.__func__.0
                0x100053dc       0x13 CMakeFiles/led.dir/C_/Users/ktkuru/Documents/Pico_SDK_v1.5.1/pico-sdk/src/rp2_common/pico_float/float_init_rom.c.obj
 .rodata.str1.4
                0x100053ef       0x38 CMakeFiles/led.dir/C_/Users/ktkuru/Documents/Pico_SDK_v1.5.1/pico-sdk/src/rp2_common/pico_standard_link/binary_info.c.obj
 *fill*         0x100053ef        0x1 
 .rodata.__bi_81
                0x100053f0        0xc CMakeFiles/led.dir/C_/Users/ktkuru/Documents/Pico_SDK_v1.5.1/pico-sdk/src/rp2_common/pico_standard_link/binary_info.c.obj
 .rodata.__bi_75
                0x100053fc        0xc CMakeFiles/led.dir/C_/Users/ktkuru/Documents/Pico_SDK_v1.5.1/pico-sdk/src/rp2_common/pico_standard_link/binary_info.c.obj
 .rodata.__bi_44
                0x10005408        0xc CMakeFiles/led.dir/C_/Users/ktkuru/Documents/Pico_SDK_v1.5.1/pico-sdk/src/rp2_common/pico_standard_link/binary_info.c.obj
 .rodata.update_us_since_boot.str1.4
                0x10005414       0x72 CMakeFiles/led.dir/C_/Users/ktkuru/Documents/Pico_SDK_v1.5.1/pico-sdk/src/rp2_common/pico_stdio/stdio.c.obj
 .rodata.crlf_str.2
                0x10005414        0x2 CMakeFiles/led.dir/C_/Users/ktkuru/Documents/Pico_SDK_v1.5.1/pico-sdk/src/rp2_common/pico_stdio/stdio.c.obj
 *fill*         0x10005416        0x2 
 .rodata.__func__.3
                0x10005418       0x15 CMakeFiles/led.dir/C_/Users/ktkuru/Documents/Pico_SDK_v1.5.1/pico-sdk/src/rp2_common/pico_stdio/stdio.c.obj
 .rodata.str1.4
                0x1000542d       0x2c CMakeFiles/led.dir/C_/Users/ktkuru/Documents/Pico_SDK_v1.5.1/pico-sdk/src/rp2_common/pico_stdio_uart/stdio_uart.c.obj
 *fill*         0x1000542d        0x3 
 .rodata.__bi_33.4
                0x10005430        0xc CMakeFiles/led.dir/C_/Users/ktkuru/Documents/Pico_SDK_v1.5.1/pico-sdk/src/rp2_common/pico_stdio_uart/stdio_uart.c.obj
 .rodata.__bi_34.5
                0x1000543c        0x8 CMakeFiles/led.dir/C_/Users/ktkuru/Documents/Pico_SDK_v1.5.1/pico-sdk/src/rp2_common/pico_stdio_uart/stdio_uart.c.obj
                0x10005444                        . = ALIGN (0x4)
 *(SORT_BY_ALIGNMENT(SORT_BY_NAME(.flashdata*)))
                0x10005444                        . = ALIGN (0x4)

.ARM.extab
 *(.ARM.extab* .gnu.linkonce.armextab.*)
                0x10005444                        __exidx_start = .

.ARM.exidx
 *(.ARM.exidx* .gnu.linkonce.armexidx.*)
                0x10005444                        __exidx_end = .
                0x10005444                        . = ALIGN (0x4)
                0x10005444                        __binary_info_start = .

.binary_info    0x10005444       0x24
 *(.binary_info.keep.*)
 .binary_info.keep.__bi_ptr81
                0x10005444        0x4 CMakeFiles/led.dir/C_/Users/ktkuru/Documents/Pico_SDK_v1.5.1/pico-sdk/src/rp2_common/pico_standard_link/binary_info.c.obj
 .binary_info.keep.__bi_ptr75
                0x10005448        0x4 CMakeFiles/led.dir/C_/Users/ktkuru/Documents/Pico_SDK_v1.5.1/pico-sdk/src/rp2_common/pico_standard_link/binary_info.c.obj
 .binary_info.keep.__bi_ptr50
                0x1000544c        0x4 CMakeFiles/led.dir/C_/Users/ktkuru/Documents/Pico_SDK_v1.5.1/pico-sdk/src/rp2_common/pico_standard_link/binary_info.c.obj
 .binary_info.keep.__bi_ptr44
                0x10005450        0x4 CMakeFiles/led.dir/C_/Users/ktkuru/Documents/Pico_SDK_v1.5.1/pico-sdk/src/rp2_common/pico_standard_link/binary_info.c.obj
 .binary_info.keep.__bi_ptr38
                0x10005454        0x4 CMakeFiles/led.dir/C_/Users/ktkuru/Documents/Pico_SDK_v1.5.1/pico-sdk/src/rp2_common/pico_standard_link/binary_info.c.obj
 .binary_info.keep.__bi_ptr30
                0x10005458        0x4 CMakeFiles/led.dir/C_/Users/ktkuru/Documents/Pico_SDK_v1.5.1/pico-sdk/src/rp2_common/pico_standard_link/binary_info.c.obj
 .binary_info.keep.__bi_ptr22
                0x1000545c        0x4 CMakeFiles/led.dir/C_/Users/ktkuru/Documents/Pico_SDK_v1.5.1/pico-sdk/src/rp2_common/pico_standard_link/binary_info.c.obj
 *(.binary_info.*)
 .binary_info.__bi_ptr34
                0x10005460        0x4 CMakeFiles/led.dir/C_/Users/ktkuru/Documents/Pico_SDK_v1.5.1/pico-sdk/src/rp2_common/pico_stdio_uart/stdio_uart.c.obj
 .binary_info.__bi_ptr33
                0x10005464        0x4 CMakeFiles/led.dir/C_/Users/ktkuru/Documents/Pico_SDK_v1.5.1/pico-sdk/src/rp2_common/pico_stdio_uart/stdio_uart.c.obj
                0x10005468                        __binary_info_end = .

.rel.dyn        0x10005468        0x0
 .rel.iplt      0x10005468        0x0 C:/PROGRA~2/ARMGNU~1/133167~1.3RE/bin/../lib/gcc/arm-none-eabi/13.3.1/thumb/v6-m/nofp/crtbegin.o
                0x10005468                        . = ALIGN (0x4)

.ram_vector_table
                0x20000000       0xc0
 *(.ram_vector_table)
 .ram_vector_table
                0x20000000       0xc0 CMakeFiles/led.dir/C_/Users/ktkuru/Documents/Pico_SDK_v1.5.1/pico-sdk/src/rp2_common/pico_runtime/runtime.c.obj
                0x20000000                ram_vector_table

.data           0x200000c0      0x244 load address 0x10005468
                0x200000c0                        __data_start__ = .
 *(vtable)
 *(.time_critical*)
 .time_critical.mutex_try_enter
                0x200000c0       0x46 CMakeFiles/led.dir/C_/Users/ktkuru/Documents/Pico_SDK_v1.5.1/pico-sdk/src/common/pico_sync/mutex.c.obj
                0x200000c0                mutex_try_enter
 *fill*         0x20000106        0x2 
 .time_critical.mutex_enter_block_until
                0x20000108       0x8c CMakeFiles/led.dir/C_/Users/ktkuru/Documents/Pico_SDK_v1.5.1/pico-sdk/src/common/pico_sync/mutex.c.obj
                0x20000108                mutex_enter_block_until
 .time_critical.mutex_try_enter_block_until
                0x20000194       0x34 CMakeFiles/led.dir/C_/Users/ktkuru/Documents/Pico_SDK_v1.5.1/pico-sdk/src/common/pico_sync/mutex.c.obj
                0x20000194                mutex_try_enter_block_until
 .time_critical.mutex_exit
                0x200001c8       0x4c CMakeFiles/led.dir/C_/Users/ktkuru/Documents/Pico_SDK_v1.5.1/pico-sdk/src/common/pico_sync/mutex.c.obj
                0x200001c8                mutex_exit
 *(.text*)
 .text          0x20000214        0x4 C:/PROGRA~2/ARMGNU~1/133167~1.3RE/bin/../lib/gcc/arm-none-eabi/13.3.1/thumb/v6-m/nofp\libgcc.a(_dvmd_tls.o)
                0x20000214                __aeabi_idiv0
                0x20000214                __aeabi_ldiv0
 .text.__stub   0x20000218       0x20 linker stubs
                0x20000238                        . = ALIGN (0x4)
 *(.rodata*)
                0x20000238                        . = ALIGN (0x4)
 *(.data*)
 .data.striped_spin_lock_num
                0x20000238        0x1 CMakeFiles/led.dir/C_/Users/ktkuru/Documents/Pico_SDK_v1.5.1/pico-sdk/src/rp2_common/hardware_sync/sync.c.obj
 *fill*         0x20000239        0x3 
 .data          0x2000023c       0x48 CMakeFiles/led.dir/C_/Users/ktkuru/Documents/Pico_SDK_v1.5.1/pico-sdk/src/rp2_common/hardware_irq/irq_handler_chain.S.obj
                0x2000023c                irq_handler_chain_slots
                0x2000026c                irq_handler_chain_first_slot
                0x20000276                irq_handler_chain_remove_tail
 .data.default_alarm_pool
                0x20000284       0x18 CMakeFiles/led.dir/C_/Users/ktkuru/Documents/Pico_SDK_v1.5.1/pico-sdk/src/common/pico_time/time.c.obj
 .data.default_alarm_pool_heap
                0x2000029c       0x10 CMakeFiles/led.dir/C_/Users/ktkuru/Documents/Pico_SDK_v1.5.1/pico-sdk/src/common/pico_time/time.c.obj
 *fill*         0x200002ac        0x4 
 .data.aeabi_bits_funcs
                0x200002b0       0x10 CMakeFiles/led.dir/C_/Users/ktkuru/Documents/Pico_SDK_v1.5.1/pico-sdk/src/rp2_common/pico_bit_ops/bit_ops_aeabi.S.obj
                0x200002b0                aeabi_bits_funcs
                0x200002c0                aeabi_bits_funcs_end
 .data.aeabi_mem_funcs
                0x200002c0       0x10 CMakeFiles/led.dir/C_/Users/ktkuru/Documents/Pico_SDK_v1.5.1/pico-sdk/src/rp2_common/pico_mem_ops/mem_ops_aeabi.S.obj
                0x200002c0                aeabi_mem_funcs
                0x200002d0                aeabi_mem_funcs_end
 .data.stdio_uart
                0x200002d0       0x18 CMakeFiles/led.dir/C_/Users/ktkuru/Documents/Pico_SDK_v1.5.1/pico-sdk/src/rp2_common/pico_stdio_uart/stdio_uart.c.obj
                0x200002d0                stdio_uart
                0x200002e8                        . = ALIGN (0x4)
 *(.after_data.*)
                0x200002e8                        . = ALIGN (0x4)
                0x200002e8                        PROVIDE (__mutex_array_start = .)
 *(SORT_BY_NAME(.mutex_array.*))
 *(.mutex_array)
 .mutex_array   0x200002e8        0x8 CMakeFiles/led.dir/C_/Users/ktkuru/Documents/Pico_SDK_v1.5.1/pico-sdk/src/rp2_common/pico_stdio/stdio.c.obj
                0x200002f0                        PROVIDE (__mutex_array_end = .)
                0x200002f0                        . = ALIGN (0x4)
                0x200002f0                        PROVIDE (__preinit_array_start = .)
 *(SORT_BY_NAME(.preinit_array.*))
 .preinit_array.00001
                0x200002f0        0x4 CMakeFiles/led.dir/C_/Users/ktkuru/Documents/Pico_SDK_v1.5.1/pico-sdk/src/rp2_common/pico_mem_ops/mem_ops_aeabi.S.obj
 .preinit_array.00010
                0x200002f4        0x4 CMakeFiles/led.dir/C_/Users/ktkuru/Documents/Pico_SDK_v1.5.1/pico-sdk/src/rp2_common/pico_bit_ops/bit_ops_aeabi.S.obj
 .preinit_array.00020
                0x200002f8        0x4 CMakeFiles/led.dir/C_/Users/ktkuru/Documents/Pico_SDK_v1.5.1/pico-sdk/src/rp2_common/pico_double/double_aeabi.S.obj
 .preinit_array.00020
                0x200002fc        0x4 CMakeFiles/led.dir/C_/Users/ktkuru/Documents/Pico_SDK_v1.5.1/pico-sdk/src/rp2_common/pico_float/float_aeabi.S.obj
 *(.preinit_array)
                0x20000300                        PROVIDE (__preinit_array_end = .)
                0x20000300                        . = ALIGN (0x4)
                0x20000300                        PROVIDE (__init_array_start = .)
 *(SORT_BY_NAME(.init_array.*))
 *(.init_array)
 .init_array    0x20000300        0x4 C:/PROGRA~2/ARMGNU~1/133167~1.3RE/bin/../lib/gcc/arm-none-eabi/13.3.1/thumb/v6-m/nofp/crtbegin.o
                0x20000304                        PROVIDE (__init_array_end = .)
                0x20000304                        . = ALIGN (0x4)
                [!provide]                        PROVIDE (__fini_array_start = .)
 *(SORT_BY_NAME(.fini_array.*))
 *(.fini_array)
                [!provide]                        PROVIDE (__fini_array_end = .)
 *(.jcr)
                0x20000304                        . = ALIGN (0x4)
                0x20000304                        __data_end__ = .
                0x10005468                        __etext = LOADADDR (.data)

.tm_clone_table
                0x20000304        0x0 load address 0x100056ac
 .tm_clone_table
                0x20000304        0x0 C:/PROGRA~2/ARMGNU~1/133167~1.3RE/bin/../lib/gcc/arm-none-eabi/13.3.1/thumb/v6-m/nofp/crtbegin.o
 .tm_clone_table
                0x20000304        0x0 C:/PROGRA~2/ARMGNU~1/133167~1.3RE/bin/../lib/gcc/arm-none-eabi/13.3.1/thumb/v6-m/nofp/crtend.o

.igot.plt       0x20000304        0x0 load address 0x100056ac
 .igot.plt      0x20000304        0x0 C:/PROGRA~2/ARMGNU~1/133167~1.3RE/bin/../lib/gcc/arm-none-eabi/13.3.1/thumb/v6-m/nofp/crtbegin.o

.uninitialized_data
                0x20000304        0x0 load address 0x100056ac
                0x20000304                        . = ALIGN (0x4)
 *(.uninitialized_data*)

.scratch_x      0x20040000        0x0 load address 0x100056ac
                0x20040000                        __scratch_x_start__ = .
 *(.scratch_x.*)
                0x20040000                        . = ALIGN (0x4)
                0x20040000                        __scratch_x_end__ = .
                0x100056ac                        __scratch_x_source__ = LOADADDR (.scratch_x)

.scratch_y      0x20041000        0x0 load address 0x100056ac
                0x20041000                        __scratch_y_start__ = .
 *(.scratch_y.*)
                0x20041000                        . = ALIGN (0x4)
                0x20041000                        __scratch_y_end__ = .
                0x100056ac                        __scratch_y_source__ = LOADADDR (.scratch_y)

.bss            0x20000308      0x3d4
                0x20000308                        . = ALIGN (0x4)
                0x20000308                        __bss_start__ = .
 *(SORT_BY_ALIGNMENT(SORT_BY_NAME(.bss*)))
 .bss.default_alarm_pool_entries
                0x20000308      0x100 CMakeFiles/led.dir/C_/Users/ktkuru/Documents/Pico_SDK_v1.5.1/pico-sdk/src/common/pico_time/time.c.obj
 .bss.alarm_callbacks
                0x20000408       0x10 CMakeFiles/led.dir/C_/Users/ktkuru/Documents/Pico_SDK_v1.5.1/pico-sdk/src/rp2_common/hardware_timer/timer.c.obj
 .bss.chars_available_callback
                0x20000418        0x4 CMakeFiles/led.dir/C_/Users/ktkuru/Documents/Pico_SDK_v1.5.1/pico-sdk/src/rp2_common/pico_stdio_uart/stdio_uart.c.obj
 .bss.chars_available_param
                0x2000041c        0x4 CMakeFiles/led.dir/C_/Users/ktkuru/Documents/Pico_SDK_v1.5.1/pico-sdk/src/rp2_common/pico_stdio_uart/stdio_uart.c.obj
 .bss.configured_freq
                0x20000420       0x28 CMakeFiles/led.dir/C_/Users/ktkuru/Documents/Pico_SDK_v1.5.1/pico-sdk/src/rp2_common/hardware_clocks/clocks.c.obj
 .bss.default_alarm_pool_entry_ids_high
                0x20000448       0x10 CMakeFiles/led.dir/C_/Users/ktkuru/Documents/Pico_SDK_v1.5.1/pico-sdk/src/common/pico_time/time.c.obj
 .bss.default_alarm_pool_heap_nodes
                0x20000458       0x30 CMakeFiles/led.dir/C_/Users/ktkuru/Documents/Pico_SDK_v1.5.1/pico-sdk/src/common/pico_time/time.c.obj
 .bss.drivers   0x20000488        0x4 CMakeFiles/led.dir/C_/Users/ktkuru/Documents/Pico_SDK_v1.5.1/pico-sdk/src/rp2_common/pico_stdio/stdio.c.obj
 .bss.filter    0x2000048c        0x4 CMakeFiles/led.dir/C_/Users/ktkuru/Documents/Pico_SDK_v1.5.1/pico-sdk/src/rp2_common/pico_stdio/stdio.c.obj
 .bss.object.0  0x20000490       0x18 C:/PROGRA~2/ARMGNU~1/133167~1.3RE/bin/../lib/gcc/arm-none-eabi/13.3.1/thumb/v6-m/nofp/crtbegin.o
 .bss.pools     0x200004a8       0x10 CMakeFiles/led.dir/C_/Users/ktkuru/Documents/Pico_SDK_v1.5.1/pico-sdk/src/common/pico_time/time.c.obj
 .bss.sd_table  0x200004b8      0x100 CMakeFiles/led.dir/C_/Users/ktkuru/Documents/Pico_SDK_v1.5.1/pico-sdk/src/rp2_common/pico_double/double_init_rom.c.obj
                0x200004b8                sd_table
 .bss.sf_clz_func
                0x200005b8        0x4 CMakeFiles/led.dir/C_/Users/ktkuru/Documents/Pico_SDK_v1.5.1/pico-sdk/src/rp2_common/pico_double/double_init_rom.c.obj
                0x200005b8                sf_clz_func
 .bss.sf_table  0x200005bc      0x100 CMakeFiles/led.dir/C_/Users/ktkuru/Documents/Pico_SDK_v1.5.1/pico-sdk/src/rp2_common/pico_float/float_init_rom.c.obj
                0x200005bc                sf_table
 .bss.sleep_notifier
                0x200006bc        0x4 CMakeFiles/led.dir/C_/Users/ktkuru/Documents/Pico_SDK_v1.5.1/pico-sdk/src/common/pico_time/time.c.obj
 .bss.target_hi
                0x200006c0       0x10 CMakeFiles/led.dir/C_/Users/ktkuru/Documents/Pico_SDK_v1.5.1/pico-sdk/src/rp2_common/hardware_timer/timer.c.obj
 .bss.uart_char_to_line_feed
                0x200006d0        0x4 CMakeFiles/led.dir/C_/Users/ktkuru/Documents/Pico_SDK_v1.5.1/pico-sdk/src/rp2_common/hardware_uart/uart.c.obj
                0x200006d0                uart_char_to_line_feed
 .bss.uart_instance
                0x200006d4        0x4 CMakeFiles/led.dir/C_/Users/ktkuru/Documents/Pico_SDK_v1.5.1/pico-sdk/src/rp2_common/pico_stdio_uart/stdio_uart.c.obj
 .bss.claimed   0x200006d8        0x1 CMakeFiles/led.dir/C_/Users/ktkuru/Documents/Pico_SDK_v1.5.1/pico-sdk/src/rp2_common/hardware_timer/timer.c.obj
 .bss.irq_hander_chain_free_slot_head
                0x200006d9        0x1 CMakeFiles/led.dir/C_/Users/ktkuru/Documents/Pico_SDK_v1.5.1/pico-sdk/src/rp2_common/hardware_irq/irq.c.obj
 .bss.timer_callbacks_pending
                0x200006da        0x1 CMakeFiles/led.dir/C_/Users/ktkuru/Documents/Pico_SDK_v1.5.1/pico-sdk/src/rp2_common/hardware_timer/timer.c.obj
 *(COMMON)
                0x200006dc                        . = ALIGN (0x4)
 *fill*         0x200006db        0x1 
                0x200006dc                        __bss_end__ = .

.heap           0x200006dc      0x800
                0x200006dc                        __end__ = .
                0x200006dc                        end = __end__
 *(.heap*)
 .heap          0x200006dc      0x800 CMakeFiles/led.dir/C_/Users/ktkuru/Documents/Pico_SDK_v1.5.1/pico-sdk/src/rp2_common/pico_standard_link/crt0.S.obj
                0x20000edc                        __HeapLimit = .

.stack1_dummy
 *(.stack1*)

.stack_dummy    0x20041000      0x800
 *(.stack*)
 .stack         0x20041000      0x800 CMakeFiles/led.dir/C_/Users/ktkuru/Documents/Pico_SDK_v1.5.1/pico-sdk/src/rp2_common/pico_standard_link/crt0.S.obj

.flash_end      0x100056ac        0x0
                0x100056ac                        PROVIDE (__flash_binary_end = .)
                0x20040000                        __StackLimit = (ORIGIN (RAM) + LENGTH (RAM))
                0x20041000                        __StackOneTop = (ORIGIN (SCRATCH_X) + LENGTH (SCRATCH_X))
                0x20042000                        __StackTop = (ORIGIN (SCRATCH_Y) + LENGTH (SCRATCH_Y))
                0x20041000                        __StackOneBottom = (__StackOneTop - SIZEOF (.stack1_dummy))
                0x20041800                        __StackBottom = (__StackTop - SIZEOF (.stack_dummy))
                0x20042000                        PROVIDE (__stack = __StackTop)
                0x00000001                        ASSERT ((__StackLimit >= __HeapLimit), region RAM overflowed)
                0x00000001                        ASSERT (((__binary_info_header_end - __logical_binary_start) <= 0x100), Binary info must be in first 256 bytes of the binary)
LOAD CMakeFiles/led.dir/led.c.obj
LOAD CMakeFiles/led.dir/C_/Users/ktkuru/Documents/Pico_SDK_v1.5.1/pico-sdk/src/rp2_common/pico_stdlib/stdlib.c.obj
LOAD CMakeFiles/led.dir/C_/Users/ktkuru/Documents/Pico_SDK_v1.5.1/pico-sdk/src/rp2_common/hardware_gpio/gpio.c.obj
LOAD CMakeFiles/led.dir/C_/Users/ktkuru/Documents/Pico_SDK_v1.5.1/pico-sdk/src/rp2_common/pico_platform/platform.c.obj
LOAD CMakeFiles/led.dir/C_/Users/ktkuru/Documents/Pico_SDK_v1.5.1/pico-sdk/src/rp2_common/hardware_claim/claim.c.obj
LOAD CMakeFiles/led.dir/C_/Users/ktkuru/Documents/Pico_SDK_v1.5.1/pico-sdk/src/rp2_common/hardware_sync/sync.c.obj
LOAD CMakeFiles/led.dir/C_/Users/ktkuru/Documents/Pico_SDK_v1.5.1/pico-sdk/src/rp2_common/hardware_irq/irq.c.obj
LOAD CMakeFiles/led.dir/C_/Users/ktkuru/Documents/Pico_SDK_v1.5.1/pico-sdk/src/rp2_common/hardware_irq/irq_handler_chain.S.obj
LOAD CMakeFiles/led.dir/C_/Users/ktkuru/Documents/Pico_SDK_v1.5.1/pico-sdk/src/common/pico_sync/sem.c.obj
LOAD CMakeFiles/led.dir/C_/Users/ktkuru/Documents/Pico_SDK_v1.5.1/pico-sdk/src/common/pico_sync/lock_core.c.obj
LOAD CMakeFiles/led.dir/C_/Users/ktkuru/Documents/Pico_SDK_v1.5.1/pico-sdk/src/common/pico_sync/mutex.c.obj
LOAD CMakeFiles/led.dir/C_/Users/ktkuru/Documents/Pico_SDK_v1.5.1/pico-sdk/src/common/pico_sync/critical_section.c.obj
LOAD CMakeFiles/led.dir/C_/Users/ktkuru/Documents/Pico_SDK_v1.5.1/pico-sdk/src/common/pico_time/time.c.obj
LOAD CMakeFiles/led.dir/C_/Users/ktkuru/Documents/Pico_SDK_v1.5.1/pico-sdk/src/common/pico_time/timeout_helper.c.obj
LOAD CMakeFiles/led.dir/C_/Users/ktkuru/Documents/Pico_SDK_v1.5.1/pico-sdk/src/rp2_common/hardware_timer/timer.c.obj
LOAD CMakeFiles/led.dir/C_/Users/ktkuru/Documents/Pico_SDK_v1.5.1/pico-sdk/src/common/pico_util/datetime.c.obj
LOAD CMakeFiles/led.dir/C_/Users/ktkuru/Documents/Pico_SDK_v1.5.1/pico-sdk/src/common/pico_util/pheap.c.obj
LOAD CMakeFiles/led.dir/C_/Users/ktkuru/Documents/Pico_SDK_v1.5.1/pico-sdk/src/common/pico_util/queue.c.obj
LOAD CMakeFiles/led.dir/C_/Users/ktkuru/Documents/Pico_SDK_v1.5.1/pico-sdk/src/rp2_common/hardware_uart/uart.c.obj
LOAD CMakeFiles/led.dir/C_/Users/ktkuru/Documents/Pico_SDK_v1.5.1/pico-sdk/src/rp2_common/hardware_clocks/clocks.c.obj
LOAD CMakeFiles/led.dir/C_/Users/ktkuru/Documents/Pico_SDK_v1.5.1/pico-sdk/src/rp2_common/hardware_pll/pll.c.obj
LOAD CMakeFiles/led.dir/C_/Users/ktkuru/Documents/Pico_SDK_v1.5.1/pico-sdk/src/rp2_common/hardware_vreg/vreg.c.obj
LOAD CMakeFiles/led.dir/C_/Users/ktkuru/Documents/Pico_SDK_v1.5.1/pico-sdk/src/rp2_common/hardware_watchdog/watchdog.c.obj
LOAD CMakeFiles/led.dir/C_/Users/ktkuru/Documents/Pico_SDK_v1.5.1/pico-sdk/src/rp2_common/hardware_xosc/xosc.c.obj
LOAD CMakeFiles/led.dir/C_/Users/ktkuru/Documents/Pico_SDK_v1.5.1/pico-sdk/src/rp2_common/hardware_divider/divider.S.obj
LOAD CMakeFiles/led.dir/C_/Users/ktkuru/Documents/Pico_SDK_v1.5.1/pico-sdk/src/rp2_common/pico_runtime/runtime.c.obj
LOAD CMakeFiles/led.dir/C_/Users/ktkuru/Documents/Pico_SDK_v1.5.1/pico-sdk/src/rp2_common/pico_printf/printf.c.obj
LOAD CMakeFiles/led.dir/C_/Users/ktkuru/Documents/Pico_SDK_v1.5.1/pico-sdk/src/rp2_common/pico_bit_ops/bit_ops_aeabi.S.obj
LOAD CMakeFiles/led.dir/C_/Users/ktkuru/Documents/Pico_SDK_v1.5.1/pico-sdk/src/rp2_common/pico_bootrom/bootrom.c.obj
LOAD CMakeFiles/led.dir/C_/Users/ktkuru/Documents/Pico_SDK_v1.5.1/pico-sdk/src/rp2_common/pico_divider/divider.S.obj
LOAD CMakeFiles/led.dir/C_/Users/ktkuru/Documents/Pico_SDK_v1.5.1/pico-sdk/src/rp2_common/pico_double/double_aeabi.S.obj
LOAD CMakeFiles/led.dir/C_/Users/ktkuru/Documents/Pico_SDK_v1.5.1/pico-sdk/src/rp2_common/pico_double/double_init_rom.c.obj
LOAD CMakeFiles/led.dir/C_/Users/ktkuru/Documents/Pico_SDK_v1.5.1/pico-sdk/src/rp2_common/pico_double/double_math.c.obj
LOAD CMakeFiles/led.dir/C_/Users/ktkuru/Documents/Pico_SDK_v1.5.1/pico-sdk/src/rp2_common/pico_double/double_v1_rom_shim.S.obj
LOAD CMakeFiles/led.dir/C_/Users/ktkuru/Documents/Pico_SDK_v1.5.1/pico-sdk/src/rp2_common/pico_int64_ops/pico_int64_ops_aeabi.S.obj
LOAD CMakeFiles/led.dir/C_/Users/ktkuru/Documents/Pico_SDK_v1.5.1/pico-sdk/src/rp2_common/pico_float/float_aeabi.S.obj
LOAD CMakeFiles/led.dir/C_/Users/ktkuru/Documents/Pico_SDK_v1.5.1/pico-sdk/src/rp2_common/pico_float/float_init_rom.c.obj
LOAD CMakeFiles/led.dir/C_/Users/ktkuru/Documents/Pico_SDK_v1.5.1/pico-sdk/src/rp2_common/pico_float/float_math.c.obj
LOAD CMakeFiles/led.dir/C_/Users/ktkuru/Documents/Pico_SDK_v1.5.1/pico-sdk/src/rp2_common/pico_float/float_v1_rom_shim.S.obj
LOAD CMakeFiles/led.dir/C_/Users/ktkuru/Documents/Pico_SDK_v1.5.1/pico-sdk/src/rp2_common/pico_malloc/pico_malloc.c.obj
LOAD CMakeFiles/led.dir/C_/Users/ktkuru/Documents/Pico_SDK_v1.5.1/pico-sdk/src/rp2_common/pico_mem_ops/mem_ops_aeabi.S.obj
LOAD CMakeFiles/led.dir/C_/Users/ktkuru/Documents/Pico_SDK_v1.5.1/pico-sdk/src/rp2_common/pico_standard_link/crt0.S.obj
LOAD CMakeFiles/led.dir/C_/Users/ktkuru/Documents/Pico_SDK_v1.5.1/pico-sdk/src/rp2_common/pico_standard_link/new_delete.cpp.obj
LOAD CMakeFiles/led.dir/C_/Users/ktkuru/Documents/Pico_SDK_v1.5.1/pico-sdk/src/rp2_common/pico_standard_link/binary_info.c.obj
LOAD CMakeFiles/led.dir/C_/Users/ktkuru/Documents/Pico_SDK_v1.5.1/pico-sdk/src/rp2_common/pico_stdio/stdio.c.obj
LOAD CMakeFiles/led.dir/C_/Users/ktkuru/Documents/Pico_SDK_v1.5.1/pico-sdk/src/rp2_common/pico_stdio_uart/stdio_uart.c.obj
LOAD C:\Users\ktkuru\AppData\Local\Temp\ccuOyzx8.o
LOAD C:/PROGRA~2/ARMGNU~1/133167~1.3RE/bin/../lib/gcc/arm-none-eabi/13.3.1/thumb/v6-m/nofp\libstdc++.a
LOAD C:/PROGRA~2/ARMGNU~1/133167~1.3RE/bin/../lib/gcc/arm-none-eabi/13.3.1/thumb/v6-m/nofp\libm.a
START GROUP
LOAD C:/PROGRA~2/ARMGNU~1/133167~1.3RE/bin/../lib/gcc/arm-none-eabi/13.3.1/thumb/v6-m/nofp\libgcc.a
LOAD C:/PROGRA~2/ARMGNU~1/133167~1.3RE/bin/../lib/gcc/arm-none-eabi/13.3.1/thumb/v6-m/nofp\libg.a
LOAD C:/PROGRA~2/ARMGNU~1/133167~1.3RE/bin/../lib/gcc/arm-none-eabi/13.3.1/thumb/v6-m/nofp\libc.a
END GROUP
START GROUP
LOAD C:/PROGRA~2/ARMGNU~1/133167~1.3RE/bin/../lib/gcc/arm-none-eabi/13.3.1/thumb/v6-m/nofp\libgcc.a
LOAD C:/PROGRA~2/ARMGNU~1/133167~1.3RE/bin/../lib/gcc/arm-none-eabi/13.3.1/thumb/v6-m/nofp\libc.a
LOAD C:/PROGRA~2/ARMGNU~1/133167~1.3RE/bin/../lib/gcc/arm-none-eabi/13.3.1/thumb/v6-m/nofp\libnosys.a
END GROUP
LOAD C:/PROGRA~2/ARMGNU~1/133167~1.3RE/bin/../lib/gcc/arm-none-eabi/13.3.1/thumb/v6-m/nofp/crtend.o
LOAD C:/PROGRA~2/ARMGNU~1/133167~1.3RE/bin/../lib/gcc/arm-none-eabi/13.3.1/thumb/v6-m/nofp/crtn.o
OUTPUT(led.elf elf32-littlearm)
LOAD linker stubs

.ARM.attributes
                0x00000000       0x28
 .ARM.attributes
                0x00000000       0x1e C:/PROGRA~2/ARMGNU~1/133167~1.3RE/bin/../lib/gcc/arm-none-eabi/13.3.1/thumb/v6-m/nofp/crti.o
 .ARM.attributes
                0x0000001e       0x2c C:/PROGRA~2/ARMGNU~1/133167~1.3RE/bin/../lib/gcc/arm-none-eabi/13.3.1/thumb/v6-m/nofp/crtbegin.o
 .ARM.attributes
                0x0000004a       0x2c CMakeFiles/led.dir/led.c.obj
 .ARM.attributes
                0x00000076       0x2c CMakeFiles/led.dir/C_/Users/ktkuru/Documents/Pico_SDK_v1.5.1/pico-sdk/src/rp2_common/hardware_gpio/gpio.c.obj
 .ARM.attributes
                0x000000a2       0x2c CMakeFiles/led.dir/C_/Users/ktkuru/Documents/Pico_SDK_v1.5.1/pico-sdk/src/rp2_common/pico_platform/platform.c.obj
 .ARM.attributes
                0x000000ce       0x2c CMakeFiles/led.dir/C_/Users/ktkuru/Documents/Pico_SDK_v1.5.1/pico-sdk/src/rp2_common/hardware_claim/claim.c.obj
 .ARM.attributes
                0x000000fa       0x2c CMakeFiles/led.dir/C_/Users/ktkuru/Documents/Pico_SDK_v1.5.1/pico-sdk/src/rp2_common/hardware_sync/sync.c.obj
 .ARM.attributes
                0x00000126       0x2c CMakeFiles/led.dir/C_/Users/ktkuru/Documents/Pico_SDK_v1.5.1/pico-sdk/src/rp2_common/hardware_irq/irq.c.obj
 .ARM.attributes
                0x00000152       0x22 CMakeFiles/led.dir/C_/Users/ktkuru/Documents/Pico_SDK_v1.5.1/pico-sdk/src/rp2_common/hardware_irq/irq_handler_chain.S.obj
 .ARM.attributes
                0x00000174       0x2c CMakeFiles/led.dir/C_/Users/ktkuru/Documents/Pico_SDK_v1.5.1/pico-sdk/src/common/pico_sync/lock_core.c.obj
 .ARM.attributes
                0x000001a0       0x2c CMakeFiles/led.dir/C_/Users/ktkuru/Documents/Pico_SDK_v1.5.1/pico-sdk/src/common/pico_sync/mutex.c.obj
 .ARM.attributes
                0x000001cc       0x2c CMakeFiles/led.dir/C_/Users/ktkuru/Documents/Pico_SDK_v1.5.1/pico-sdk/src/common/pico_time/time.c.obj
 .ARM.attributes
                0x000001f8       0x2c CMakeFiles/led.dir/C_/Users/ktkuru/Documents/Pico_SDK_v1.5.1/pico-sdk/src/rp2_common/hardware_timer/timer.c.obj
 .ARM.attributes
                0x00000224       0x2c CMakeFiles/led.dir/C_/Users/ktkuru/Documents/Pico_SDK_v1.5.1/pico-sdk/src/common/pico_util/pheap.c.obj
 .ARM.attributes
                0x00000250       0x2c CMakeFiles/led.dir/C_/Users/ktkuru/Documents/Pico_SDK_v1.5.1/pico-sdk/src/rp2_common/hardware_uart/uart.c.obj
 .ARM.attributes
                0x0000027c       0x2c CMakeFiles/led.dir/C_/Users/ktkuru/Documents/Pico_SDK_v1.5.1/pico-sdk/src/rp2_common/hardware_clocks/clocks.c.obj
 .ARM.attributes
                0x000002a8       0x2c CMakeFiles/led.dir/C_/Users/ktkuru/Documents/Pico_SDK_v1.5.1/pico-sdk/src/rp2_common/hardware_pll/pll.c.obj
 .ARM.attributes
                0x000002d4       0x2c CMakeFiles/led.dir/C_/Users/ktkuru/Documents/Pico_SDK_v1.5.1/pico-sdk/src/rp2_common/hardware_watchdog/watchdog.c.obj
 .ARM.attributes
                0x00000300       0x2c CMakeFiles/led.dir/C_/Users/ktkuru/Documents/Pico_SDK_v1.5.1/pico-sdk/src/rp2_common/hardware_xosc/xosc.c.obj
 .ARM.attributes
                0x0000032c       0x2c CMakeFiles/led.dir/C_/Users/ktkuru/Documents/Pico_SDK_v1.5.1/pico-sdk/src/rp2_common/pico_runtime/runtime.c.obj
 .ARM.attributes
                0x00000358       0x2c CMakeFiles/led.dir/C_/Users/ktkuru/Documents/Pico_SDK_v1.5.1/pico-sdk/src/rp2_common/pico_printf/printf.c.obj
 .ARM.attributes
                0x00000384       0x22 CMakeFiles/led.dir/C_/Users/ktkuru/Documents/Pico_SDK_v1.5.1/pico-sdk/src/rp2_common/pico_bit_ops/bit_ops_aeabi.S.obj
 .ARM.attributes
                0x000003a6       0x2c CMakeFiles/led.dir/C_/Users/ktkuru/Documents/Pico_SDK_v1.5.1/pico-sdk/src/rp2_common/pico_bootrom/bootrom.c.obj
 .ARM.attributes
                0x000003d2       0x22 CMakeFiles/led.dir/C_/Users/ktkuru/Documents/Pico_SDK_v1.5.1/pico-sdk/src/rp2_common/pico_divider/divider.S.obj
 .ARM.attributes
                0x000003f4       0x22 CMakeFiles/led.dir/C_/Users/ktkuru/Documents/Pico_SDK_v1.5.1/pico-sdk/src/rp2_common/pico_double/double_aeabi.S.obj
 .ARM.attributes
                0x00000416       0x2c CMakeFiles/led.dir/C_/Users/ktkuru/Documents/Pico_SDK_v1.5.1/pico-sdk/src/rp2_common/pico_double/double_init_rom.c.obj
 .ARM.attributes
                0x00000442       0x22 CMakeFiles/led.dir/C_/Users/ktkuru/Documents/Pico_SDK_v1.5.1/pico-sdk/src/rp2_common/pico_double/double_v1_rom_shim.S.obj
 .ARM.attributes
                0x00000464       0x22 CMakeFiles/led.dir/C_/Users/ktkuru/Documents/Pico_SDK_v1.5.1/pico-sdk/src/rp2_common/pico_int64_ops/pico_int64_ops_aeabi.S.obj
 .ARM.attributes
                0x00000486       0x22 CMakeFiles/led.dir/C_/Users/ktkuru/Documents/Pico_SDK_v1.5.1/pico-sdk/src/rp2_common/pico_float/float_aeabi.S.obj
 .ARM.attributes
                0x000004a8       0x2c CMakeFiles/led.dir/C_/Users/ktkuru/Documents/Pico_SDK_v1.5.1/pico-sdk/src/rp2_common/pico_float/float_init_rom.c.obj
 .ARM.attributes
                0x000004d4       0x22 CMakeFiles/led.dir/C_/Users/ktkuru/Documents/Pico_SDK_v1.5.1/pico-sdk/src/rp2_common/pico_float/float_v1_rom_shim.S.obj
 .ARM.attributes
                0x000004f6       0x22 CMakeFiles/led.dir/C_/Users/ktkuru/Documents/Pico_SDK_v1.5.1/pico-sdk/src/rp2_common/pico_mem_ops/mem_ops_aeabi.S.obj
 .ARM.attributes
                0x00000518       0x22 CMakeFiles/led.dir/C_/Users/ktkuru/Documents/Pico_SDK_v1.5.1/pico-sdk/src/rp2_common/pico_standard_link/crt0.S.obj
 .ARM.attributes
                0x0000053a       0x2c CMakeFiles/led.dir/C_/Users/ktkuru/Documents/Pico_SDK_v1.5.1/pico-sdk/src/rp2_common/pico_standard_link/binary_info.c.obj
 .ARM.attributes
                0x00000566       0x2c CMakeFiles/led.dir/C_/Users/ktkuru/Documents/Pico_SDK_v1.5.1/pico-sdk/src/rp2_common/pico_stdio/stdio.c.obj
 .ARM.attributes
                0x00000592       0x2c CMakeFiles/led.dir/C_/Users/ktkuru/Documents/Pico_SDK_v1.5.1/pico-sdk/src/rp2_common/pico_stdio_uart/stdio_uart.c.obj
 .ARM.attributes
                0x000005be       0x22 C:\Users\ktkuru\AppData\Local\Temp\ccuOyzx8.o
 .ARM.attributes
                0x000005e0       0x1e C:/PROGRA~2/ARMGNU~1/133167~1.3RE/bin/../lib/gcc/arm-none-eabi/13.3.1/thumb/v6-m/nofp\libgcc.a(_dvmd_tls.o)
 .ARM.attributes
                0x000005fe       0x2c C:/PROGRA~2/ARMGNU~1/133167~1.3RE/bin/../lib/gcc/arm-none-eabi/13.3.1/thumb/v6-m/nofp\libg.a(libc_a-strlen-stub.o)
 .ARM.attributes
                0x0000062a       0x2c C:/PROGRA~2/ARMGNU~1/133167~1.3RE/bin/../lib/gcc/arm-none-eabi/13.3.1/thumb/v6-m/nofp/crtend.o

.comment        0x00000000       0x45
 .comment       0x00000000       0x45 CMakeFiles/led.dir/led.c.obj
                                 0x46 (size before relaxing)
 .comment       0x00000045       0x46 CMakeFiles/led.dir/C_/Users/ktkuru/Documents/Pico_SDK_v1.5.1/pico-sdk/src/rp2_common/hardware_gpio/gpio.c.obj
 .comment       0x00000045       0x46 CMakeFiles/led.dir/C_/Users/ktkuru/Documents/Pico_SDK_v1.5.1/pico-sdk/src/rp2_common/pico_platform/platform.c.obj
 .comment       0x00000045       0x46 CMakeFiles/led.dir/C_/Users/ktkuru/Documents/Pico_SDK_v1.5.1/pico-sdk/src/rp2_common/hardware_claim/claim.c.obj
 .comment       0x00000045       0x46 CMakeFiles/led.dir/C_/Users/ktkuru/Documents/Pico_SDK_v1.5.1/pico-sdk/src/rp2_common/hardware_sync/sync.c.obj
 .comment       0x00000045       0x46 CMakeFiles/led.dir/C_/Users/ktkuru/Documents/Pico_SDK_v1.5.1/pico-sdk/src/rp2_common/hardware_irq/irq.c.obj
 .comment       0x00000045       0x46 CMakeFiles/led.dir/C_/Users/ktkuru/Documents/Pico_SDK_v1.5.1/pico-sdk/src/common/pico_sync/lock_core.c.obj
 .comment       0x00000045       0x46 CMakeFiles/led.dir/C_/Users/ktkuru/Documents/Pico_SDK_v1.5.1/pico-sdk/src/common/pico_sync/mutex.c.obj
 .comment       0x00000045       0x46 CMakeFiles/led.dir/C_/Users/ktkuru/Documents/Pico_SDK_v1.5.1/pico-sdk/src/common/pico_time/time.c.obj
 .comment       0x00000045       0x46 CMakeFiles/led.dir/C_/Users/ktkuru/Documents/Pico_SDK_v1.5.1/pico-sdk/src/rp2_common/hardware_timer/timer.c.obj
 .comment       0x00000045       0x46 CMakeFiles/led.dir/C_/Users/ktkuru/Documents/Pico_SDK_v1.5.1/pico-sdk/src/common/pico_util/pheap.c.obj
 .comment       0x00000045       0x46 CMakeFiles/led.dir/C_/Users/ktkuru/Documents/Pico_SDK_v1.5.1/pico-sdk/src/rp2_common/hardware_uart/uart.c.obj
 .comment       0x00000045       0x46 CMakeFiles/led.dir/C_/Users/ktkuru/Documents/Pico_SDK_v1.5.1/pico-sdk/src/rp2_common/hardware_clocks/clocks.c.obj
 .comment       0x00000045       0x46 CMakeFiles/led.dir/C_/Users/ktkuru/Documents/Pico_SDK_v1.5.1/pico-sdk/src/rp2_common/hardware_pll/pll.c.obj
 .comment       0x00000045       0x46 CMakeFiles/led.dir/C_/Users/ktkuru/Documents/Pico_SDK_v1.5.1/pico-sdk/src/rp2_common/hardware_watchdog/watchdog.c.obj
 .comment       0x00000045       0x46 CMakeFiles/led.dir/C_/Users/ktkuru/Documents/Pico_SDK_v1.5.1/pico-sdk/src/rp2_common/hardware_xosc/xosc.c.obj
 .comment       0x00000045       0x46 CMakeFiles/led.dir/C_/Users/ktkuru/Documents/Pico_SDK_v1.5.1/pico-sdk/src/rp2_common/pico_runtime/runtime.c.obj
 .comment       0x00000045       0x46 CMakeFiles/led.dir/C_/Users/ktkuru/Documents/Pico_SDK_v1.5.1/pico-sdk/src/rp2_common/pico_printf/printf.c.obj
 .comment       0x00000045       0x46 CMakeFiles/led.dir/C_/Users/ktkuru/Documents/Pico_SDK_v1.5.1/pico-sdk/src/rp2_common/pico_bootrom/bootrom.c.obj
 .comment       0x00000045       0x46 CMakeFiles/led.dir/C_/Users/ktkuru/Documents/Pico_SDK_v1.5.1/pico-sdk/src/rp2_common/pico_double/double_init_rom.c.obj
 .comment       0x00000045       0x46 CMakeFiles/led.dir/C_/Users/ktkuru/Documents/Pico_SDK_v1.5.1/pico-sdk/src/rp2_common/pico_float/float_init_rom.c.obj
 .comment       0x00000045       0x46 CMakeFiles/led.dir/C_/Users/ktkuru/Documents/Pico_SDK_v1.5.1/pico-sdk/src/rp2_common/pico_standard_link/binary_info.c.obj
 .comment       0x00000045       0x46 CMakeFiles/led.dir/C_/Users/ktkuru/Documents/Pico_SDK_v1.5.1/pico-sdk/src/rp2_common/pico_stdio/stdio.c.obj
 .comment       0x00000045       0x46 CMakeFiles/led.dir/C_/Users/ktkuru/Documents/Pico_SDK_v1.5.1/pico-sdk/src/rp2_common/pico_stdio_uart/stdio_uart.c.obj

.debug_info     0x00000000    0x145e4
 .debug_info    0x00000000      0x5dd CMakeFiles/led.dir/led.c.obj
 .debug_info    0x000005dd     0x184b CMakeFiles/led.dir/C_/Users/ktkuru/Documents/Pico_SDK_v1.5.1/pico-sdk/src/rp2_common/hardware_gpio/gpio.c.obj
 .debug_info    0x00001e28      0x1fb CMakeFiles/led.dir/C_/Users/ktkuru/Documents/Pico_SDK_v1.5.1/pico-sdk/src/rp2_common/pico_platform/platform.c.obj
 .debug_info    0x00002023      0x69a CMakeFiles/led.dir/C_/Users/ktkuru/Documents/Pico_SDK_v1.5.1/pico-sdk/src/rp2_common/hardware_claim/claim.c.obj
 .debug_info    0x000026bd      0x5fa CMakeFiles/led.dir/C_/Users/ktkuru/Documents/Pico_SDK_v1.5.1/pico-sdk/src/rp2_common/hardware_sync/sync.c.obj
 .debug_info    0x00002cb7     0x1c43 CMakeFiles/led.dir/C_/Users/ktkuru/Documents/Pico_SDK_v1.5.1/pico-sdk/src/rp2_common/hardware_irq/irq.c.obj
 .debug_info    0x000048fa      0x1a3 CMakeFiles/led.dir/C_/Users/ktkuru/Documents/Pico_SDK_v1.5.1/pico-sdk/src/common/pico_sync/lock_core.c.obj
 .debug_info    0x00004a9d     0x1d29 CMakeFiles/led.dir/C_/Users/ktkuru/Documents/Pico_SDK_v1.5.1/pico-sdk/src/common/pico_sync/mutex.c.obj
 .debug_info    0x000067c6     0x33f9 CMakeFiles/led.dir/C_/Users/ktkuru/Documents/Pico_SDK_v1.5.1/pico-sdk/src/common/pico_time/time.c.obj
 .debug_info    0x00009bbf     0x145b CMakeFiles/led.dir/C_/Users/ktkuru/Documents/Pico_SDK_v1.5.1/pico-sdk/src/rp2_common/hardware_timer/timer.c.obj
 .debug_info    0x0000b01a      0xe82 CMakeFiles/led.dir/C_/Users/ktkuru/Documents/Pico_SDK_v1.5.1/pico-sdk/src/common/pico_util/pheap.c.obj
 .debug_info    0x0000be9c      0xd98 CMakeFiles/led.dir/C_/Users/ktkuru/Documents/Pico_SDK_v1.5.1/pico-sdk/src/rp2_common/hardware_uart/uart.c.obj
 .debug_info    0x0000cc34      0xfe7 CMakeFiles/led.dir/C_/Users/ktkuru/Documents/Pico_SDK_v1.5.1/pico-sdk/src/rp2_common/hardware_clocks/clocks.c.obj
 .debug_info    0x0000dc1b      0x505 CMakeFiles/led.dir/C_/Users/ktkuru/Documents/Pico_SDK_v1.5.1/pico-sdk/src/rp2_common/hardware_pll/pll.c.obj
 .debug_info    0x0000e120      0x4d8 CMakeFiles/led.dir/C_/Users/ktkuru/Documents/Pico_SDK_v1.5.1/pico-sdk/src/rp2_common/hardware_watchdog/watchdog.c.obj
 .debug_info    0x0000e5f8      0x1c7 CMakeFiles/led.dir/C_/Users/ktkuru/Documents/Pico_SDK_v1.5.1/pico-sdk/src/rp2_common/hardware_xosc/xosc.c.obj
 .debug_info    0x0000e7bf      0xf23 CMakeFiles/led.dir/C_/Users/ktkuru/Documents/Pico_SDK_v1.5.1/pico-sdk/src/rp2_common/pico_runtime/runtime.c.obj
 .debug_info    0x0000f6e2     0x19db CMakeFiles/led.dir/C_/Users/ktkuru/Documents/Pico_SDK_v1.5.1/pico-sdk/src/rp2_common/pico_printf/printf.c.obj
 .debug_info    0x000110bd       0x23 CMakeFiles/led.dir/C_/Users/ktkuru/Documents/Pico_SDK_v1.5.1/pico-sdk/src/rp2_common/pico_bit_ops/bit_ops_aeabi.S.obj
 .debug_info    0x000110e0      0x331 CMakeFiles/led.dir/C_/Users/ktkuru/Documents/Pico_SDK_v1.5.1/pico-sdk/src/rp2_common/pico_bootrom/bootrom.c.obj
 .debug_info    0x00011411       0x23 CMakeFiles/led.dir/C_/Users/ktkuru/Documents/Pico_SDK_v1.5.1/pico-sdk/src/rp2_common/pico_divider/divider.S.obj
 .debug_info    0x00011434       0x23 CMakeFiles/led.dir/C_/Users/ktkuru/Documents/Pico_SDK_v1.5.1/pico-sdk/src/rp2_common/pico_double/double_aeabi.S.obj
 .debug_info    0x00011457      0x33b CMakeFiles/led.dir/C_/Users/ktkuru/Documents/Pico_SDK_v1.5.1/pico-sdk/src/rp2_common/pico_double/double_init_rom.c.obj
 .debug_info    0x00011792       0x23 CMakeFiles/led.dir/C_/Users/ktkuru/Documents/Pico_SDK_v1.5.1/pico-sdk/src/rp2_common/pico_double/double_v1_rom_shim.S.obj
 .debug_info    0x000117b5       0x24 CMakeFiles/led.dir/C_/Users/ktkuru/Documents/Pico_SDK_v1.5.1/pico-sdk/src/rp2_common/pico_int64_ops/pico_int64_ops_aeabi.S.obj
 .debug_info    0x000117d9       0x23 CMakeFiles/led.dir/C_/Users/ktkuru/Documents/Pico_SDK_v1.5.1/pico-sdk/src/rp2_common/pico_float/float_aeabi.S.obj
 .debug_info    0x000117fc      0x34f CMakeFiles/led.dir/C_/Users/ktkuru/Documents/Pico_SDK_v1.5.1/pico-sdk/src/rp2_common/pico_float/float_init_rom.c.obj
 .debug_info    0x00011b4b       0x23 CMakeFiles/led.dir/C_/Users/ktkuru/Documents/Pico_SDK_v1.5.1/pico-sdk/src/rp2_common/pico_float/float_v1_rom_shim.S.obj
 .debug_info    0x00011b6e       0x23 CMakeFiles/led.dir/C_/Users/ktkuru/Documents/Pico_SDK_v1.5.1/pico-sdk/src/rp2_common/pico_mem_ops/mem_ops_aeabi.S.obj
 .debug_info    0x00011b91       0x23 CMakeFiles/led.dir/C_/Users/ktkuru/Documents/Pico_SDK_v1.5.1/pico-sdk/src/rp2_common/pico_standard_link/crt0.S.obj
 .debug_info    0x00011bb4      0x2b8 CMakeFiles/led.dir/C_/Users/ktkuru/Documents/Pico_SDK_v1.5.1/pico-sdk/src/rp2_common/pico_standard_link/binary_info.c.obj
 .debug_info    0x00011e6c     0x1743 CMakeFiles/led.dir/C_/Users/ktkuru/Documents/Pico_SDK_v1.5.1/pico-sdk/src/rp2_common/pico_stdio/stdio.c.obj
 .debug_info    0x000135af     0x1035 CMakeFiles/led.dir/C_/Users/ktkuru/Documents/Pico_SDK_v1.5.1/pico-sdk/src/rp2_common/pico_stdio_uart/stdio_uart.c.obj

.debug_abbrev   0x00000000     0x45cd
 .debug_abbrev  0x00000000      0x1d1 CMakeFiles/led.dir/led.c.obj
 .debug_abbrev  0x000001d1      0x3a6 CMakeFiles/led.dir/C_/Users/ktkuru/Documents/Pico_SDK_v1.5.1/pico-sdk/src/rp2_common/hardware_gpio/gpio.c.obj
 .debug_abbrev  0x00000577       0xf8 CMakeFiles/led.dir/C_/Users/ktkuru/Documents/Pico_SDK_v1.5.1/pico-sdk/src/rp2_common/pico_platform/platform.c.obj
 .debug_abbrev  0x0000066f      0x2ce CMakeFiles/led.dir/C_/Users/ktkuru/Documents/Pico_SDK_v1.5.1/pico-sdk/src/rp2_common/hardware_claim/claim.c.obj
 .debug_abbrev  0x0000093d      0x249 CMakeFiles/led.dir/C_/Users/ktkuru/Documents/Pico_SDK_v1.5.1/pico-sdk/src/rp2_common/hardware_sync/sync.c.obj
 .debug_abbrev  0x00000b86      0x500 CMakeFiles/led.dir/C_/Users/ktkuru/Documents/Pico_SDK_v1.5.1/pico-sdk/src/rp2_common/hardware_irq/irq.c.obj
 .debug_abbrev  0x00001086      0x116 CMakeFiles/led.dir/C_/Users/ktkuru/Documents/Pico_SDK_v1.5.1/pico-sdk/src/common/pico_sync/lock_core.c.obj
 .debug_abbrev  0x0000119c      0x3f1 CMakeFiles/led.dir/C_/Users/ktkuru/Documents/Pico_SDK_v1.5.1/pico-sdk/src/common/pico_sync/mutex.c.obj
 .debug_abbrev  0x0000158d      0x5c3 CMakeFiles/led.dir/C_/Users/ktkuru/Documents/Pico_SDK_v1.5.1/pico-sdk/src/common/pico_time/time.c.obj
 .debug_abbrev  0x00001b50      0x3d5 CMakeFiles/led.dir/C_/Users/ktkuru/Documents/Pico_SDK_v1.5.1/pico-sdk/src/rp2_common/hardware_timer/timer.c.obj
 .debug_abbrev  0x00001f25      0x290 CMakeFiles/led.dir/C_/Users/ktkuru/Documents/Pico_SDK_v1.5.1/pico-sdk/src/common/pico_util/pheap.c.obj
 .debug_abbrev  0x000021b5      0x349 CMakeFiles/led.dir/C_/Users/ktkuru/Documents/Pico_SDK_v1.5.1/pico-sdk/src/rp2_common/hardware_uart/uart.c.obj